Archive member included to satisfy reference by file (symbol)

app/libapp.a(shmem.c.obj)     (--whole-archive)
app/libapp.a(startup.c.obj)   (--whole-archive)
app/libapp.a(main.c.obj)      (--whole-archive)
app/libapp.a(rtc.c.obj)       (--whole-archive)
app/libapp.a(accelerometer.c.obj)
                              (--whole-archive)
zephyr/libzephyr.a(heap.c.obj)
                              (--whole-archive)
zephyr/libzephyr.a(cbprintf_packaged.c.obj)
                              (--whole-archive)
zephyr/libzephyr.a(printk.c.obj)
                              (--whole-archive)
zephyr/libzephyr.a(sem.c.obj)
                              (--whole-archive)
zephyr/libzephyr.a(thread_entry.c.obj)
                              (--whole-archive)
zephyr/libzephyr.a(fdtable.c.obj)
                              (--whole-archive)
zephyr/libzephyr.a(cbprintf_complete.c.obj)
                              (--whole-archive)
zephyr/libzephyr.a(cbprintf.c.obj)
                              (--whole-archive)
zephyr/libzephyr.a(assert.c.obj)
                              (--whole-archive)
zephyr/libzephyr.a(dec.c.obj)
                              (--whole-archive)
zephyr/libzephyr.a(hex.c.obj)
                              (--whole-archive)
zephyr/libzephyr.a(rb.c.obj)  (--whole-archive)
zephyr/libzephyr.a(timeutil.c.obj)
                              (--whole-archive)
zephyr/libzephyr.a(bitarray.c.obj)
                              (--whole-archive)
zephyr/libzephyr.a(onoff.c.obj)
                              (--whole-archive)
zephyr/libzephyr.a(notify.c.obj)
                              (--whole-archive)
zephyr/libzephyr.a(configs.c.obj)
                              (--whole-archive)
zephyr/libzephyr.a(log_core.c.obj)
                              (--whole-archive)
zephyr/libzephyr.a(log_mgmt.c.obj)
                              (--whole-archive)
zephyr/libzephyr.a(log_cache.c.obj)
                              (--whole-archive)
zephyr/libzephyr.a(log_msg.c.obj)
                              (--whole-archive)
zephyr/libzephyr.a(log_output.c.obj)
                              (--whole-archive)
zephyr/libzephyr.a(log_backend_uart.c.obj)
                              (--whole-archive)
zephyr/libzephyr.a(mem_attr.c.obj)
                              (--whole-archive)
zephyr/libzephyr.a(tracing_none.c.obj)
                              (--whole-archive)
zephyr/libzephyr.a(addr_utils.c.obj)
                              (--whole-archive)
zephyr/libzephyr.a(sntp.c.obj)
                              (--whole-archive)
zephyr/libzephyr.a(sntp_simple.c.obj)
                              (--whole-archive)
zephyr/libzephyr.a(banner.c.obj)
                              (--whole-archive)
zephyr/libzephyr.a(flash_map_partition_manager.c.obj)
                              (--whole-archive)
zephyr/arch/common/libarch__common.a(sw_isr_common.c.obj)
                              (--whole-archive)
zephyr/arch/arch/arm/core/libarch__arm__core.a(fatal.c.obj)
                              (--whole-archive)
zephyr/arch/arch/arm/core/libarch__arm__core.a(nmi.c.obj)
                              (--whole-archive)
zephyr/arch/arch/arm/core/libarch__arm__core.a(nmi_on_reset.S.obj)
                              (--whole-archive)
zephyr/arch/arch/arm/core/cortex_m/libarch__arm__core__cortex_m.a(exc_exit.c.obj)
                              (--whole-archive)
zephyr/arch/arch/arm/core/cortex_m/libarch__arm__core__cortex_m.a(fault.c.obj)
                              (--whole-archive)
zephyr/arch/arch/arm/core/cortex_m/libarch__arm__core__cortex_m.a(fault_s.S.obj)
                              (--whole-archive)
zephyr/arch/arch/arm/core/cortex_m/libarch__arm__core__cortex_m.a(fpu.c.obj)
                              (--whole-archive)
zephyr/arch/arch/arm/core/cortex_m/libarch__arm__core__cortex_m.a(reset.S.obj)
                              (--whole-archive)
zephyr/arch/arch/arm/core/cortex_m/libarch__arm__core__cortex_m.a(scb.c.obj)
                              (--whole-archive)
zephyr/arch/arch/arm/core/cortex_m/libarch__arm__core__cortex_m.a(thread_abort.c.obj)
                              (--whole-archive)
zephyr/arch/arch/arm/core/cortex_m/libarch__arm__core__cortex_m.a(vector_table.S.obj)
                              (--whole-archive)
zephyr/arch/arch/arm/core/cortex_m/libarch__arm__core__cortex_m.a(swap.c.obj)
                              (--whole-archive)
zephyr/arch/arch/arm/core/cortex_m/libarch__arm__core__cortex_m.a(swap_helper.S.obj)
                              (--whole-archive)
zephyr/arch/arch/arm/core/cortex_m/libarch__arm__core__cortex_m.a(irq_manage.c.obj)
                              (--whole-archive)
zephyr/arch/arch/arm/core/cortex_m/libarch__arm__core__cortex_m.a(prep_c.c.obj)
                              (--whole-archive)
zephyr/arch/arch/arm/core/cortex_m/libarch__arm__core__cortex_m.a(thread.c.obj)
                              (--whole-archive)
[...]
Memory Configuration

Name             Origin             Length             Attributes
FLASH            0x0000000000018000 0x0000000000070000 xr
RAM              0x000000002000c568 0x0000000000033a98 xw
IDT_LIST         0x00000000ffff7fff 0x0000000000008000 xw
*default*        0x0000000000000000 0xffffffffffffffff

Linker script and memory map

LOAD zephyr/CMakeFiles/zephyr_final.dir/misc/empty_file.c.obj
LOAD zephyr/CMakeFiles/zephyr_final.dir/isr_tables.c.obj
LOAD zephyr/CMakeFiles/offsets.dir/./arch/arm/core/offsets/offsets.c.obj
LOAD tfm/api_ns/interface/lib/s_veneers.o
LOAD app/libapp.a
LOAD zephyr/libzephyr.a
LOAD zephyr/arch/common/libarch__common.a
LOAD zephyr/arch/arch/arm/core/libarch__arm__core.a
LOAD zephyr/arch/arch/arm/core/cortex_m/libarch__arm__core__cortex_m.a
LOAD zephyr/arch/arch/arm/core/cortex_m/cmse/libarch__arm__core__cortex_m__cmse.a
LOAD zephyr/arch/arch/arm/core/mpu/libarch__arm__core__mpu.a
LOAD zephyr/lib/libc/newlib/liblib__libc__newlib.a
LOAD zephyr/lib/libc/common/liblib__libc__common.a
LOAD zephyr/lib/posix/options/liblib__posix__options.a
LOAD zephyr/soc/soc/nrf9160/libsoc__nordic.a
LOAD zephyr/boards/actinius/icarus/actinius_common/libboards__actinius__common.a
LOAD zephyr/subsys/random/libsubsys__random.a
LOAD zephyr/subsys/net/libsubsys__net.a
LOAD zephyr/subsys/net/l2/offloaded_netdev/libsubsys__net__l2__offloaded_netdev.a
LOAD zephyr/subsys/net/ip/libsubsys__net__ip.a
LOAD zephyr/drivers/adc/libdrivers__adc.a
LOAD zephyr/drivers/clock_control/libdrivers__clock_control.a
LOAD zephyr/drivers/console/libdrivers__console.a
LOAD zephyr/drivers/counter/libdrivers__counter.a
LOAD zephyr/drivers/entropy/libdrivers__entropy.a
LOAD zephyr/drivers/gpio/libdrivers__gpio.a
LOAD zephyr/drivers/i2c/libdrivers__i2c.a
LOAD zephyr/drivers/pinctrl/libdrivers__pinctrl.a
LOAD zephyr/drivers/rtc/libdrivers__rtc.a
LOAD zephyr/drivers/sensor/st/lis2dh/libdrivers__sensor__st__lis2dh.a
LOAD zephyr/drivers/sensor/voltage_divider/libdrivers__sensor__voltage_divider.a
LOAD zephyr/drivers/serial/libdrivers__serial.a
LOAD zephyr/drivers/timer/libdrivers__timer.a
LOAD modules/nrf/lib/nrf_modem_lib/lib..__nrf__lib__nrf_modem_lib.a
LOAD modules/nrf/lib/at_monitor/lib..__nrf__lib__at_monitor.a
LOAD modules/nrf/lib/at_host/lib..__nrf__lib__at_host.a
LOAD modules/nrf/lib/at_cmd_parser/lib..__nrf__lib__at_cmd_parser.a
LOAD modules/nrf/lib/lte_link_control/lib..__nrf__lib__lte_link_control.a
LOAD modules/nrf/lib/date_time/lib..__nrf__lib__date_time.a
LOAD modules/nrf/subsys/nrf_security/src/zephyr/libmbedtls_zephyr.a
LOAD modules/nrf/modules/trusted-firmware-m/lib..__nrf__modules__trusted-firmware-m.a
LOAD modules/nrf/modules/trusted-firmware-m/libtfm_api_nrf.a
LOAD modules/trusted-firmware-m/libtfm_api.a
LOAD modules/hal_nordic/nrfx/libmodules__hal_nordic__nrfx.a
LOAD C:/ncs/v2.7.0/nrfxlib/nrf_modem/lib/cellular/nrf9160/hard-float/libmodem.a
LOAD zephyr/kernel/libkernel.a
LOAD c:/ncs/toolchains/ce3b5ff664/opt/zephyr-sdk/arm-zephyr-eabi/bin/../lib/gcc/arm-zephyr-eabi/12.2.0/thumb/v8-m.main+fp/hard\libgcc.a
LOAD zephyr/arch/common/libisr_tables.a
LOAD C:/ncs/toolchains/ce3b5ff664/opt/zephyr-sdk/arm-zephyr-eabi/arm-zephyr-eabi/lib/thumb/v8-m.main+fp/hard\libm_nano.a
LOAD C:/ncs/toolchains/ce3b5ff664/opt/zephyr-sdk/arm-zephyr-eabi/arm-zephyr-eabi/lib/thumb/v8-m.main+fp/hard\libc_nano.a
LOAD c:/ncs/toolchains/ce3b5ff664/opt/zephyr-sdk/arm-zephyr-eabi/bin/../lib/gcc/arm-zephyr-eabi/12.2.0/thumb/v8-m.main+fp/hard\libgcc.a
LOAD C:/ncs/toolchains/ce3b5ff664/opt/zephyr-sdk/arm-zephyr-eabi/arm-zephyr-eabi/lib/thumb/v8-m.main+fp/hard\libc_nano.a
LOAD modules/nrf/subsys/nrf_security/src/libmbedcrypto.a
LOAD C:/ncs/v2.7.0/nrfxlib/crypto/nrf_oberon/lib/cortex-m33/hard-float/liboberon_mbedtls_3.0.15.a
LOAD modules/nrf/subsys/nrf_security/src/libmbedcrypto_base.a
LOAD C:/ncs/v2.7.0/nrfxlib/crypto/nrf_oberon/lib/cortex-m33/hard-float/liboberon_3.0.15.a
LOAD C:/ncs/toolchains/ce3b5ff664/opt/zephyr-sdk/arm-zephyr-eabi/arm-zephyr-eabi/lib/thumb/v8-m.main+fp/hard\libc_nano.a
                0x0000000000000020                _region_min_align = 0x20

.rel.plt        0x0000000000018000        0x0
 *(SORT_BY_ALIGNMENT(.rel.plt))
                [!provide]                        PROVIDE (__rel_iplt_start = .)
 *(SORT_BY_ALIGNMENT(.rel.iplt))
 .rel.iplt      0x0000000000018000        0x0 zephyr/CMakeFiles/zephyr_final.dir/isr_tables.c.obj
                [!provide]                        PROVIDE (__rel_iplt_end = .)

.rela.plt       0x0000000000000000        0x0
 *(SORT_BY_ALIGNMENT(.rela.plt))
                [!provide]                        PROVIDE (__rela_iplt_start = .)
 *(SORT_BY_ALIGNMENT(.rela.iplt))
                [!provide]                        PROVIDE (__rela_iplt_end = .)

.rel.dyn
 *(SORT_BY_ALIGNMENT(.rel.*))

.rela.dyn
 *(SORT_BY_ALIGNMENT(.rela.*))

/DISCARD/
 *(SORT_BY_ALIGNMENT(.plt))

/DISCARD/
 *(SORT_BY_ALIGNMENT(.iplt))
                0x0000000000018000                __rom_region_start = 0x18000

rom_start       0x0000000000018000      0x144
                0x0000000000018000                __rom_start_address = .
 FILL mask 0x00
                0x0000000000018000                . = (. + (0x0 - (. - __rom_start_address)))
                0x0000000000018000                . = ALIGN (0x4)
                0x0000000000018000                . = ALIGN (0x80)
                0x0000000000018000                . = ALIGN (0x200)
                0x0000000000018000                _vector_start = .
 *(SORT_BY_ALIGNMENT(.exc_vector_table))
 *(SORT_BY_ALIGNMENT(.exc_vector_table.*))
 .exc_vector_table._vector_table_section
                0x0000000000018000       0x40 zephyr/arch/arch/arm/core/cortex_m/libarch__arm__core__cortex_m.a(vector_table.S.obj)
                0x0000000000018000                _vector_table
 *(SORT_BY_ALIGNMENT(.vectors))
                0x0000000000018144                _vector_end = .
                0x0000000000018040                . = ALIGN (0x4)
 *(SORT_BY_ALIGNMENT(.gnu.linkonce.irq_vector_table*))
 .gnu.linkonce.irq_vector_table
                0x0000000000018040      0x104 zephyr/CMakeFiles/zephyr_final.dir/isr_tables.c.obj
                0x0000000000018040                _irq_vector_table
                0x0000000000018144                _vector_end = .

text            0x0000000000018148    0x17508
                0x0000000000018148                __text_region_start = .
 *(SORT_BY_ALIGNMENT(.text))
 .text          0x0000000000018148      0x378 c:/ncs/toolchains/ce3b5ff664/opt/zephyr-sdk/arm-zephyr-eabi/bin/../lib/gcc/arm-zephyr-eabi/12.2.0/thumb/v8-m.main+fp/hard\libgcc.a(_arm_addsubdf3.o)
                0x0000000000018148                __aeabi_drsub
                0x0000000000018150                __aeabi_dsub
                0x0000000000018150                __subdf3
                0x0000000000018154                __aeabi_dadd
                0x0000000000018154                __adddf3
                0x00000000000183cc                __floatunsidf
                0x00000000000183cc                __aeabi_ui2d
                0x00000000000183ec                __floatsidf
                0x00000000000183ec                __aeabi_i2d
                0x0000000000018410                __aeabi_f2d
                0x0000000000018410                __extendsfdf2
                0x0000000000018454                __floatundidf
                0x0000000000018454                __aeabi_ul2d
                0x0000000000018464                __floatdidf
                0x0000000000018464                __aeabi_l2d
 .text          0x00000000000184c0      0x424 c:/ncs/toolchains/ce3b5ff664/opt/zephyr-sdk/arm-zephyr-eabi/bin/../lib/gcc/arm-zephyr-eabi/12.2.0/thumb/v8-m.main+fp/hard\libgcc.a(_arm_muldivdf3.o)
                0x00000000000184c0                __aeabi_dmul
                0x00000000000184c0                __muldf3
                0x0000000000018714                __divdf3
                0x0000000000018714                __aeabi_ddiv
 .text          0x00000000000188e4       0xa0 c:/ncs/toolchains/ce3b5ff664/opt/zephyr-sdk/arm-zephyr-eabi/bin/../lib/gcc/arm-zephyr-eabi/12.2.0/thumb/v8-m.main+fp/hard\libgcc.a(_arm_truncdfsf2.o)
                0x00000000000188e4                __truncdfsf2
                0x00000000000188e4                __aeabi_d2f
 .text          0x0000000000018984       0xa0 c:/ncs/toolchains/ce3b5ff664/opt/zephyr-sdk/arm-zephyr-eabi/bin/../lib/gcc/arm-zephyr-eabi/12.2.0/thumb/v8-m.main+fp/hard\libgcc.a(_aeabi_ldivmod.o)
                0x0000000000018984                __aeabi_ldivmod
 .text          0x0000000000018a24       0x30 c:/ncs/toolchains/ce3b5ff664/opt/zephyr-sdk/arm-zephyr-eabi/bin/../lib/gcc/arm-zephyr-eabi/12.2.0/thumb/v8-m.main+fp/hard\libgcc.a(_aeabi_uldivmod.o)
                0x0000000000018a24                __aeabi_uldivmod
 .text          0x0000000000018a54        0x4 c:/ncs/toolchains/ce3b5ff664/opt/zephyr-sdk/arm-zephyr-eabi/bin/../lib/gcc/arm-zephyr-eabi/12.2.0/thumb/v8-m.main+fp/hard\libgcc.a(_dvmd_tls.o)
                0x0000000000018a54                __aeabi_idiv0
                0x0000000000018a54                __aeabi_ldiv0
 .text          0x0000000000018a58      0x110 c:/ncs/toolchains/ce3b5ff664/opt/zephyr-sdk/arm-zephyr-eabi/bin/../lib/gcc/arm-zephyr-eabi/12.2.0/thumb/v8-m.main+fp/hard\libgcc.a(_arm_cmpdf2.o)
                0x0000000000018a58                __gtdf2
                0x0000000000018a58                __gedf2
                0x0000000000018a60                __ltdf2
                0x0000000000018a60                __ledf2
                0x0000000000018a68                __nedf2
                0x0000000000018a68                __eqdf2
                0x0000000000018a68                __cmpdf2
                0x0000000000018ae4                __aeabi_cdrcmple
                0x0000000000018af4                __aeabi_cdcmpeq
                0x0000000000018af4                __aeabi_cdcmple
                0x0000000000018b04                __aeabi_dcmpeq
                0x0000000000018b18                __aeabi_dcmplt
                0x0000000000018b2c                __aeabi_dcmple
                0x0000000000018b40                __aeabi_dcmpge
                0x0000000000018b54                __aeabi_dcmpgt
 .text          0x0000000000018b68       0x2c c:/ncs/toolchains/ce3b5ff664/opt/zephyr-sdk/arm-zephyr-eabi/bin/../lib/gcc/arm-zephyr-eabi/12.2.0/thumb/v8-m.main+fp/hard\libgcc.a(_arm_unorddf2.o)
                0x0000000000018b68                __unorddf2
                0x0000000000018b68                __aeabi_dcmpun
 .text          0x0000000000018b94       0x50 c:/ncs/toolchains/ce3b5ff664/opt/zephyr-sdk/arm-zephyr-eabi/bin/../lib/gcc/arm-zephyr-eabi/12.2.0/thumb/v8-m.main+fp/hard\libgcc.a(_arm_fixdfsi.o)
                0x0000000000018b94                __aeabi_d2iz
                0x0000000000018b94                __fixdfsi
 .text          0x0000000000018be4      0x29c c:/ncs/toolchains/ce3b5ff664/opt/zephyr-sdk/arm-zephyr-eabi/bin/../lib/gcc/arm-zephyr-eabi/12.2.0/thumb/v8-m.main+fp/hard\libgcc.a(_udivmoddi4.o)
                0x0000000000018be4                __udivmoddi4
 .text          0x0000000000018e80       0x14 C:/ncs/toolchains/ce3b5ff664/opt/zephyr-sdk/arm-zephyr-eabi/arm-zephyr-eabi/lib/thumb/v8-m.main+fp/hard\libc_nano.a(lib_a-strcmp.o)
                0x0000000000018e80                strcmp
 .text          0x0000000000018e94       0x10 C:/ncs/toolchains/ce3b5ff664/opt/zephyr-sdk/arm-zephyr-eabi/arm-zephyr-eabi/lib/thumb/v8-m.main+fp/hard\libc_nano.a(lib_a-strlen.o)
                0x0000000000018e94                strlen
 *(SORT_BY_ALIGNMENT(.text.*))
 *fill*         0x0000000000018ea4        0x4 
 .text.get_accelerometer_data
                0x0000000000018ea8       0xcc app/libapp.a(accelerometer.c.obj)
                0x0000000000018ea8                get_accelerometer_data
 *fill*         0x0000000000018f74        0x4 
 .text.z_cbvprintf_impl
                0x0000000000018f78      0xcdc zephyr/libzephyr.a(cbprintf_complete.c.obj)
                0x0000000000018f78                z_cbvprintf_impl
 *fill*         0x0000000000019c54        0x4 
 .text.clock_settime
                0x0000000000019c58       0xbc zephyr/lib/posix/options/liblib__posix__options.a(clock.c.obj)
                0x0000000000019c58                clock_settime
 *fill*         0x0000000000019d14        0x4 
 .text.parse_edrx
                0x0000000000019d18      0x218 modules/nrf/lib/lte_link_control/lib..__nrf__lib__lte_link_control.a(lte_lc_helpers.c.obj)
                0x0000000000019d18                parse_edrx
 .text._dtoa_r  0x0000000000019f30      0xc54 C:/ncs/toolchains/ce3b5ff664/opt/zephyr-sdk/arm-zephyr-eabi/arm-zephyr-eabi/lib/thumb/v8-m.main+fp/hard\libc_nano.a(lib_a-dtoa.o)
                0x0000000000019f30                _dtoa_r
 .text.gnss_event_handler
                0x000000000001ab84       0x80 app/libapp.a(main.c.obj)
 .text.date_time_evt_handler
                0x000000000001ac04        0xc app/libapp.a(main.c.obj)
 .text.main     0x000000000001ac10      0x494 app/libapp.a(main.c.obj)
                0x000000000001ac10                main
 .text.init_rtc
                0x000000000001b0a4       0x50 app/libapp.a(rtc.c.obj)
                0x000000000001b0a4                init_rtc
 .text.set_rtc_time
                0x000000000001b0f4       0x98 app/libapp.a(rtc.c.obj)
                0x000000000001b0f4                set_rtc_time
 .text.get_datetime
                0x000000000001b18c       0x74 app/libapp.a(rtc.c.obj)
                0x000000000001b18c                get_datetime
 .text.init_accelerometer
                0x000000000001b200       0x14 app/libapp.a(accelerometer.c.obj)
                0x000000000001b200                init_accelerometer
 .text.cbvprintf_package
                0x000000000001b214      0x3a4 zephyr/libzephyr.a(cbprintf_packaged.c.obj)
                0x000000000001b214                cbvprintf_package
 .text.__printk_hook_install
                0x000000000001b5b8        0xc zephyr/libzephyr.a(printk.c.obj)
                0x000000000001b5b8                __printk_hook_install
 .text.vsnprintk
                0x000000000001b5c4       0x2c zephyr/libzephyr.a(printk.c.obj)
                0x000000000001b5c4                vsnprintk
 .text._check_fd
                0x000000000001b5f0       0x2c zephyr/libzephyr.a(fdtable.c.obj)
 .text.z_fd_unref.isra.0
                0x000000000001b61c       0x40 zephyr/libzephyr.a(fdtable.c.obj)
 .text.z_get_fd_obj_and_vtable
                0x000000000001b65c       0x34 zephyr/libzephyr.a(fdtable.c.obj)
                0x000000000001b65c                z_get_fd_obj_and_vtable
 .text.z_reserve_fd
                0x000000000001b690       0x78 zephyr/libzephyr.a(fdtable.c.obj)
                0x000000000001b690                z_reserve_fd
 .text.z_finalize_fd
                0x000000000001b708       0x34 zephyr/libzephyr.a(fdtable.c.obj)
                0x000000000001b708                z_finalize_fd
 .text.read     0x000000000001b73c       0x54 zephyr/libzephyr.a(fdtable.c.obj)
                0x000000000001b73c                _read
                0x000000000001b73c                read
 .text.write    0x000000000001b790       0x54 zephyr/libzephyr.a(fdtable.c.obj)
                0x000000000001b790                _write
                0x000000000001b790                write
 .text.close    0x000000000001b7e4       0x4c zephyr/libzephyr.a(fdtable.c.obj)
                0x000000000001b7e4                _close
                0x000000000001b7e4                close
 .text.lseek    0x000000000001b830       0x38 zephyr/libzephyr.a(fdtable.c.obj)
                0x000000000001b830                _lseek
                0x000000000001b830                lseek
 .text.extract_decimal
                0x000000000001b868       0x2c zephyr/libzephyr.a(cbprintf_complete.c.obj)
 .text.encode_uint
                0x000000000001b894       0x98 zephyr/libzephyr.a(cbprintf_complete.c.obj)
 .text.timeutil_timegm64
                0x000000000001b92c       0xe8 zephyr/libzephyr.a(timeutil.c.obj)
                0x000000000001b92c                timeutil_timegm64
 .text.process_event
                0x000000000001ba14      0x21c zephyr/libzephyr.a(onoff.c.obj)
 .text.z_log_init.isra.0
                0x000000000001bc30       0xd0 zephyr/libzephyr.a(log_core.c.obj)
 .text.log_format_func_t_get
                0x000000000001bd00        0xc zephyr/libzephyr.a(log_core.c.obj)
                0x000000000001bd00                log_format_func_t_get
 .text.log_set_timestamp_func
                0x000000000001bd0c       0x20 zephyr/libzephyr.a(log_core.c.obj)
                0x000000000001bd0c                log_set_timestamp_func
 .text.log_core_init
                0x000000000001bd2c       0x28 zephyr/libzephyr.a(log_core.c.obj)
                0x000000000001bd2c                log_core_init
 .text.z_impl_log_panic
                0x000000000001bd54       0x3c zephyr/libzephyr.a(log_core.c.obj)
                0x000000000001bd54                z_impl_log_panic
 .text.z_log_dropped
                0x000000000001bd90       0x28 zephyr/libzephyr.a(log_core.c.obj)
                0x000000000001bd90                z_log_dropped
 .text.z_log_msg_commit
                0x000000000001bdb8       0x38 zephyr/libzephyr.a(log_core.c.obj)
                0x000000000001bdb8                z_log_msg_commit
 .text.log_source_name_get
                0x000000000001bdf0       0x1c zephyr/libzephyr.a(log_mgmt.c.obj)
                0x000000000001bdf0                log_source_name_get
 .text.log_backend_enable
                0x000000000001be0c       0x28 zephyr/libzephyr.a(log_mgmt.c.obj)
                0x000000000001be0c                log_backend_enable
 .text.z_log_msg_runtime_vcreate
                0x000000000001be34       0x8c zephyr/libzephyr.a(log_msg.c.obj)
                0x000000000001be34                z_log_msg_runtime_vcreate
 .text.log_msg_get_source_id
                0x000000000001bec0       0x18 zephyr/libzephyr.a(log_msg.c.obj)
                0x000000000001bec0                log_msg_get_source_id
 .text.print_formatted
                0x000000000001bed8       0x24 zephyr/libzephyr.a(log_output.c.obj)
 .text.newline_print
                0x000000000001befc       0x1c zephyr/libzephyr.a(log_output.c.obj)
 .text.log_output_process
                0x000000000001bf18      0x2dc zephyr/libzephyr.a(log_output.c.obj)
                0x000000000001bf18                log_output_process
 .text.log_output_timestamp_freq_set
                0x000000000001c1f4       0x2c zephyr/libzephyr.a(log_output.c.obj)
                0x000000000001c1f4                log_output_timestamp_freq_set
 .text.char_out
                0x000000000001c220       0x24 zephyr/libzephyr.a(log_backend_uart.c.obj)
 .text.mem_attr_get_regions
                0x000000000001c244        0xc zephyr/libzephyr.a(mem_attr.c.obj)
                0x000000000001c244                mem_attr_get_regions
 .text.sntp_query
                0x000000000001c250      0x16c zephyr/libzephyr.a(sntp.c.obj)
                0x000000000001c250                sntp_query
 .text.boot_banner
                0x000000000001c3bc       0x1c zephyr/libzephyr.a(banner.c.obj)
                0x000000000001c3bc                boot_banner
 .text.z_arm_fatal_error
                0x000000000001c3d8      0x12c zephyr/arch/arch/arm/core/libarch__arm__core.a(fatal.c.obj)
                0x000000000001c3d8                z_arm_fatal_error
 .text.z_SysNmiOnReset
                0x000000000001c504        0x8 zephyr/arch/arch/arm/core/libarch__arm__core.a(nmi_on_reset.S.obj)
                0x000000000001c504                z_SysNmiOnReset
 .text._HandlerModeExit
                0x000000000001c50c       0x28 zephyr/arch/arch/arm/core/cortex_m/libarch__arm__core__cortex_m.a(exc_exit.c.obj)
                0x000000000001c50c                z_arm_int_exit
                0x000000000001c50c                z_arm_exc_exit
 .text.mem_manage_fault.constprop.0
                0x000000000001c534      0x130 zephyr/arch/arch/arm/core/cortex_m/libarch__arm__core__cortex_m.a(fault.c.obj)
 .text.bus_fault.constprop.0
                0x000000000001c664      0x13c zephyr/arch/arch/arm/core/cortex_m/libarch__arm__core__cortex_m.a(fault.c.obj)
 .text.usage_fault.constprop.0
                0x000000000001c7a0      0x128 zephyr/arch/arch/arm/core/cortex_m/libarch__arm__core__cortex_m.a(fault.c.obj)
 .text.z_arm_fault
                0x000000000001c8c8      0x20c zephyr/arch/arch/arm/core/cortex_m/libarch__arm__core__cortex_m.a(fault.c.obj)
                0x000000000001c8c8                z_arm_fault
 .text.z_arm_fault_init
                0x000000000001cad4       0x18 zephyr/arch/arch/arm/core/cortex_m/libarch__arm__core__cortex_m.a(fault.c.obj)
                0x000000000001cad4                z_arm_fault_init
 .text.__fault  0x000000000001caec       0x14 zephyr/arch/arch/arm/core/cortex_m/libarch__arm__core__cortex_m.a(fault_s.S.obj)
                0x000000000001caec                z_arm_usage_fault
                0x000000000001caec                z_arm_mpu_fault
                0x000000000001caec                z_arm_exc_spurious
                0x000000000001caec                z_arm_debug_monitor
                0x000000000001caec                z_arm_hard_fault
                0x000000000001caec                z_arm_bus_fault
 .text._reset_section
                0x000000000001cb00       0x60 zephyr/arch/arch/arm/core/cortex_m/libarch__arm__core__cortex_m.a(reset.S.obj)
                0x000000000001cb00                __start
                0x000000000001cb00                z_arm_reset
 .text.z_arm_clear_arm_mpu_config
                0x000000000001cb60       0x24 zephyr/arch/arch/arm/core/cortex_m/libarch__arm__core__cortex_m.a(scb.c.obj)
                0x000000000001cb60                z_arm_clear_arm_mpu_config
 .text.z_arm_init_arch_hw_at_boot
                0x000000000001cb84       0x4c zephyr/arch/arch/arm/core/cortex_m/libarch__arm__core__cortex_m.a(scb.c.obj)
                0x000000000001cb84                z_arm_init_arch_hw_at_boot
 .text.z_impl_k_thread_abort
                0x000000000001cbd0       0x2c zephyr/arch/arch/arm/core/cortex_m/libarch__arm__core__cortex_m.a(thread_abort.c.obj)
                0x000000000001cbd0                z_impl_k_thread_abort
 .text.arch_swap
                0x000000000001cbfc       0x30 zephyr/arch/arch/arm/core/cortex_m/libarch__arm__core__cortex_m.a(swap.c.obj)
                0x000000000001cbfc                arch_swap
 .text.z_arm_pendsv_c
                0x000000000001cc2c       0x44 zephyr/arch/arch/arm/core/cortex_m/libarch__arm__core__cortex_m.a(swap.c.obj)
                0x000000000001cc2c                z_arm_pendsv_c
 .text.z_arm_pendsv
                0x000000000001cc70       0x7c zephyr/arch/arch/arm/core/cortex_m/libarch__arm__core__cortex_m.a(swap_helper.S.obj)
                0x000000000001cc70                z_arm_pendsv
 .text.z_arm_svc
                0x000000000001ccec       0x20 zephyr/arch/arch/arm/core/cortex_m/libarch__arm__core__cortex_m.a(swap_helper.S.obj)
                0x000000000001ccec                z_arm_svc
 .text.arch_irq_enable
                0x000000000001cd0c       0x1c zephyr/arch/arch/arm/core/cortex_m/libarch__arm__core__cortex_m.a(irq_manage.c.obj)
                0x000000000001cd0c                arch_irq_enable
 .text.arch_irq_disable
                0x000000000001cd28       0x28 zephyr/arch/arch/arm/core/cortex_m/libarch__arm__core__cortex_m.a(irq_manage.c.obj)
                0x000000000001cd28                arch_irq_disable
 .text.arch_irq_is_enabled
                0x000000000001cd50       0x1c zephyr/arch/arch/arm/core/cortex_m/libarch__arm__core__cortex_m.a(irq_manage.c.obj)
                0x000000000001cd50                arch_irq_is_enabled
 .text.z_arm_irq_priority_set
                0x000000000001cd6c       0x2c zephyr/arch/arch/arm/core/cortex_m/libarch__arm__core__cortex_m.a(irq_manage.c.obj)
                0x000000000001cd6c                z_arm_irq_priority_set
 .text.z_prep_c
                0x000000000001cd98       0x5c zephyr/arch/arch/arm/core/cortex_m/libarch__arm__core__cortex_m.a(prep_c.c.obj)
                0x000000000001cd98                z_prep_c
 .text.arch_new_thread
                0x000000000001cdf4       0x40 zephyr/arch/arch/arm/core/cortex_m/libarch__arm__core__cortex_m.a(thread.c.obj)
                0x000000000001cdf4                arch_new_thread
 .text.arch_float_disable
                0x000000000001ce34       0x48 zephyr/arch/arch/arm/core/cortex_m/libarch__arm__core__cortex_m.a(thread.c.obj)
                0x000000000001ce34                arch_float_disable
 .text.arch_switch_to_main_thread
                0x000000000001ce7c       0x54 zephyr/arch/arch/arm/core/cortex_m/libarch__arm__core__cortex_m.a(thread.c.obj)
                0x000000000001ce7c                arch_switch_to_main_thread
 .text.z_arm_cpu_idle_init
                0x000000000001ced0        0xc zephyr/arch/arch/arm/core/cortex_m/libarch__arm__core__cortex_m.a(cpu_idle.c.obj)
                0x000000000001ced0                z_arm_cpu_idle_init
 .text.z_arm_interrupt_init
                0x000000000001cedc       0x18 zephyr/arch/arch/arm/core/cortex_m/libarch__arm__core__cortex_m.a(irq_init.c.obj)
                0x000000000001cedc                z_arm_interrupt_init
 .text._isr_wrapper
                0x000000000001cef4       0x24 zephyr/arch/arch/arm/core/cortex_m/libarch__arm__core__cortex_m.a(isr_wrapper.c.obj)
                0x000000000001cef4                _isr_wrapper
 .text.z_arm_configure_static_mpu_regions
                0x000000000001cf18       0x38 zephyr/arch/arch/arm/core/mpu/libarch__arm__core__mpu.a(arm_core_mpu.c.obj)
                0x000000000001cf18                z_arm_configure_static_mpu_regions
 .text.region_init
                0x000000000001cf50       0x34 zephyr/arch/arch/arm/core/mpu/libarch__arm__core__mpu.a(arm_mpu.c.obj)
 .text.region_allocate_and_init
                0x000000000001cf84       0x48 zephyr/arch/arch/arm/core/mpu/libarch__arm__core__mpu.a(arm_mpu.c.obj)
 .text.mpu_configure_regions_and_partition.constprop.0
                0x000000000001cfcc      0x170 zephyr/arch/arch/arm/core/mpu/libarch__arm__core__mpu.a(arm_mpu.c.obj)
 .text.arm_core_mpu_enable
                0x000000000001d13c       0x18 zephyr/arch/arch/arm/core/mpu/libarch__arm__core__mpu.a(arm_mpu.c.obj)
                0x000000000001d13c                arm_core_mpu_enable
 .text.arm_core_mpu_disable
                0x000000000001d154       0x14 zephyr/arch/arch/arm/core/mpu/libarch__arm__core__mpu.a(arm_mpu.c.obj)
                0x000000000001d154                arm_core_mpu_disable
 .text.arm_core_mpu_configure_static_mpu_regions
                0x000000000001d168       0x14 zephyr/arch/arch/arm/core/mpu/libarch__arm__core__mpu.a(arm_mpu.c.obj)
                0x000000000001d168                arm_core_mpu_configure_static_mpu_regions
 .text.arm_core_mpu_mark_areas_for_dynamic_regions
                0x000000000001d17c       0xb8 zephyr/arch/arch/arm/core/mpu/libarch__arm__core__mpu.a(arm_mpu.c.obj)
                0x000000000001d17c                arm_core_mpu_mark_areas_for_dynamic_regions
 .text.z_arm_mpu_init
                0x000000000001d234      0x11c zephyr/arch/arch/arm/core/mpu/libarch__arm__core__mpu.a(arm_mpu.c.obj)
                0x000000000001d234                z_arm_mpu_init
 .text.__stdout_hook_install
                0x000000000001d350        0xc zephyr/lib/libc/newlib/liblib__libc__newlib.a(libc-hooks.c.obj)
                0x000000000001d350                __stdout_hook_install
 .text.z_impl_zephyr_write_stdout
                0x000000000001d35c       0x30 zephyr/lib/libc/newlib/liblib__libc__newlib.a(libc-hooks.c.obj)
                0x000000000001d35c                z_impl_zephyr_write_stdout
 .text._sbrk    0x000000000001d38c       0x28 zephyr/lib/libc/newlib/liblib__libc__newlib.a(libc-hooks.c.obj)
                0x000000000001d38c                sbrk
                0x000000000001d38c                _sbrk
 .text.abort    0x000000000001d3b4       0x1c zephyr/lib/libc/common/liblib__libc__common.a(abort.c.obj)
                0x000000000001d3b4                abort
 .text.pthread_barrier_pool_init
                0x000000000001d3d0       0x28 zephyr/lib/posix/options/liblib__posix__options.a(barrier.c.obj)
 .text.pthread_cond_pool_init
                0x000000000001d3f8       0x20 zephyr/lib/posix/options/liblib__posix__options.a(cond.c.obj)
 .text.pthread_mutex_pool_init
                0x000000000001d418       0x20 zephyr/lib/posix/options/liblib__posix__options.a(mutex.c.obj)
 .text.posix_thread_pool_init
                0x000000000001d438       0x34 zephyr/lib/posix/options/liblib__posix__options.a(pthread.c.obj)
 .text.nordicsemi_nrf91_init
                0x000000000001d46c       0x10 zephyr/soc/soc/nrf9160/libsoc__nordic.a(soc.c.obj)
 .text.arch_busy_wait
                0x000000000001d47c       0x14 zephyr/soc/soc/nrf9160/libsoc__nordic.a(soc.c.obj)
                0x000000000001d47c                arch_busy_wait
 .text.actinius_board_init
                0x000000000001d490       0xf8 zephyr/boards/actinius/icarus/actinius_common/libboards__actinius__common.a(actinius_board_common.c.obj)
 .text.z_impl_zsock_socket
                0x000000000001d588       0x54 zephyr/subsys/net/libsubsys__net.a(sockets.c.obj)
                0x000000000001d588                z_impl_zsock_socket
 .text.zsock_poll_internal
                0x000000000001d5dc      0x1fc zephyr/subsys/net/libsubsys__net.a(sockets.c.obj)
                0x000000000001d5dc                zsock_poll_internal
 .text.socket_offload_dns_register
                0x000000000001d7d8        0xc zephyr/subsys/net/libsubsys__net.a(socket_offload.c.obj)
                0x000000000001d7d8                socket_offload_dns_register
 .text.socket_offload_getaddrinfo
                0x000000000001d7e4       0x14 zephyr/subsys/net/libsubsys__net.a(socket_offload.c.obj)
                0x000000000001d7e4                socket_offload_getaddrinfo
 .text.socket_offload_freeaddrinfo
                0x000000000001d7f8        0xc zephyr/subsys/net/libsubsys__net.a(socket_offload.c.obj)
                0x000000000001d7f8                socket_offload_freeaddrinfo
 .text.net_if_set_name
                0x000000000001d804       0x60 zephyr/subsys/net/ip/libsubsys__net__ip.a(net_if.c.obj)
                0x000000000001d804                net_if_set_name
 .text.net_if_init
                0x000000000001d864       0xc4 zephyr/subsys/net/ip/libsubsys__net__ip.a(net_if.c.obj)
                0x000000000001d864                net_if_init
 .text.net_if_post_init
                0x000000000001d928       0x28 zephyr/subsys/net/ip/libsubsys__net__ip.a(net_if.c.obj)
                0x000000000001d928                net_if_post_init
 .text.adc_gain_invert
                0x000000000001d950       0x2c zephyr/drivers/adc/libdrivers__adc.a(adc_common.c.obj)
                0x000000000001d950                adc_gain_invert
 .text.adc_context_start_sampling
                0x000000000001d97c       0x1c zephyr/drivers/adc/libdrivers__adc.a(adc_nrfx_saadc.c.obj)
 .text.adc_nrfx_channel_setup
                0x000000000001d998      0x104 zephyr/drivers/adc/libdrivers__adc.a(adc_nrfx_saadc.c.obj)
 .text.adc_nrfx_read
                0x000000000001da9c      0x200 zephyr/drivers/adc/libdrivers__adc.a(adc_nrfx_saadc.c.obj)
 .text.init_saadc
                0x000000000001dc9c       0x44 zephyr/drivers/adc/libdrivers__adc.a(adc_nrfx_saadc.c.obj)
 .text.saadc_irq_handler
                0x000000000001dce0       0xc8 zephyr/drivers/adc/libdrivers__adc.a(adc_nrfx_saadc.c.obj)
 .text.onoff_stop
                0x000000000001dda8       0x30 zephyr/drivers/clock_control/libdrivers__clock_control.a(clock_control_nrf.c.obj)
 .text.onoff_start
                0x000000000001ddd8       0x44 zephyr/drivers/clock_control/libdrivers__clock_control.a(clock_control_nrf.c.obj)
 .text.generic_hfclk_stop
                0x000000000001de1c       0x34 zephyr/drivers/clock_control/libdrivers__clock_control.a(clock_control_nrf.c.obj)
 .text.clk_init
                0x000000000001de50       0x58 zephyr/drivers/clock_control/libdrivers__clock_control.a(clock_control_nrf.c.obj)
 .text.api_blocking_start
                0x000000000001dea8       0x3c zephyr/drivers/clock_control/libdrivers__clock_control.a(clock_control_nrf.c.obj)
 .text.clkstarted_handle.constprop.0
                0x000000000001dee4       0x4c zephyr/drivers/clock_control/libdrivers__clock_control.a(clock_control_nrf.c.obj)
 .text.generic_hfclk_start
                0x000000000001df30       0x80 zephyr/drivers/clock_control/libdrivers__clock_control.a(clock_control_nrf.c.obj)
 .text.clock_event_handler
                0x000000000001dfb0       0x1c zephyr/drivers/clock_control/libdrivers__clock_control.a(clock_control_nrf.c.obj)
 .text.z_nrf_clock_control_lf_on
                0x000000000001dfcc       0xf4 zephyr/drivers/clock_control/libdrivers__clock_control.a(clock_control_nrf.c.obj)
                0x000000000001dfcc                z_nrf_clock_control_lf_on
 .text.uart_console_init
                0x000000000001e0c0       0x28 zephyr/drivers/console/libdrivers__console.a(uart_console.c.obj)
 .text.console_out
                0x000000000001e0e8       0x28 zephyr/drivers/console/libdrivers__console.a(uart_console.c.obj)
 .text.set_cc_int_pending
                0x000000000001e110       0x40 zephyr/drivers/counter/libdrivers__counter.a(counter_nrfx_rtc.c.obj)
 .text.gpio_nrfx_init
                0x000000000001e150       0x48 zephyr/drivers/gpio/libdrivers__gpio.a(gpio_nrfx.c.obj)
 .text.nrfx_gpio_handler
                0x000000000001e198       0x3c zephyr/drivers/gpio/libdrivers__gpio.a(gpio_nrfx.c.obj)
 .text.gpio_nrfx_pin_configure
                0x000000000001e1d4      0x180 zephyr/drivers/gpio/libdrivers__gpio.a(gpio_nrfx.c.obj)
 .text.gpio_nrfx_pin_interrupt_configure
                0x000000000001e354       0xf4 zephyr/drivers/gpio/libdrivers__gpio.a(gpio_nrfx.c.obj)
 .text.i2c_nrfx_twim_configure
                0x000000000001e448       0x50 zephyr/drivers/i2c/libdrivers__i2c.a(i2c_nrfx_twim.c.obj)
 .text.i2c_nrfx_twim_init
                0x000000000001e498       0x64 zephyr/drivers/i2c/libdrivers__i2c.a(i2c_nrfx_twim.c.obj)
 .text.i2c_nrfx_twim_recover_bus
                0x000000000001e4fc       0x3c zephyr/drivers/i2c/libdrivers__i2c.a(i2c_nrfx_twim.c.obj)
 .text.event_handler
                0x000000000001e538       0x34 zephyr/drivers/i2c/libdrivers__i2c.a(i2c_nrfx_twim.c.obj)
 .text.i2c_nrfx_twim_transfer
                0x000000000001e56c      0x1c0 zephyr/drivers/i2c/libdrivers__i2c.a(i2c_nrfx_twim.c.obj)
 .text.pinctrl_configure_pins
                0x000000000001e72c      0x17c zephyr/drivers/pinctrl/libdrivers__pinctrl.a(pinctrl_nrf.c.obj)
                0x000000000001e72c                pinctrl_configure_pins
 .text.lis2dh_channel_get
                0x000000000001e8a8       0x54 zephyr/drivers/sensor/st/lis2dh/libdrivers__sensor__st__lis2dh.a(lis2dh.c.obj)
 .text.lis2dh_fetch_xyz.constprop.0
                0x000000000001e8fc       0x48 zephyr/drivers/sensor/st/lis2dh/libdrivers__sensor__st__lis2dh.a(lis2dh.c.obj)
 .text.lis2dh_sample_fetch
                0x000000000001e944       0x44 zephyr/drivers/sensor/st/lis2dh/libdrivers__sensor__st__lis2dh.a(lis2dh.c.obj)
 .text.lis2dh_attr_set
                0x000000000001e988       0x2c zephyr/drivers/sensor/st/lis2dh/libdrivers__sensor__st__lis2dh.a(lis2dh.c.obj)
 .text.lis2dh_init
                0x000000000001e9b4      0x138 zephyr/drivers/sensor/st/lis2dh/libdrivers__sensor__st__lis2dh.a(lis2dh.c.obj)
                0x000000000001e9b4                lis2dh_init
 .text.z_log_msg_runtime_create.constprop.0
                0x000000000001eaec       0x24 zephyr/drivers/sensor/st/lis2dh/libdrivers__sensor__st__lis2dh.a(lis2dh_i2c.c.obj)
 .text.lis2dh_i2c_init
                0x000000000001eb10       0x3c zephyr/drivers/sensor/st/lis2dh/libdrivers__sensor__st__lis2dh.a(lis2dh_i2c.c.obj)
                0x000000000001eb10                lis2dh_i2c_init
 .text.fetch    0x000000000001eb4c       0x48 zephyr/drivers/sensor/voltage_divider/libdrivers__sensor__voltage_divider.a(voltage.c.obj)
 .text.get      0x000000000001eb94       0xbc zephyr/drivers/sensor/voltage_divider/libdrivers__sensor__voltage_divider.a(voltage.c.obj)
 .text.voltage_init
                0x000000000001ec50      0x114 zephyr/drivers/sensor/voltage_divider/libdrivers__sensor__voltage_divider.a(voltage.c.obj)
 .text.z_log_msg_runtime_create.constprop.0
                0x000000000001ed64       0x24 zephyr/drivers/serial/libdrivers__serial.a(uart_nrfx_uarte.c.obj)
 .text.uarte_instance_init.constprop.0
                0x000000000001ed88      0x258 zephyr/drivers/serial/libdrivers__serial.a(uart_nrfx_uarte.c.obj)
 .text.uarte_nrfx_poll_out
                0x000000000001efe0       0x98 zephyr/drivers/serial/libdrivers__serial.a(uart_nrfx_uarte.c.obj)
 .text.compare_int_lock
                0x000000000001f078       0x40 zephyr/drivers/timer/libdrivers__timer.a(nrf_rtc_timer.c.obj)
 .text.sys_clock_timeout_handler
                0x000000000001f0b8       0x48 zephyr/drivers/timer/libdrivers__timer.a(nrf_rtc_timer.c.obj)
 .text.compare_int_unlock
                0x000000000001f100       0x4c zephyr/drivers/timer/libdrivers__timer.a(nrf_rtc_timer.c.obj)
 .text.z_nrf_rtc_timer_read
                0x000000000001f14c       0x44 zephyr/drivers/timer/libdrivers__timer.a(nrf_rtc_timer.c.obj)
                0x000000000001f14c                z_nrf_rtc_timer_read
 .text.compare_set
                0x000000000001f190      0x124 zephyr/drivers/timer/libdrivers__timer.a(nrf_rtc_timer.c.obj)
 .text.sys_clock_driver_init
                0x000000000001f2b4       0x90 zephyr/drivers/timer/libdrivers__timer.a(nrf_rtc_timer.c.obj)
 .text.rtc_nrf_isr
                0x000000000001f344       0xd0 zephyr/drivers/timer/libdrivers__timer.a(nrf_rtc_timer.c.obj)
                0x000000000001f344                rtc_nrf_isr
 .text.sys_clock_set_timeout
                0x000000000001f414       0x5c zephyr/drivers/timer/libdrivers__timer.a(nrf_rtc_timer.c.obj)
                0x000000000001f414                sys_clock_set_timeout
 .text.sys_clock_elapsed
                0x000000000001f470       0x14 zephyr/drivers/timer/libdrivers__timer.a(nrf_rtc_timer.c.obj)
                0x000000000001f470                sys_clock_elapsed
 .text.nrf_modem_lib_dfu_handler
                0x000000000001f484       0x24 modules/nrf/lib/nrf_modem_lib/lib..__nrf__lib__nrf_modem_lib.a(nrf_modem_lib.c.obj)
 .text.nrf_modem_lib_init
                0x000000000001f4a8       0x5c modules/nrf/lib/nrf_modem_lib/lib..__nrf__lib__nrf_modem_lib.a(nrf_modem_lib.c.obj)
                0x000000000001f4a8                nrf_modem_lib_init
 .text.thread_monitor_entry_get
                0x000000000001f504       0x48 modules/nrf/lib/nrf_modem_lib/lib..__nrf__lib__nrf_modem_lib.a(nrf_modem_os.c.obj)
 .text.on_init  0x000000000001f54c       0x20 modules/nrf/lib/nrf_modem_lib/lib..__nrf__lib__nrf_modem_lib.a(nrf_modem_os.c.obj)
 .text.nrf_modem_os_timedwait
                0x000000000001f56c      0x180 modules/nrf/lib/nrf_modem_lib/lib..__nrf__lib__nrf_modem_lib.a(nrf_modem_os.c.obj)
                0x000000000001f56c                nrf_modem_os_timedwait
 .text.nrf_modem_os_sem_init
                0x000000000001f6ec       0x44 modules/nrf/lib/nrf_modem_lib/lib..__nrf__lib__nrf_modem_lib.a(nrf_modem_os.c.obj)
                0x000000000001f6ec                nrf_modem_os_sem_init
 .text.nrf_modem_os_mutex_init
                0x000000000001f730       0x34 modules/nrf/lib/nrf_modem_lib/lib..__nrf__lib__nrf_modem_lib.a(nrf_modem_os.c.obj)
                0x000000000001f730                nrf_modem_os_mutex_init
 .text.nrf_modem_os_event_notify
                0x000000000001f764       0x38 modules/nrf/lib/nrf_modem_lib/lib..__nrf__lib__nrf_modem_lib.a(nrf_modem_os.c.obj)
                0x000000000001f764                nrf_modem_os_event_notify
 .text.nrf_modem_os_alloc
                0x000000000001f79c       0x10 modules/nrf/lib/nrf_modem_lib/lib..__nrf__lib__nrf_modem_lib.a(nrf_modem_os.c.obj)
                0x000000000001f79c                nrf_modem_os_alloc
 .text.nrf_modem_os_free
                0x000000000001f7ac        0xc modules/nrf/lib/nrf_modem_lib/lib..__nrf__lib__nrf_modem_lib.a(nrf_modem_os.c.obj)
                0x000000000001f7ac                nrf_modem_os_free
 .text.nrf_modem_os_shm_tx_alloc
                0x000000000001f7b8       0x10 modules/nrf/lib/nrf_modem_lib/lib..__nrf__lib__nrf_modem_lib.a(nrf_modem_os.c.obj)
                0x000000000001f7b8                nrf_modem_os_shm_tx_alloc
 .text.nrf_modem_os_shm_tx_free
                0x000000000001f7c8        0xc modules/nrf/lib/nrf_modem_lib/lib..__nrf__lib__nrf_modem_lib.a(nrf_modem_os.c.obj)
                0x000000000001f7c8                nrf_modem_os_shm_tx_free
 .text.nrf_modem_os_init
                0x000000000001f7d4       0x30 modules/nrf/lib/nrf_modem_lib/lib..__nrf__lib__nrf_modem_lib.a(nrf_modem_os.c.obj)
                0x000000000001f7d4                nrf_modem_os_init
 .text.nrf_modem_os_shutdown
                0x000000000001f804       0x18 modules/nrf/lib/nrf_modem_lib/lib..__nrf__lib__nrf_modem_lib.a(nrf_modem_os.c.obj)
                0x000000000001f804                nrf_modem_os_shutdown
 .text.cfun_callback
                0x000000000001f81c       0x24 modules/nrf/lib/nrf_modem_lib/lib..__nrf__lib__nrf_modem_lib.a(cfun_hooks.c.obj)
 .text.on_modem_init
                0x000000000001f840        0xc modules/nrf/lib/nrf_modem_lib/lib..__nrf__lib__nrf_modem_lib.a(cfun_hooks.c.obj)
 .text.z_to_nrf_optname
                0x000000000001f84c      0x140 modules/nrf/lib/nrf_modem_lib/lib..__nrf__lib__nrf_modem_lib.a(nrf91_sockets.c.obj)
 .text.nrf91_socket_offload_init
                0x000000000001f98c       0x24 modules/nrf/lib/nrf_modem_lib/lib..__nrf__lib__nrf_modem_lib.a(nrf91_sockets.c.obj)
 .text.nrf91_socket_is_supported
                0x000000000001f9b0       0x38 modules/nrf/lib/nrf_modem_lib/lib..__nrf__lib__nrf_modem_lib.a(nrf91_sockets.c.obj)
 .text.pollcb   0x000000000001f9e8       0x30 modules/nrf/lib/nrf_modem_lib/lib..__nrf__lib__nrf_modem_lib.a(nrf91_sockets.c.obj)
 .text.nrf91_socket_offload_sendmsg
                0x000000000001fa18      0x110 modules/nrf/lib/nrf_modem_lib/lib..__nrf__lib__nrf_modem_lib.a(nrf91_sockets.c.obj)
 .text.allocate_ctx
                0x000000000001fb28       0x44 modules/nrf/lib/nrf_modem_lib/lib..__nrf__lib__nrf_modem_lib.a(nrf91_sockets.c.obj)
 .text.release_ctx
                0x000000000001fb6c       0x2c modules/nrf/lib/nrf_modem_lib/lib..__nrf__lib__nrf_modem_lib.a(nrf91_sockets.c.obj)
 .text.nrf91_iface_api_init
                0x000000000001fb98       0x38 modules/nrf/lib/nrf_modem_lib/lib..__nrf__lib__nrf_modem_lib.a(nrf91_sockets.c.obj)
 .text.nrf91_socket_offload_ioctl
                0x000000000001fbd0      0x10c modules/nrf/lib/nrf_modem_lib/lib..__nrf__lib__nrf_modem_lib.a(nrf91_sockets.c.obj)
 .text.nrf91_socket_create
                0x000000000001fcdc       0x90 modules/nrf/lib/nrf_modem_lib/lib..__nrf__lib__nrf_modem_lib.a(nrf91_sockets.c.obj)
 .text.nrf91_socket_offload_getaddrinfo
                0x000000000001fd6c      0x130 modules/nrf/lib/nrf_modem_lib/lib..__nrf__lib__nrf_modem_lib.a(nrf91_sockets.c.obj)
 .text.nrf91_socket_offload_accept
                0x000000000001fe9c       0xe4 modules/nrf/lib/nrf_modem_lib/lib..__nrf__lib__nrf_modem_lib.a(nrf91_sockets.c.obj)
 .text.z_log_msg_runtime_create.constprop.0
                0x000000000001ff80       0x24 modules/nrf/lib/nrf_modem_lib/lib..__nrf__lib__nrf_modem_lib.a(fault.c.obj)
 .text.nrf_modem_fault_handler
                0x000000000001ffa4       0x2c modules/nrf/lib/nrf_modem_lib/lib..__nrf__lib__nrf_modem_lib.a(fault.c.obj)
                0x000000000001ffa4                nrf_modem_fault_handler
 .text.at_monitor_sys_init
                0x000000000001ffd0       0x34 modules/nrf/lib/at_monitor/lib..__nrf__lib__at_monitor.a(at_monitor.c.obj)
 .text.at_monitor_dispatch
                0x0000000000020004       0xa0 modules/nrf/lib/at_monitor/lib..__nrf__lib__at_monitor.a(at_monitor.c.obj)
                0x0000000000020004                at_monitor_dispatch
 .text.at_monitor_task
                0x00000000000200a4       0x64 modules/nrf/lib/at_monitor/lib..__nrf__lib__at_monitor.a(at_monitor.c.obj)
 .text.z_impl_uart_irq_rx_enable.constprop.0
                0x0000000000020108       0x10 modules/nrf/lib/at_host/lib..__nrf__lib__at_host.a(at_host.c.obj)
 .text.write_uart_string
                0x0000000000020118       0x24 modules/nrf/lib/at_host/lib..__nrf__lib__at_host.a(at_host.c.obj)
 .text.cmd_send
                0x000000000002013c       0x54 modules/nrf/lib/at_host/lib..__nrf__lib__at_host.a(at_host.c.obj)
 .text.isr      0x0000000000020190      0x184 modules/nrf/lib/at_host/lib..__nrf__lib__at_host.a(at_host.c.obj)
 .text.at_host_init
                0x0000000000020314      0x14c modules/nrf/lib/at_host/lib..__nrf__lib__at_host.a(at_host.c.obj)
 .text.is_valid_notification_char
                0x0000000000020460       0x2c modules/nrf/lib/at_cmd_parser/lib..__nrf__lib__at_cmd_parser.a(at_cmd_parser.c.obj)
 .text.is_separator
                0x000000000002048c       0x1c modules/nrf/lib/at_cmd_parser/lib..__nrf__lib__at_cmd_parser.a(at_cmd_parser.c.obj)
 .text.is_result
                0x00000000000204a8       0x30 modules/nrf/lib/at_cmd_parser/lib..__nrf__lib__at_cmd_parser.a(at_cmd_parser.c.obj)
 .text.at_parse_process_element
                0x00000000000204d8      0x1c4 modules/nrf/lib/at_cmd_parser/lib..__nrf__lib__at_cmd_parser.a(at_cmd_parser.c.obj)
 .text.is_command
                0x000000000002069c       0x5c modules/nrf/lib/at_cmd_parser/lib..__nrf__lib__at_cmd_parser.a(at_cmd_parser.c.obj)
 .text.at_parse_detect_type
                0x00000000000206f8      0x1c0 modules/nrf/lib/at_cmd_parser/lib..__nrf__lib__at_cmd_parser.a(at_cmd_parser.c.obj)
 .text.at_parser_max_params_from_str
                0x00000000000208b8      0x158 modules/nrf/lib/at_cmd_parser/lib..__nrf__lib__at_cmd_parser.a(at_cmd_parser.c.obj)
                0x00000000000208b8                at_parser_max_params_from_str
 .text.lte_lc_evt_psm_update_send
                0x0000000000020a10       0x4c modules/nrf/lib/lte_link_control/lib..__nrf__lib__lte_link_control.a(lte_lc.c.obj)
 .text.lte_lc_edrx_current_values_clear
                0x0000000000020a5c       0x2c modules/nrf/lib/lte_link_control/lib..__nrf__lib__lte_link_control.a(lte_lc.c.obj)
 .text.lte_lc_sys_init
                0x0000000000020a88       0x30 modules/nrf/lib/lte_link_control/lib..__nrf__lib__lte_link_control.a(lte_lc.c.obj)
 .text.lte_lc_edrx_values_store
                0x0000000000020ab8       0x44 modules/nrf/lib/lte_link_control/lib..__nrf__lib__lte_link_control.a(lte_lc.c.obj)
 .text.lte_lc_edrx_on_modem_cfun
                0x0000000000020afc       0x28 modules/nrf/lib/lte_link_control/lib..__nrf__lib__lte_link_control.a(lte_lc.c.obj)
 .text.at_handler_mdmev
                0x0000000000020b24       0x4c modules/nrf/lib/lte_link_control/lib..__nrf__lib__lte_link_control.a(lte_lc.c.obj)
 .text.at_handler_xmodemsleep
                0x0000000000020b70       0x74 modules/nrf/lib/lte_link_control/lib..__nrf__lib__lte_link_control.a(lte_lc.c.obj)
 .text.at_handler_xt3412
                0x0000000000020be4       0x58 modules/nrf/lib/lte_link_control/lib..__nrf__lib__lte_link_control.a(lte_lc.c.obj)
 .text.at_handler_cedrxp
                0x0000000000020c3c       0x80 modules/nrf/lib/lte_link_control/lib..__nrf__lib__lte_link_control.a(lte_lc.c.obj)
 .text.at_handler_cscon
                0x0000000000020cbc       0x4c modules/nrf/lib/lte_link_control/lib..__nrf__lib__lte_link_control.a(lte_lc.c.obj)
 .text.at_handler_cereg
                0x0000000000020d08      0x150 modules/nrf/lib/lte_link_control/lib..__nrf__lib__lte_link_control.a(lte_lc.c.obj)
 .text.enable_notifications
                0x0000000000020e58       0x58 modules/nrf/lib/lte_link_control/lib..__nrf__lib__lte_link_control.a(lte_lc.c.obj)
 .text.lte_lc_edrx_ptw_send_work_fn
                0x0000000000020eb0       0x90 modules/nrf/lib/lte_link_control/lib..__nrf__lib__lte_link_control.a(lte_lc.c.obj)
 .text.at_handler_ncellmeas
                0x0000000000020f40      0x15c modules/nrf/lib/lte_link_control/lib..__nrf__lib__lte_link_control.a(lte_lc.c.obj)
 .text.lte_lc_register_handler
                0x000000000002109c       0x30 modules/nrf/lib/lte_link_control/lib..__nrf__lib__lte_link_control.a(lte_lc.c.obj)
                0x000000000002109c                lte_lc_register_handler
 .text.lte_lc_psm_param_set
                0x00000000000210cc       0x68 modules/nrf/lib/lte_link_control/lib..__nrf__lib__lte_link_control.a(lte_lc.c.obj)
                0x00000000000210cc                lte_lc_psm_param_set
 .text.lte_lc_psm_req
                0x0000000000021134       0x88 modules/nrf/lib/lte_link_control/lib..__nrf__lib__lte_link_control.a(lte_lc.c.obj)
                0x0000000000021134                lte_lc_psm_req
 .text.lte_lc_psm_get
                0x00000000000211bc      0x120 modules/nrf/lib/lte_link_control/lib..__nrf__lib__lte_link_control.a(lte_lc.c.obj)
                0x00000000000211bc                lte_lc_psm_get
 .text.lte_lc_psm_get_work_fn
                0x00000000000212dc       0x4c modules/nrf/lib/lte_link_control/lib..__nrf__lib__lte_link_control.a(lte_lc.c.obj)
 .text.lte_lc_proprietary_psm_req
                0x0000000000021328       0x1c modules/nrf/lib/lte_link_control/lib..__nrf__lib__lte_link_control.a(lte_lc.c.obj)
                0x0000000000021328                lte_lc_proprietary_psm_req
 .text.lte_lc_edrx_req
                0x0000000000021344       0xd8 modules/nrf/lib/lte_link_control/lib..__nrf__lib__lte_link_control.a(lte_lc.c.obj)
                0x0000000000021344                lte_lc_edrx_req
 .text.lte_lc_edrx_req_work_fn
                0x000000000002141c        0xc modules/nrf/lib/lte_link_control/lib..__nrf__lib__lte_link_control.a(lte_lc.c.obj)
 .text.lte_lc_nw_reg_status_get
                0x0000000000021428       0x64 modules/nrf/lib/lte_link_control/lib..__nrf__lib__lte_link_control.a(lte_lc.c.obj)
                0x0000000000021428                lte_lc_nw_reg_status_get
 .text.lte_lc_system_mode_set
                0x000000000002148c       0x94 modules/nrf/lib/lte_link_control/lib..__nrf__lib__lte_link_control.a(lte_lc.c.obj)
                0x000000000002148c                lte_lc_system_mode_set
 .text.lte_lc_func_mode_set
                0x0000000000021520       0xbc modules/nrf/lib/lte_link_control/lib..__nrf__lib__lte_link_control.a(lte_lc.c.obj)
                0x0000000000021520                lte_lc_func_mode_set
 .text.k_mutex_unlock.constprop.0.isra.0
                0x00000000000215dc        0xc modules/nrf/lib/lte_link_control/lib..__nrf__lib__lte_link_control.a(lte_lc_helpers.c.obj)
 .text.event_handler_list_is_empty
                0x00000000000215e8       0x10 modules/nrf/lib/lte_link_control/lib..__nrf__lib__lte_link_control.a(lte_lc_helpers.c.obj)
                0x00000000000215e8                event_handler_list_is_empty
 .text.event_handler_list_append_handler
                0x00000000000215f8       0x58 modules/nrf/lib/lte_link_control/lib..__nrf__lib__lte_link_control.a(lte_lc_helpers.c.obj)
                0x00000000000215f8                event_handler_list_append_handler
 .text.event_handler_list_dispatch
                0x0000000000021650       0x48 modules/nrf/lib/lte_link_control/lib..__nrf__lib__lte_link_control.a(lte_lc_helpers.c.obj)
                0x0000000000021650                event_handler_list_dispatch
 .text.response_is_valid
                0x0000000000021698       0x4c modules/nrf/lib/lte_link_control/lib..__nrf__lib__lte_link_control.a(lte_lc_helpers.c.obj)
                0x0000000000021698                response_is_valid
 .text.parse_psm
                0x00000000000216e4      0x130 modules/nrf/lib/lte_link_control/lib..__nrf__lib__lte_link_control.a(lte_lc_helpers.c.obj)
                0x00000000000216e4                parse_psm
 .text.parse_rrc_mode
                0x0000000000021814       0xbc modules/nrf/lib/lte_link_control/lib..__nrf__lib__lte_link_control.a(lte_lc_helpers.c.obj)
                0x0000000000021814                parse_rrc_mode
 .text.parse_cereg
                0x00000000000218d0      0x280 modules/nrf/lib/lte_link_control/lib..__nrf__lib__lte_link_control.a(lte_lc_helpers.c.obj)
                0x00000000000218d0                parse_cereg
 .text.parse_xt3412
                0x0000000000021b50       0xc4 modules/nrf/lib/lte_link_control/lib..__nrf__lib__lte_link_control.a(lte_lc_helpers.c.obj)
                0x0000000000021b50                parse_xt3412
 .text.neighborcell_count_get
                0x0000000000021c14       0x48 modules/nrf/lib/lte_link_control/lib..__nrf__lib__lte_link_control.a(lte_lc_helpers.c.obj)
                0x0000000000021c14                neighborcell_count_get
 .text.parse_ncellmeas
                0x0000000000021c5c      0x2d4 modules/nrf/lib/lte_link_control/lib..__nrf__lib__lte_link_control.a(lte_lc_helpers.c.obj)
                0x0000000000021c5c                parse_ncellmeas
 .text.parse_ncellmeas_gci
                0x0000000000021f30      0x4ec modules/nrf/lib/lte_link_control/lib..__nrf__lib__lte_link_control.a(lte_lc_helpers.c.obj)
                0x0000000000021f30                parse_ncellmeas_gci
 .text.parse_xmodemsleep
                0x000000000002241c       0xe4 modules/nrf/lib/lte_link_control/lib..__nrf__lib__lte_link_control.a(lte_lc_helpers.c.obj)
                0x000000000002241c                parse_xmodemsleep
 .text.parse_mdmev
                0x0000000000022500       0x68 modules/nrf/lib/lte_link_control/lib..__nrf__lib__lte_link_control.a(lte_lc_helpers.c.obj)
                0x0000000000022500                parse_mdmev
 .text.lte_lc_on_modem_cfun
                0x0000000000022568       0x24 modules/nrf/lib/lte_link_control/lib..__nrf__lib__lte_link_control.a(lte_lc_modem_hooks.c.obj)
 .text.on_modem_init
                0x000000000002258c       0xcc modules/nrf/lib/lte_link_control/lib..__nrf__lib__lte_link_control.a(lte_lc_modem_hooks.c.obj)
 .text.date_time_core_notify_event
                0x0000000000022658       0x1c modules/nrf/lib/date_time/lib..__nrf__lib__date_time.a(date_time_core.c.obj)
 .text.date_time_lte_ind_handler
                0x0000000000022674       0x34 modules/nrf/lib/date_time/lib..__nrf__lib__date_time.a(date_time_core.c.obj)
                0x0000000000022674                date_time_lte_ind_handler
 .text.date_time_core_schedule_update
                0x00000000000226a8       0x28 modules/nrf/lib/date_time/lib..__nrf__lib__date_time.a(date_time_core.c.obj)
 .text.date_time_core_init
                0x00000000000226d0       0x38 modules/nrf/lib/date_time/lib..__nrf__lib__date_time.a(date_time_core.c.obj)
                0x00000000000226d0                date_time_core_init
 .text.date_time_core_register_handler
                0x0000000000022708        0xc modules/nrf/lib/date_time/lib..__nrf__lib__date_time.a(date_time_core.c.obj)
                0x0000000000022708                date_time_core_register_handler
 .text.date_time_core_is_valid
                0x0000000000022714       0x14 modules/nrf/lib/date_time/lib..__nrf__lib__date_time.a(date_time_core.c.obj)
                0x0000000000022714                date_time_core_is_valid
 .text.date_time_core_current_check
                0x0000000000022728       0x4c modules/nrf/lib/date_time/lib..__nrf__lib__date_time.a(date_time_core.c.obj)
                0x0000000000022728                date_time_core_current_check
 .text.date_time_core_store_tz
                0x0000000000022774       0xc4 modules/nrf/lib/date_time/lib..__nrf__lib__date_time.a(date_time_core.c.obj)
                0x0000000000022774                date_time_core_store_tz
 .text.date_time_core_store
                0x0000000000022838        0xc modules/nrf/lib/date_time/lib..__nrf__lib__date_time.a(date_time_core.c.obj)
                0x0000000000022838                date_time_core_store
 .text.date_time_ntp_get
                0x0000000000022844      0x140 modules/nrf/lib/date_time/lib..__nrf__lib__date_time.a(date_time_ntp.c.obj)
                0x0000000000022844                date_time_ntp_get
 .text.date_time_modem_on_cfun
                0x0000000000022984       0x1c modules/nrf/lib/date_time/lib..__nrf__lib__date_time.a(date_time_modem.c.obj)
 .text.date_time_modem_xtime_subscribe_work_fn
                0x00000000000229a0       0x34 modules/nrf/lib/date_time/lib..__nrf__lib__date_time.a(date_time_modem.c.obj)
                0x00000000000229a0                date_time_modem_xtime_subscribe_work_fn
 .text.date_time_at_xtime_handler
                0x00000000000229d4      0x160 modules/nrf/lib/date_time/lib..__nrf__lib__date_time.a(date_time_modem.c.obj)
 .text.date_time_modem_get
                0x0000000000022b34       0x94 modules/nrf/lib/date_time/lib..__nrf__lib__date_time.a(date_time_modem.c.obj)
                0x0000000000022b34                date_time_modem_get
 .text.date_time_modem_store
                0x0000000000022bc8       0x5c modules/nrf/lib/date_time/lib..__nrf__lib__date_time.a(date_time_modem.c.obj)
                0x0000000000022bc8                date_time_modem_store
 .text.ns_fault_init
                0x0000000000022c24       0x3c modules/nrf/modules/trusted-firmware-m/lib..__nrf__modules__trusted-firmware-m.a(fault.c.obj)
 .text.arm_fault
                0x0000000000022c60      0x338 modules/nrf/modules/trusted-firmware-m/lib..__nrf__modules__trusted-firmware-m.a(fault.c.obj)
                0x0000000000022c60                arm_fault
 .text.tfm_ns_fault_handler_callback
                0x0000000000022f98       0x48 modules/nrf/modules/trusted-firmware-m/lib..__nrf__modules__trusted-firmware-m.a(fault.c.obj)
                0x0000000000022f98                tfm_ns_fault_handler_callback
 .text.tfm_ns_interface_dispatch
                0x0000000000022fe0       0x68 modules/trusted-firmware-m/libtfm_api.a(interface.c.obj)
                0x0000000000022fe0                tfm_ns_interface_dispatch
 .text.tfm_platform_ioctl
                0x0000000000023048       0x4c modules/trusted-firmware-m/libtfm_api.a(tfm_platform_api.c.obj)
                0x0000000000023048                tfm_platform_ioctl
 .text.psa_generate_random
                0x0000000000023094       0x40 modules/trusted-firmware-m/libtfm_api.a(tfm_crypto_api.c.obj)
                0x0000000000023094                psa_generate_random
 .text.psa_call
                0x00000000000230d4       0x38 modules/trusted-firmware-m/libtfm_api.a(tfm_tz_psa_ns_api.c.obj)
                0x00000000000230d4                psa_call
 .text.SystemInit
                0x000000000002310c       0x1c modules/hal_nordic/nrfx/libmodules__hal_nordic__nrfx.a(system_nrf91.c.obj)
                0x000000000002310c                SystemInit
 .text.nrfx_flag32_alloc
                0x0000000000023128       0x40 modules/hal_nordic/nrfx/libmodules__hal_nordic__nrfx.a(nrfx_flag32_allocator.c.obj)
                0x0000000000023128                nrfx_flag32_alloc
 .text.nrfx_flag32_free
                0x0000000000023168       0x38 modules/hal_nordic/nrfx/libmodules__hal_nordic__nrfx.a(nrfx_flag32_allocator.c.obj)
                0x0000000000023168                nrfx_flag32_free
 .text.nrfx_gppi_channels_enable
                0x00000000000231a0        0xc modules/hal_nordic/nrfx/libmodules__hal_nordic__nrfx.a(nrfx_gppi_dppi.c.obj)
                0x00000000000231a0                nrfx_gppi_channels_enable
 .text.clock_stop
                0x00000000000231ac       0xb0 modules/hal_nordic/nrfx/libmodules__hal_nordic__nrfx.a(nrfx_clock.c.obj)
 .text.nrfx_clock_init
                0x000000000002325c       0x20 modules/hal_nordic/nrfx/libmodules__hal_nordic__nrfx.a(nrfx_clock.c.obj)
                0x000000000002325c                nrfx_clock_init
 .text.nrfx_clock_enable
                0x000000000002327c       0x28 modules/hal_nordic/nrfx/libmodules__hal_nordic__nrfx.a(nrfx_clock.c.obj)
                0x000000000002327c                nrfx_clock_enable
 .text.nrfx_clock_start
                0x00000000000232a4       0xb8 modules/hal_nordic/nrfx/libmodules__hal_nordic__nrfx.a(nrfx_clock.c.obj)
                0x00000000000232a4                nrfx_clock_start
 .text.nrfx_power_clock_irq_handler
                0x000000000002335c       0x64 modules/hal_nordic/nrfx/libmodules__hal_nordic__nrfx.a(nrfx_clock.c.obj)
                0x000000000002335c                nrfx_power_clock_irq_handler
 .text.nrfx_dppi_channel_alloc
                0x00000000000233c0        0xc modules/hal_nordic/nrfx/libmodules__hal_nordic__nrfx.a(nrfx_dppi.c.obj)
                0x00000000000233c0                nrfx_dppi_channel_alloc
 .text.nrf_gpio_pin_port_decode
                0x00000000000233cc       0x18 modules/hal_nordic/nrfx/libmodules__hal_nordic__nrfx.a(nrfx_gpiote.c.obj)
 .text.release_handler
                0x00000000000233e4       0x6c modules/hal_nordic/nrfx/libmodules__hal_nordic__nrfx.a(nrfx_gpiote.c.obj)
 .text.pin_te_get.isra.0
                0x0000000000023450       0x18 modules/hal_nordic/nrfx/libmodules__hal_nordic__nrfx.a(nrfx_gpiote.c.obj)
 .text.pin_is_input.isra.0
                0x0000000000023468       0x20 modules/hal_nordic/nrfx/libmodules__hal_nordic__nrfx.a(nrfx_gpiote.c.obj)
 .text.pin_in_use_by_te.isra.0
                0x0000000000023488       0x1c modules/hal_nordic/nrfx/libmodules__hal_nordic__nrfx.a(nrfx_gpiote.c.obj)
 .text.latch_pending_read_and_check
                0x00000000000234a4       0x1c modules/hal_nordic/nrfx/libmodules__hal_nordic__nrfx.a(nrfx_gpiote.c.obj)
 .text.__nrfy_internal_gpiote_events_process.constprop.0
                0x00000000000234c0       0x5c modules/hal_nordic/nrfx/libmodules__hal_nordic__nrfx.a(nrfx_gpiote.c.obj)
 .text.irq_handler.constprop.0
                0x000000000002351c      0x15c modules/hal_nordic/nrfx/libmodules__hal_nordic__nrfx.a(nrfx_gpiote.c.obj)
 .text.pin_uninit
                0x0000000000023678       0xa0 modules/hal_nordic/nrfx/libmodules__hal_nordic__nrfx.a(nrfx_gpiote.c.obj)
 .text.nrfx_gpiote_input_configure
                0x0000000000023718      0x1f8 modules/hal_nordic/nrfx/libmodules__hal_nordic__nrfx.a(nrfx_gpiote.c.obj)
                0x0000000000023718                nrfx_gpiote_input_configure
 .text.nrfx_gpiote_output_configure
                0x0000000000023910      0x130 modules/hal_nordic/nrfx/libmodules__hal_nordic__nrfx.a(nrfx_gpiote.c.obj)
                0x0000000000023910                nrfx_gpiote_output_configure
 .text.nrfx_gpiote_global_callback_set
                0x0000000000023a40       0x1c modules/hal_nordic/nrfx/libmodules__hal_nordic__nrfx.a(nrfx_gpiote.c.obj)
                0x0000000000023a40                nrfx_gpiote_global_callback_set
 .text.nrfx_gpiote_channel_get
                0x0000000000023a5c       0x38 modules/hal_nordic/nrfx/libmodules__hal_nordic__nrfx.a(nrfx_gpiote.c.obj)
                0x0000000000023a5c                nrfx_gpiote_channel_get
 .text.nrfx_gpiote_init
                0x0000000000023a94       0x78 modules/hal_nordic/nrfx/libmodules__hal_nordic__nrfx.a(nrfx_gpiote.c.obj)
                0x0000000000023a94                nrfx_gpiote_init
 .text.nrfx_gpiote_init_check
                0x0000000000023b0c       0x1c modules/hal_nordic/nrfx/libmodules__hal_nordic__nrfx.a(nrfx_gpiote.c.obj)
                0x0000000000023b0c                nrfx_gpiote_init_check
 .text.nrfx_gpiote_channel_free
                0x0000000000023b28       0x18 modules/hal_nordic/nrfx/libmodules__hal_nordic__nrfx.a(nrfx_gpiote.c.obj)
                0x0000000000023b28                nrfx_gpiote_channel_free
 .text.nrfx_gpiote_channel_alloc
                0x0000000000023b40       0x18 modules/hal_nordic/nrfx/libmodules__hal_nordic__nrfx.a(nrfx_gpiote.c.obj)
                0x0000000000023b40                nrfx_gpiote_channel_alloc
 .text.nrfx_gpiote_trigger_enable
                0x0000000000023b58       0xb0 modules/hal_nordic/nrfx/libmodules__hal_nordic__nrfx.a(nrfx_gpiote.c.obj)
                0x0000000000023b58                nrfx_gpiote_trigger_enable
 .text.nrfx_gpiote_1_irq_handler
                0x0000000000023c08        0xc modules/hal_nordic/nrfx/libmodules__hal_nordic__nrfx.a(nrfx_gpiote.c.obj)
                0x0000000000023c08                nrfx_gpiote_1_irq_handler
 .text.nrfx_ipc_init
                0x0000000000023c14       0x30 modules/hal_nordic/nrfx/libmodules__hal_nordic__nrfx.a(nrfx_ipc.c.obj)
                0x0000000000023c14                nrfx_ipc_init
 .text.nrfx_ipc_config_load
                0x0000000000023c44       0x40 modules/hal_nordic/nrfx/libmodules__hal_nordic__nrfx.a(nrfx_ipc.c.obj)
                0x0000000000023c44                nrfx_ipc_config_load
 .text.nrfx_ipc_uninit
                0x0000000000023c84       0x64 modules/hal_nordic/nrfx/libmodules__hal_nordic__nrfx.a(nrfx_ipc.c.obj)
                0x0000000000023c84                nrfx_ipc_uninit
 .text.nrfx_ipc_receive_event_enable
                0x0000000000023ce8       0x10 modules/hal_nordic/nrfx/libmodules__hal_nordic__nrfx.a(nrfx_ipc.c.obj)
                0x0000000000023ce8                nrfx_ipc_receive_event_enable
 .text.nrfx_ipc_receive_event_disable
                0x0000000000023cf8       0x10 modules/hal_nordic/nrfx/libmodules__hal_nordic__nrfx.a(nrfx_ipc.c.obj)
                0x0000000000023cf8                nrfx_ipc_receive_event_disable
 .text.nrfx_ipc_irq_handler
                0x0000000000023d08       0x40 modules/hal_nordic/nrfx/libmodules__hal_nordic__nrfx.a(nrfx_ipc.c.obj)
                0x0000000000023d08                nrfx_ipc_irq_handler
 .text.twim_configure
                0x0000000000023d48       0x40 modules/hal_nordic/nrfx/libmodules__hal_nordic__nrfx.a(nrfx_twim.c.obj)
 .text.pins_configure
                0x0000000000023d88       0x60 modules/hal_nordic/nrfx/libmodules__hal_nordic__nrfx.a(nrfx_twim.c.obj)
 .text.nrfx_twim_init
                0x0000000000023de8       0x74 modules/hal_nordic/nrfx/libmodules__hal_nordic__nrfx.a(nrfx_twim.c.obj)
                0x0000000000023de8                nrfx_twim_init
 .text.nrfx_twim_enable
                0x0000000000023e5c       0x20 modules/hal_nordic/nrfx/libmodules__hal_nordic__nrfx.a(nrfx_twim.c.obj)
                0x0000000000023e5c                nrfx_twim_enable
 .text.nrfx_twim_disable
                0x0000000000023e7c       0x3c modules/hal_nordic/nrfx/libmodules__hal_nordic__nrfx.a(nrfx_twim.c.obj)
                0x0000000000023e7c                nrfx_twim_disable
 .text.nrfx_twim_xfer
                0x0000000000023eb8      0x350 modules/hal_nordic/nrfx/libmodules__hal_nordic__nrfx.a(nrfx_twim.c.obj)
                0x0000000000023eb8                nrfx_twim_xfer
 .text.nrfx_twim_2_irq_handler
                0x0000000000024208      0x188 modules/hal_nordic/nrfx/libmodules__hal_nordic__nrfx.a(nrfx_twim.c.obj)
                0x0000000000024208                nrfx_twim_2_irq_handler
 .text.nrf_gpio_pin_port_decode
                0x0000000000024390       0x18 modules/hal_nordic/nrfx/libmodules__hal_nordic__nrfx.a(nrfx_twi_twim.c.obj)
 .text.nrfx_twi_twim_bus_recover
                0x00000000000243a8       0xd4 modules/hal_nordic/nrfx/libmodules__hal_nordic__nrfx.a(nrfx_twi_twim.c.obj)
                0x00000000000243a8                nrfx_twi_twim_bus_recover
 .text.rpc_handle_data_message
                0x000000000002447c       0x38 C:/ncs/v2.7.0/nrfxlib/nrf_modem/lib/cellular/nrf9160/hard-float/libmodem.a(rpc_framework.c.obj)
                0x000000000002447c                rpc_handle_data_message
 .text.rpc_transport_init
                0x00000000000244b4        0xc C:/ncs/v2.7.0/nrfxlib/nrf_modem/lib/cellular/nrf9160/hard-float/libmodem.a(rpc_transport.c.obj)
                0x00000000000244b4                rpc_transport_init
 .text.rpc_transport_msg_alloc
                0x00000000000244c0        0xc C:/ncs/v2.7.0/nrfxlib/nrf_modem/lib/cellular/nrf9160/hard-float/libmodem.a(rpc_transport.c.obj)
                0x00000000000244c0                rpc_transport_msg_alloc
 .text.rpc_transport_msg_data_tx_size
                0x00000000000244cc        0xc C:/ncs/v2.7.0/nrfxlib/nrf_modem/lib/cellular/nrf9160/hard-float/libmodem.a(rpc_transport.c.obj)
                0x00000000000244cc                rpc_transport_msg_data_tx_size
 .text.rpc_transport_msg_data_rx_free
                0x00000000000244d8        0xc C:/ncs/v2.7.0/nrfxlib/nrf_modem/lib/cellular/nrf9160/hard-float/libmodem.a(rpc_transport.c.obj)
                0x00000000000244d8                rpc_transport_msg_data_rx_free
 .text.rpc_transport_msg_send
                0x00000000000244e4        0xc C:/ncs/v2.7.0/nrfxlib/nrf_modem/lib/cellular/nrf9160/hard-float/libmodem.a(rpc_transport.c.obj)
                0x00000000000244e4                rpc_transport_msg_send
 .text.rpc_transport_data_rx_suspend
                0x00000000000244f0        0xc C:/ncs/v2.7.0/nrfxlib/nrf_modem/lib/cellular/nrf9160/hard-float/libmodem.a(rpc_transport.c.obj)
                0x00000000000244f0                rpc_transport_data_rx_suspend
 .text.rpc_transport_data_rx_resume
                0x00000000000244fc        0xc C:/ncs/v2.7.0/nrfxlib/nrf_modem/lib/cellular/nrf9160/hard-float/libmodem.a(rpc_transport.c.obj)
                0x00000000000244fc                rpc_transport_data_rx_resume
 .text.rpc_transport_ipc_msg_data_tx_size
                0x0000000000024508        0xc C:/ncs/v2.7.0/nrfxlib/nrf_modem/lib/cellular/nrf9160/hard-float/libmodem.a(rpc_transport_ipc.c.obj)
 .text.rpc_transport_ipc_msg_tx_free
                0x0000000000024514       0x38 C:/ncs/v2.7.0/nrfxlib/nrf_modem/lib/cellular/nrf9160/hard-float/libmodem.a(rpc_transport_ipc.c.obj)
 .text.handle_modem_rpc_msg
                0x000000000002454c       0x68 C:/ncs/v2.7.0/nrfxlib/nrf_modem/lib/cellular/nrf9160/hard-float/libmodem.a(rpc_transport_ipc.c.obj)
 .text.rpc_message_handler
                0x00000000000245b4       0x24 C:/ncs/v2.7.0/nrfxlib/nrf_modem/lib/cellular/nrf9160/hard-float/libmodem.a(rpc_transport_ipc.c.obj)
 .text.ipc_irq_handler
                0x00000000000245d8       0xec C:/ncs/v2.7.0/nrfxlib/nrf_modem/lib/cellular/nrf9160/hard-float/libmodem.a(rpc_transport_ipc.c.obj)
                0x00000000000245d8                ipc_irq_handler
 .text.rpc_transport_ipc_ctrl_msg_alloc
                0x00000000000246c4       0x44 C:/ncs/v2.7.0/nrfxlib/nrf_modem/lib/cellular/nrf9160/hard-float/libmodem.a(rpc_transport_ipc.c.obj)
 .text.rpc_transport_ipc_data_msg_alloc
                0x0000000000024708       0x24 C:/ncs/v2.7.0/nrfxlib/nrf_modem/lib/cellular/nrf9160/hard-float/libmodem.a(rpc_transport_ipc.c.obj)
 .text.rpc_transport_ipc_data_msg_send
                0x000000000002472c       0x6c C:/ncs/v2.7.0/nrfxlib/nrf_modem/lib/cellular/nrf9160/hard-float/libmodem.a(rpc_transport_ipc.c.obj)
 .text.rpc_transport_ipc_init
                0x0000000000024798      0x1d4 C:/ncs/v2.7.0/nrfxlib/nrf_modem/lib/cellular/nrf9160/hard-float/libmodem.a(rpc_transport_ipc.c.obj)
 .text.rpc_transport_ipc_ctrl_msg_send
                0x000000000002496c       0x6c C:/ncs/v2.7.0/nrfxlib/nrf_modem/lib/cellular/nrf9160/hard-float/libmodem.a(rpc_transport_ipc.c.obj)
 .text.rpc_transport_ipc_request_shutdown
                0x00000000000249d8       0x38 C:/ncs/v2.7.0/nrfxlib/nrf_modem/lib/cellular/nrf9160/hard-float/libmodem.a(rpc_transport_ipc.c.obj)
 .text.rpc_transport_ipc_msg_data_rx_free
                0x0000000000024a10       0x30 C:/ncs/v2.7.0/nrfxlib/nrf_modem/lib/cellular/nrf9160/hard-float/libmodem.a(rpc_transport_ipc.c.obj)
 .text.cfun_post_modem
                0x0000000000024a40       0x14 C:/ncs/v2.7.0/nrfxlib/nrf_modem/lib/cellular/nrf9160/hard-float/libmodem.a(nrf_modem_at.c.obj)
 .text.at_cmd_vsprintf
                0x0000000000024a54       0x50 C:/ncs/v2.7.0/nrfxlib/nrf_modem/lib/cellular/nrf9160/hard-float/libmodem.a(nrf_modem_at.c.obj)
 .text.cfun_pre_modem
                0x0000000000024aa4       0x44 C:/ncs/v2.7.0/nrfxlib/nrf_modem/lib/cellular/nrf9160/hard-float/libmodem.a(nrf_modem_at.c.obj)
 .text.at_cmd_send
                0x0000000000024ae8       0x74 C:/ncs/v2.7.0/nrfxlib/nrf_modem/lib/cellular/nrf9160/hard-float/libmodem.a(nrf_modem_at.c.obj)
 .text.at_response_match
                0x0000000000024b5c       0x48 C:/ncs/v2.7.0/nrfxlib/nrf_modem/lib/cellular/nrf9160/hard-float/libmodem.a(nrf_modem_at.c.obj)
 .text.nrf_modem_at_notif_handler_set
                0x0000000000024ba4        0xc C:/ncs/v2.7.0/nrfxlib/nrf_modem/lib/cellular/nrf9160/hard-float/libmodem.a(nrf_modem_at.c.obj)
                0x0000000000024ba4                nrf_modem_at_notif_handler_set
 .text.nrf_modem_at_cfun_handler_set
                0x0000000000024bb0        0xc C:/ncs/v2.7.0/nrfxlib/nrf_modem/lib/cellular/nrf9160/hard-float/libmodem.a(nrf_modem_at.c.obj)
                0x0000000000024bb0                nrf_modem_at_cfun_handler_set
 .text.nrf_modem_at_printf
                0x0000000000024bbc       0xc8 C:/ncs/v2.7.0/nrfxlib/nrf_modem/lib/cellular/nrf9160/hard-float/libmodem.a(nrf_modem_at.c.obj)
                0x0000000000024bbc                nrf_modem_at_printf
 .text.nrf_modem_at_cmd
                0x0000000000024c84      0x18c C:/ncs/v2.7.0/nrfxlib/nrf_modem/lib/cellular/nrf9160/hard-float/libmodem.a(nrf_modem_at.c.obj)
                0x0000000000024c84                nrf_modem_at_cmd
 .text.nrf_modem_at_scanf
                0x0000000000024e10       0xf4 C:/ncs/v2.7.0/nrfxlib/nrf_modem/lib/cellular/nrf9160/hard-float/libmodem.a(nrf_modem_at.c.obj)
                0x0000000000024e10                nrf_modem_at_scanf
 .text.rpc_at_event_handler
                0x0000000000024f04       0x88 C:/ncs/v2.7.0/nrfxlib/nrf_modem/lib/cellular/nrf9160/hard-float/libmodem.a(nrf_modem_at.c.obj)
                0x0000000000024f04                rpc_at_event_handler
 .text.rpc_at_init
                0x0000000000024f8c       0x40 C:/ncs/v2.7.0/nrfxlib/nrf_modem/lib/cellular/nrf9160/hard-float/libmodem.a(nrf_modem_at.c.obj)
                0x0000000000024f8c                rpc_at_init
 .text.sock_unref.isra.0
                0x0000000000024fcc       0x40 C:/ncs/v2.7.0/nrfxlib/nrf_modem/lib/cellular/nrf9160/hard-float/libmodem.a(sock.c.obj)
 .text.sock_init
                0x000000000002500c       0x3c C:/ncs/v2.7.0/nrfxlib/nrf_modem/lib/cellular/nrf9160/hard-float/libmodem.a(sock.c.obj)
                0x000000000002500c                sock_init
 .text.sock_open
                0x0000000000025048       0x68 C:/ncs/v2.7.0/nrfxlib/nrf_modem/lib/cellular/nrf9160/hard-float/libmodem.a(sock.c.obj)
                0x0000000000025048                sock_open
 .text.sock_find
                0x00000000000250b0       0x24 C:/ncs/v2.7.0/nrfxlib/nrf_modem/lib/cellular/nrf9160/hard-float/libmodem.a(sock.c.obj)
                0x00000000000250b0                sock_find
 .text._sock_close
                0x00000000000250d4       0x30 C:/ncs/v2.7.0/nrfxlib/nrf_modem/lib/cellular/nrf9160/hard-float/libmodem.a(sock.c.obj)
                0x00000000000250d4                _sock_close
 .text.sock_shutdown
                0x0000000000025104       0x28 C:/ncs/v2.7.0/nrfxlib/nrf_modem/lib/cellular/nrf9160/hard-float/libmodem.a(sock.c.obj)
                0x0000000000025104                sock_shutdown
 .text.sock_rpc_flow_control_set
                0x000000000002512c       0x50 C:/ncs/v2.7.0/nrfxlib/nrf_modem/lib/cellular/nrf9160/hard-float/libmodem.a(sock.c.obj)
                0x000000000002512c                sock_rpc_flow_control_set
 .text.sock_proto_is_valid
                0x000000000002517c       0x30 C:/ncs/v2.7.0/nrfxlib/nrf_modem/lib/cellular/nrf9160/hard-float/libmodem.a(sock.c.obj)
                0x000000000002517c                sock_proto_is_valid
 .text.on_getaddrinfo_res
                0x00000000000251ac       0x14 C:/ncs/v2.7.0/nrfxlib/nrf_modem/lib/cellular/nrf9160/hard-float/libmodem.a(dns.c.obj)
                0x00000000000251ac                on_getaddrinfo_res
 .text.addrinfo_init
                0x00000000000251c0       0x1c C:/ncs/v2.7.0/nrfxlib/nrf_modem/lib/cellular/nrf9160/hard-float/libmodem.a(dns.c.obj)
                0x00000000000251c0                addrinfo_init
 .text.nrf_getaddrinfo
                0x00000000000251dc      0x300 C:/ncs/v2.7.0/nrfxlib/nrf_modem/lib/cellular/nrf9160/hard-float/libmodem.a(dns.c.obj)
                0x00000000000251dc                nrf_getaddrinfo
 .text.rpc_ip_event_handler
                0x00000000000254dc      0x2d8 C:/ncs/v2.7.0/nrfxlib/nrf_modem/lib/cellular/nrf9160/hard-float/libmodem.a(ip.c.obj)
                0x00000000000254dc                rpc_ip_event_handler
 .text.nrf_close
                0x00000000000257b4       0x64 C:/ncs/v2.7.0/nrfxlib/nrf_modem/lib/cellular/nrf9160/hard-float/libmodem.a(ip.c.obj)
                0x00000000000257b4                nrf_close
 .text.nrf_setsockopt
                0x0000000000025818      0x25c C:/ncs/v2.7.0/nrfxlib/nrf_modem/lib/cellular/nrf9160/hard-float/libmodem.a(ip.c.obj)
                0x0000000000025818                nrf_setsockopt
 .text.nrf_getsockopt
                0x0000000000025a74      0x1b4 C:/ncs/v2.7.0/nrfxlib/nrf_modem/lib/cellular/nrf9160/hard-float/libmodem.a(ip.c.obj)
                0x0000000000025a74                nrf_getsockopt
 .text.rpc_ip_init
                0x0000000000025c28       0x24 C:/ncs/v2.7.0/nrfxlib/nrf_modem/lib/cellular/nrf9160/hard-float/libmodem.a(ip.c.obj)
                0x0000000000025c28                rpc_ip_init
 .text.on_tls_attach_res
                0x0000000000025c4c       0x30 C:/ncs/v2.7.0/nrfxlib/nrf_modem/lib/cellular/nrf9160/hard-float/libmodem.a(tls.c.obj)
                0x0000000000025c4c                on_tls_attach_res
 .text.on_tls_handshake_ntf
                0x0000000000025c7c       0x3c C:/ncs/v2.7.0/nrfxlib/nrf_modem/lib/cellular/nrf9160/hard-float/libmodem.a(tls.c.obj)
                0x0000000000025c7c                on_tls_handshake_ntf
 .text.tls_attach
                0x0000000000025cb8       0xf4 C:/ncs/v2.7.0/nrfxlib/nrf_modem/lib/cellular/nrf9160/hard-float/libmodem.a(tls.c.obj)
                0x0000000000025cb8                tls_attach
 .text.nrf_af_to_rpc_af
                0x0000000000025dac       0x10 C:/ncs/v2.7.0/nrfxlib/nrf_modem/lib/cellular/nrf9160/hard-float/libmodem.a(tables.c.obj)
                0x0000000000025dac                nrf_af_to_rpc_af
 .text.nrf_so_to_rpc_so
                0x0000000000025dbc       0x18 C:/ncs/v2.7.0/nrfxlib/nrf_modem/lib/cellular/nrf9160/hard-float/libmodem.a(tables.c.obj)
                0x0000000000025dbc                nrf_so_to_rpc_so
 .text.rpc_error_to_nrf_errno
                0x0000000000025dd4       0x18 C:/ncs/v2.7.0/nrfxlib/nrf_modem/lib/cellular/nrf9160/hard-float/libmodem.a(tables.c.obj)
                0x0000000000025dd4                rpc_error_to_nrf_errno
 .text.nrf_rai_to_rpc_rai
                0x0000000000025dec       0x18 C:/ncs/v2.7.0/nrfxlib/nrf_modem/lib/cellular/nrf9160/hard-float/libmodem.a(tables.c.obj)
                0x0000000000025dec                nrf_rai_to_rpc_rai
 .text._req_forward
                0x0000000000025e04       0x40 C:/ncs/v2.7.0/nrfxlib/nrf_modem/lib/cellular/nrf9160/hard-float/libmodem.a(reqres.c.obj)
                0x0000000000025e04                _req_forward
 .text.expiry_sec_to_min
                0x0000000000025e44       0x24 C:/ncs/v2.7.0/nrfxlib/nrf_modem/lib/cellular/nrf9160/hard-float/libmodem.a(nrf_modem_gnss.c.obj)
 .text.send_message
                0x0000000000025e68      0x1a0 C:/ncs/v2.7.0/nrfxlib/nrf_modem/lib/cellular/nrf9160/hard-float/libmodem.a(nrf_modem_gnss.c.obj)
 .text.nrf_modem_gnss_read
                0x0000000000026008      0x240 C:/ncs/v2.7.0/nrfxlib/nrf_modem/lib/cellular/nrf9160/hard-float/libmodem.a(nrf_modem_gnss.c.obj)
                0x0000000000026008                nrf_modem_gnss_read
 .text.nrf_modem_gnss_start
                0x0000000000026248       0xe0 C:/ncs/v2.7.0/nrfxlib/nrf_modem/lib/cellular/nrf9160/hard-float/libmodem.a(nrf_modem_gnss.c.obj)
                0x0000000000026248                nrf_modem_gnss_start
 .text.nrf_modem_gnss_use_case_set
                0x0000000000026328       0x58 C:/ncs/v2.7.0/nrfxlib/nrf_modem/lib/cellular/nrf9160/hard-float/libmodem.a(nrf_modem_gnss.c.obj)
                0x0000000000026328                nrf_modem_gnss_use_case_set
 .text.nrf_modem_gnss_fix_interval_set
                0x0000000000026380       0x5c C:/ncs/v2.7.0/nrfxlib/nrf_modem/lib/cellular/nrf9160/hard-float/libmodem.a(nrf_modem_gnss.c.obj)
                0x0000000000026380                nrf_modem_gnss_fix_interval_set
 .text.nrf_modem_gnss_fix_retry_set
                0x00000000000263dc       0x5c C:/ncs/v2.7.0/nrfxlib/nrf_modem/lib/cellular/nrf9160/hard-float/libmodem.a(nrf_modem_gnss.c.obj)
                0x00000000000263dc                nrf_modem_gnss_fix_retry_set
 .text.nrf_modem_gnss_nmea_mask_set
                0x0000000000026438       0x5c C:/ncs/v2.7.0/nrfxlib/nrf_modem/lib/cellular/nrf9160/hard-float/libmodem.a(nrf_modem_gnss.c.obj)
                0x0000000000026438                nrf_modem_gnss_nmea_mask_set
 .text.nrf_modem_gnss_power_mode_set
                0x0000000000026494       0x58 C:/ncs/v2.7.0/nrfxlib/nrf_modem/lib/cellular/nrf9160/hard-float/libmodem.a(nrf_modem_gnss.c.obj)
                0x0000000000026494                nrf_modem_gnss_power_mode_set
 .text.nrf_modem_gnss_qzss_nmea_mode_set
                0x00000000000264ec       0x8c C:/ncs/v2.7.0/nrfxlib/nrf_modem/lib/cellular/nrf9160/hard-float/libmodem.a(nrf_modem_gnss.c.obj)
                0x00000000000264ec                nrf_modem_gnss_qzss_nmea_mode_set
 .text.nrf_modem_gnss_event_handler_set
                0x0000000000026578        0xc C:/ncs/v2.7.0/nrfxlib/nrf_modem/lib/cellular/nrf9160/hard-float/libmodem.a(nrf_modem_gnss.c.obj)
                0x0000000000026578                nrf_modem_gnss_event_handler_set
 .text.rpc_gnss_event_handler
                0x0000000000026584      0x138 C:/ncs/v2.7.0/nrfxlib/nrf_modem/lib/cellular/nrf9160/hard-float/libmodem.a(nrf_modem_gnss.c.obj)
                0x0000000000026584                rpc_gnss_event_handler
 .text.rpc_gnss_init
                0x00000000000266bc       0x44 C:/ncs/v2.7.0/nrfxlib/nrf_modem/lib/cellular/nrf9160/hard-float/libmodem.a(nrf_modem_gnss.c.obj)
                0x00000000000266bc                rpc_gnss_init
 .text.rpc_gnss_deinit
                0x0000000000026700       0x3c C:/ncs/v2.7.0/nrfxlib/nrf_modem/lib/cellular/nrf9160/hard-float/libmodem.a(nrf_modem_gnss.c.obj)
                0x0000000000026700                rpc_gnss_deinit
 .text.rpc_softsim_event_handler
                0x000000000002673c       0x24 C:/ncs/v2.7.0/nrfxlib/nrf_modem/lib/cellular/nrf9160/hard-float/libmodem.a(nrf_modem_softsim.c.obj)
                0x000000000002673c                rpc_softsim_event_handler
 .text.modem_off
                0x0000000000026760       0x28 C:/ncs/v2.7.0/nrfxlib/nrf_modem/lib/cellular/nrf9160/hard-float/libmodem.a(nrf_modem.c.obj)
 .text.nrf_modem_platform_init
                0x0000000000026788       0x3c C:/ncs/v2.7.0/nrfxlib/nrf_modem/lib/cellular/nrf9160/hard-float/libmodem.a(nrf_modem.c.obj)
 .text.atomic_set.constprop.0.isra.0
                0x00000000000267c4       0x14 C:/ncs/v2.7.0/nrfxlib/nrf_modem/lib/cellular/nrf9160/hard-float/libmodem.a(nrf_modem.c.obj)
 .text.nrf_modem_init
                0x00000000000267d8       0xcc C:/ncs/v2.7.0/nrfxlib/nrf_modem/lib/cellular/nrf9160/hard-float/libmodem.a(nrf_modem.c.obj)
                0x00000000000267d8                nrf_modem_init
 .text.nrf_modem_fault_handler_set
                0x00000000000268a4        0xc C:/ncs/v2.7.0/nrfxlib/nrf_modem/lib/cellular/nrf9160/hard-float/libmodem.a(nrf_modem_fault.c.obj)
                0x00000000000268a4                nrf_modem_fault_handler_set
 .text.nrf_modem_fault_handler_internal
                0x00000000000268b0       0x18 C:/ncs/v2.7.0/nrfxlib/nrf_modem/lib/cellular/nrf9160/hard-float/libmodem.a(nrf_modem_fault.c.obj)
                0x00000000000268b0                nrf_modem_fault_handler_internal
 .text.nrf_modem_state_set
                0x00000000000268c8        0xc C:/ncs/v2.7.0/nrfxlib/nrf_modem/lib/cellular/nrf9160/hard-float/libmodem.a(nrf_modem_state.c.obj)
                0x00000000000268c8                nrf_modem_state_set
 .text.nrf_modem_state_is_initialized
                0x00000000000268d4       0x10 C:/ncs/v2.7.0/nrfxlib/nrf_modem/lib/cellular/nrf9160/hard-float/libmodem.a(nrf_modem_state.c.obj)
                0x00000000000268d4                nrf_modem_state_is_initialized
 .text.ipc_trace_init
                0x00000000000268e4       0x38 C:/ncs/v2.7.0/nrfxlib/nrf_modem/lib/cellular/nrf9160/hard-float/libmodem.a(ipc_trace.c.obj)
                0x00000000000268e4                ipc_trace_init
 .text.ipc_trace_uninit
                0x000000000002691c       0x10 C:/ncs/v2.7.0/nrfxlib/nrf_modem/lib/cellular/nrf9160/hard-float/libmodem.a(ipc_trace.c.obj)
                0x000000000002691c                ipc_trace_uninit
 .text.ipc_trace_handler
                0x000000000002692c       0xb4 C:/ncs/v2.7.0/nrfxlib/nrf_modem/lib/cellular/nrf9160/hard-float/libmodem.a(ipc_trace.c.obj)
                0x000000000002692c                ipc_trace_handler
 .text.z_impl_z_errno
                0x00000000000269e0        0xc zephyr/kernel/libkernel.a(errno.c.obj)
                0x00000000000269e0                z_impl_z_errno
 .text.k_sys_fatal_error_handler
                0x00000000000269ec       0x2c zephyr/kernel/libkernel.a(fatal.c.obj)
                0x00000000000269ec                k_sys_fatal_error_handler
 .text.z_fatal_error
                0x0000000000026a18       0xcc zephyr/kernel/libkernel.a(fatal.c.obj)
                0x0000000000026a18                z_fatal_error
 .text.z_sys_init_run_level
                0x0000000000026ae4       0x2c zephyr/kernel/libkernel.a(init.c.obj)
 .text.bg_thread_main
                0x0000000000026b10       0xc0 zephyr/kernel/libkernel.a(init.c.obj)
 .text.z_bss_zero
                0x0000000000026bd0       0x18 zephyr/kernel/libkernel.a(init.c.obj)
                0x0000000000026bd0                z_bss_zero
 .text.z_init_cpu
                0x0000000000026be8       0x68 zephyr/kernel/libkernel.a(init.c.obj)
                0x0000000000026be8                z_init_cpu
 .text.z_cstart
                0x0000000000026c50       0xe4 zephyr/kernel/libkernel.a(init.c.obj)
                0x0000000000026c50                z_cstart
 .text.statics_init
                0x0000000000026d34       0x24 zephyr/kernel/libkernel.a(kheap.c.obj)
 .text.init_mem_slab_obj_core_list
                0x0000000000026d58       0x24 zephyr/kernel/libkernel.a(mem_slab.c.obj)
 .text.z_impl_k_msgq_put
                0x0000000000026d7c       0xac zephyr/kernel/libkernel.a(msg_q.c.obj)
                0x0000000000026d7c                z_impl_k_msgq_put
 .text.z_impl_k_msgq_get
                0x0000000000026e28       0xb0 zephyr/kernel/libkernel.a(msg_q.c.obj)
                0x0000000000026e28                z_impl_k_msgq_get
 .text.z_impl_k_mutex_lock
                0x0000000000026ed8       0xf0 zephyr/kernel/libkernel.a(mutex.c.obj)
                0x0000000000026ed8                z_impl_k_mutex_lock
 .text.z_impl_k_mutex_unlock
                0x0000000000026fc8       0x78 zephyr/kernel/libkernel.a(mutex.c.obj)
                0x0000000000026fc8                z_impl_k_mutex_unlock
 .text.z_impl_k_queue_get
                0x0000000000027040       0x64 zephyr/kernel/libkernel.a(queue.c.obj)
                0x0000000000027040                z_impl_k_queue_get
 .text.z_impl_k_sem_give
                0x00000000000270a4       0x48 zephyr/kernel/libkernel.a(sem.c.obj)
                0x00000000000270a4                z_impl_k_sem_give
 .text.z_impl_k_sem_take
                0x00000000000270ec       0x4c zephyr/kernel/libkernel.a(sem.c.obj)
                0x00000000000270ec                z_impl_k_sem_take
 .text.k_sys_work_q_init
                0x0000000000027138       0x34 zephyr/kernel/libkernel.a(system_work_q.c.obj)
 .text.work_queue_main
                0x000000000002716c      0x138 zephyr/kernel/libkernel.a(work.c.obj)
 .text.submit_to_queue_locked
                0x00000000000272a4       0xb4 zephyr/kernel/libkernel.a(work.c.obj)
 .text.k_work_submit
                0x0000000000027358        0xc zephyr/kernel/libkernel.a(work.c.obj)
                0x0000000000027358                k_work_submit
 .text.k_work_queue_start
                0x0000000000027364       0x7c zephyr/kernel/libkernel.a(work.c.obj)
                0x0000000000027364                k_work_queue_start
 .text.k_work_reschedule_for_queue
                0x00000000000273e0       0x5c zephyr/kernel/libkernel.a(work.c.obj)
                0x00000000000273e0                k_work_reschedule_for_queue
 .text.z_setup_new_thread
                0x000000000002743c       0x60 zephyr/kernel/libkernel.a(thread.c.obj)
                0x000000000002743c                z_setup_new_thread
 .text.z_impl_k_thread_create
                0x000000000002749c       0x58 zephyr/kernel/libkernel.a(thread.c.obj)
                0x000000000002749c                z_impl_k_thread_create
 .text.update_cache
                0x00000000000274f4       0x3c zephyr/kernel/libkernel.a(sched.c.obj)
 .text.unready_thread
                0x0000000000027530       0x30 zephyr/kernel/libkernel.a(sched.c.obj)
 .text.ready_thread
                0x0000000000027560       0x68 zephyr/kernel/libkernel.a(sched.c.obj)
 .text.z_thread_halt
                0x00000000000275c8       0xf0 zephyr/kernel/libkernel.a(sched.c.obj)
 .text.move_thread_to_end_of_prio_q
                0x00000000000276b8       0x74 zephyr/kernel/libkernel.a(sched.c.obj)
                0x00000000000276b8                move_thread_to_end_of_prio_q
 .text.z_pend_curr
                0x000000000002772c       0x58 zephyr/kernel/libkernel.a(sched.c.obj)
                0x000000000002772c                z_pend_curr
 .text.z_thread_prio_set
                0x0000000000027784       0x88 zephyr/kernel/libkernel.a(sched.c.obj)
                0x0000000000027784                z_thread_prio_set
 .text.z_reschedule
                0x000000000002780c       0x24 zephyr/kernel/libkernel.a(sched.c.obj)
                0x000000000002780c                z_reschedule
 .text.z_sched_start
                0x0000000000027830       0x3c zephyr/kernel/libkernel.a(sched.c.obj)
                0x0000000000027830                z_sched_start
 .text.z_reschedule_irqlock
                0x000000000002786c       0x28 zephyr/kernel/libkernel.a(sched.c.obj)
                0x000000000002786c                z_reschedule_irqlock
 .text.k_sched_lock
                0x0000000000027894       0x28 zephyr/kernel/libkernel.a(sched.c.obj)
                0x0000000000027894                k_sched_lock
 .text.k_sched_unlock
                0x00000000000278bc       0x40 zephyr/kernel/libkernel.a(sched.c.obj)
                0x00000000000278bc                k_sched_unlock
 .text.z_sched_init
                0x00000000000278fc       0x10 zephyr/kernel/libkernel.a(sched.c.obj)
                0x00000000000278fc                z_sched_init
 .text.z_impl_k_yield
                0x000000000002790c       0x7c zephyr/kernel/libkernel.a(sched.c.obj)
                0x000000000002790c                z_impl_k_yield
 .text.z_tick_sleep
                0x0000000000027988       0x88 zephyr/kernel/libkernel.a(sched.c.obj)
 .text.z_impl_k_sleep
                0x0000000000027a10       0x3c zephyr/kernel/libkernel.a(sched.c.obj)
                0x0000000000027a10                z_impl_k_sleep
 .text.z_impl_k_sched_current_thread_query
                0x0000000000027a4c        0xc zephyr/kernel/libkernel.a(sched.c.obj)
                0x0000000000027a4c                z_impl_k_sched_current_thread_query
 .text.z_sched_wait
                0x0000000000027a58       0x24 zephyr/kernel/libkernel.a(sched.c.obj)
                0x0000000000027a58                z_sched_wait
 .text.slice_timeout
                0x0000000000027a7c       0x20 zephyr/kernel/libkernel.a(timeslicing.c.obj)
 .text.thread_is_sliceable
                0x0000000000027a9c       0x3c zephyr/kernel/libkernel.a(timeslicing.c.obj)
                0x0000000000027a9c                thread_is_sliceable
 .text.z_reset_time_slice
                0x0000000000027ad8       0x50 zephyr/kernel/libkernel.a(timeslicing.c.obj)
                0x0000000000027ad8                z_reset_time_slice
 .text.z_time_slice
                0x0000000000027b28       0x60 zephyr/kernel/libkernel.a(timeslicing.c.obj)
                0x0000000000027b28                z_time_slice
 .text.z_data_copy
                0x0000000000027b88       0x34 zephyr/kernel/libkernel.a(xip.c.obj)
                0x0000000000027b88                z_data_copy
 .text.elapsed  0x0000000000027bbc       0x14 zephyr/kernel/libkernel.a(timeout.c.obj)
 .text.remove_timeout
                0x0000000000027bd0       0x38 zephyr/kernel/libkernel.a(timeout.c.obj)
 .text.next_timeout
                0x0000000000027c08       0x40 zephyr/kernel/libkernel.a(timeout.c.obj)
 .text.z_add_timeout
                0x0000000000027c48       0xf4 zephyr/kernel/libkernel.a(timeout.c.obj)
                0x0000000000027c48                z_add_timeout
 .text.sys_clock_announce
                0x0000000000027d3c       0xd0 zephyr/kernel/libkernel.a(timeout.c.obj)
                0x0000000000027d3c                sys_clock_announce
 .text.sys_clock_tick_get
                0x0000000000027e0c       0x30 zephyr/kernel/libkernel.a(timeout.c.obj)
                0x0000000000027e0c                sys_clock_tick_get
 .text.z_timer_expiration_handler
                0x0000000000027e3c       0xe0 zephyr/kernel/libkernel.a(timer.c.obj)
                0x0000000000027e3c                z_timer_expiration_handler
 .text.z_impl_k_timer_start
                0x0000000000027f1c       0x74 zephyr/kernel/libkernel.a(timer.c.obj)