Archive member included to satisfy reference by file (symbol)

platform/libplatform_s.a(hw_init.o)
                              secure_fw/CMakeFiles/tfm_s.dir/__/platform/ext/target/nordic_nrf/common/core/startup.o (hw_init_reset_on_boot)
platform/libplatform_s.a(system_nrf91.o)
                              secure_fw/CMakeFiles/tfm_s.dir/__/platform/ext/target/nordic_nrf/common/core/startup.o (SystemInit)
platform/libplatform_s.a(exception_info.o)
                              secure_fw/CMakeFiles/tfm_s.dir/__/platform/ext/target/nordic_nrf/common/core/startup_nrf91.o (store_and_dump_context)
platform/libplatform_s.a(uart_stdout.o)
                              platform/libplatform_s.a(exception_info.o) (stdio_init)
platform/libplatform_s.a(tfm_hal_spm_logdev_peripheral.o)
                              platform/libplatform_s.a(exception_info.o) (tfm_hal_output_spm_log)
platform/libplatform_s.a(Driver_USART.o)
                              platform/libplatform_s.a(uart_stdout.o) (Driver_USART1)
platform/libplatform_s.a(nrfx_uarte.o)
                              platform/libplatform_s.a(Driver_USART.o) (nrfx_uarte_init)
platform/libplatform_s.a(nrfx_glue.o)
                              platform/libplatform_s.a(nrfx_uarte.o) (nrfx_critical_section_enter)
platform/libplatform_s.a(spu.o)
                              platform/libplatform_s.a(Driver_USART.o) (spu_peripheral_config_secure)
secure_fw/partitions/lib/runtime/libtfm_sprt.a(crt_memmove.o)
                              platform/libplatform_s.a(nrfx_uarte.o) (memmove)
secure_fw/partitions/lib/runtime/libtfm_sprt.a(crt_memcpy.o)
                              platform/libplatform_s.a(exception_info.o) (memcpy)
secure_fw/partitions/lib/runtime/libtfm_sprt.a(crt_memset.o)
                              c:/ncs/toolchains/ce3b5ff664/opt/zephyr-sdk/arm-zephyr-eabi/bin/../lib/gcc/arm-zephyr-eabi/12.2.0/../../../../arm-zephyr-eabi/lib/thumb/v8-m.main/nofp/crt0.o (memset)
secure_fw/partitions/lib/runtime/libtfm_sprt.a(psa_interface_sfn.o)
                              secure_fw/CMakeFiles/tfm_s.dir/partitions/ns_agent_tz/psa_api_veneers_v80m.o (psa_framework_version)
secure_fw/spm/libtfm_spm.a(utilities.o)
                              secure_fw/CMakeFiles/tfm_s.dir/__/platform/ext/target/nordic_nrf/common/core/startup.o (tfm_core_panic)
secure_fw/spm/libtfm_spm.a(spm_log.o)
                              platform/libplatform_s.a(exception_info.o) (spm_log_msgval)
secure_fw/spm/libtfm_spm.a(main.o)
                              c:/ncs/toolchains/ce3b5ff664/opt/zephyr-sdk/arm-zephyr-eabi/bin/../lib/gcc/arm-zephyr-eabi/12.2.0/../../../../arm-zephyr-eabi/lib/thumb/v8-m.main/nofp/crt0.o (main)
secure_fw/spm/libtfm_spm.a(psa_api.o)
                              secure_fw/partitions/lib/runtime/libtfm_sprt.a(psa_interface_sfn.o) (spm_handle_programmer_errors)
secure_fw/spm/libtfm_spm.a(psa_call_api.o)
                              secure_fw/partitions/lib/runtime/libtfm_sprt.a(psa_interface_sfn.o) (tfm_spm_client_psa_call)
secure_fw/spm/libtfm_spm.a(psa_version_api.o)
                              secure_fw/partitions/lib/runtime/libtfm_sprt.a(psa_interface_sfn.o) (tfm_spm_client_psa_framework_version)
secure_fw/spm/libtfm_spm.a(psa_read_write_skip_api.o)
                              secure_fw/partitions/lib/runtime/libtfm_sprt.a(psa_interface_sfn.o) (tfm_spm_partition_psa_read)
secure_fw/spm/libtfm_spm.a(backend_sfn.o)
                              secure_fw/partitions/lib/runtime/libtfm_sprt.a(psa_interface_sfn.o) (p_current_partition)
secure_fw/spm/libtfm_spm.a(tfm_svcalls.o)
                              secure_fw/spm/libtfm_spm.a(main.o) (tfm_core_handler_mode)
secure_fw/spm/libtfm_spm.a(spm_local_connection.o)
                              secure_fw/spm/libtfm_spm.a(psa_api.o) (spm_free_connection)
secure_fw/spm/libtfm_spm.a(tfm_arch_v8m_main.o)
                              secure_fw/spm/libtfm_spm.a(main.o) (tfm_arch_set_secure_exception_priorities)
secure_fw/spm/libtfm_spm.a(ns_agent_tz_v80m.o)
                              secure_fw/CMakeFiles/tfm_s.dir/partitions/ns_agent_tz/load_info_ns_agent_tz.o (ns_agent_tz_main)
secure_fw/spm/libtfm_spm.a(tfm_hal_isolation.o)
                              secure_fw/spm/libtfm_spm.a(psa_call_api.o) (tfm_hal_memory_check)
secure_fw/spm/libtfm_spm.a(tfm_hal_platform_common.o)
                              secure_fw/spm/libtfm_spm.a(backend_sfn.o) (tfm_hal_get_ns_entry_point)
secure_fw/spm/libtfm_spm.a(faults.o)
                              secure_fw/CMakeFiles/tfm_s.dir/__/platform/ext/target/nordic_nrf/common/core/startup_nrf91.o (SPU_IRQHandler)
secure_fw/spm/libtfm_spm.a(target_cfg.o)
                              secure_fw/spm/libtfm_spm.a(tfm_hal_platform_common.o) (enable_fault_handlers)
secure_fw/spm/libtfm_spm.a(tfm_boot_data.o)
                              secure_fw/spm/libtfm_spm.a(main.o) (tfm_core_validate_boot_data)
secure_fw/spm/libtfm_spm.a(tfm_arch.o)
[...]
Memory Configuration

Name             Origin             Length             Attributes
FLASH            0x0000000000010200 0x0000000000007e00 xr
RAM              0x0000000020000000 0x0000000000008000 xrw
*default*        0x0000000000000000 0xffffffffffffffff

Linker script and memory map

LOAD c:/ncs/toolchains/ce3b5ff664/opt/zephyr-sdk/arm-zephyr-eabi/bin/../lib/gcc/arm-zephyr-eabi/12.2.0/thumb/v8-m.main/nofp/crti.o
LOAD c:/ncs/toolchains/ce3b5ff664/opt/zephyr-sdk/arm-zephyr-eabi/bin/../lib/gcc/arm-zephyr-eabi/12.2.0/thumb/v8-m.main/nofp/crtbegin.o
LOAD c:/ncs/toolchains/ce3b5ff664/opt/zephyr-sdk/arm-zephyr-eabi/bin/../lib/gcc/arm-zephyr-eabi/12.2.0/../../../../arm-zephyr-eabi/lib/thumb/v8-m.main/nofp/crt0.o
LOAD secure_fw/CMakeFiles/tfm_s.dir/partitions/ns_agent_tz/psa_api_veneers_v80m.o
LOAD secure_fw/CMakeFiles/tfm_s.dir/__/platform/ext/target/nordic_nrf/common/core/startup.o
LOAD secure_fw/CMakeFiles/tfm_s.dir/__/platform/ext/target/nordic_nrf/common/core/startup_nrf91.o
LOAD secure_fw/CMakeFiles/tfm_s.dir/__/platform/ext/common/faults.o
LOAD secure_fw/CMakeFiles/tfm_s.dir/__/generated/secure_fw/partitions/crypto/auto_generated/load_info_tfm_crypto.o
LOAD secure_fw/CMakeFiles/tfm_s.dir/__/generated/secure_fw/partitions/platform/auto_generated/load_info_tfm_platform.o
LOAD secure_fw/CMakeFiles/tfm_s.dir/partitions/ns_agent_tz/load_info_ns_agent_tz.o
LOAD secure_fw/CMakeFiles/tfm_s.dir/__/platform/ext/common/syscalls_stub.o
LOAD platform/libplatform_s.a
LOAD secure_fw/partitions/lib/runtime/libtfm_sprt.a
LOAD secure_fw/spm/libtfm_spm.a
LOAD secure_fw/partitions/crypto/libtfm_psa_rot_partition_crypto.a
LOAD platform/libplatform_crypto_keys.a
LOAD secure_fw/partitions/crypto/mbedcrypto/nrf_security_src/libcrypto_service_mbedcrypto.a
LOAD secure_fw/partitions/platform/libtfm_psa_rot_partition_platform.a
LOAD platform/libplatform_s.a
LOAD secure_fw/partitions/lib/runtime/libtfm_sprt.a
LOAD secure_fw/spm/libtfm_spm.a
LOAD secure_fw/partitions/crypto/libtfm_psa_rot_partition_crypto.a
LOAD platform/libplatform_crypto_keys.a
LOAD secure_fw/partitions/crypto/mbedcrypto/nrf_security_src/libcrypto_service_mbedcrypto.a
LOAD secure_fw/partitions/platform/libtfm_psa_rot_partition_platform.a
LOAD platform/libplatform_s.a
LOAD secure_fw/partitions/lib/runtime/libtfm_sprt.a
LOAD secure_fw/spm/libtfm_spm.a
LOAD secure_fw/partitions/crypto/libtfm_psa_rot_partition_crypto.a
LOAD platform/libplatform_crypto_keys.a
LOAD secure_fw/partitions/crypto/mbedcrypto/nrf_security_src/libcrypto_service_mbedcrypto.a
LOAD secure_fw/partitions/platform/libtfm_psa_rot_partition_platform.a
LOAD C:/ncs/v2.7.0/nrfxlib/crypto/nrf_cc310_platform/lib/cortex-m33/soft-float/no-interrupts/libnrf_cc310_platform_0.9.19.a
LOAD C:/ncs/v2.7.0/nrfxlib/crypto/nrf_oberon/lib/cortex-m33/soft-float/liboberon_mbedtls_3.0.15.a
LOAD secure_fw/partitions/crypto/mbedcrypto/nrf_security_src/libmbedcrypto_base.a
LOAD C:/ncs/v2.7.0/nrfxlib/crypto/nrf_oberon/lib/cortex-m33/soft-float/liboberon_3.0.15.a
LOAD c:/ncs/toolchains/ce3b5ff664/opt/zephyr-sdk/arm-zephyr-eabi/bin/../lib/gcc/arm-zephyr-eabi/12.2.0/../../../../arm-zephyr-eabi/lib/thumb/v8-m.main/nofp\libc_nano.a
START GROUP
LOAD c:/ncs/toolchains/ce3b5ff664/opt/zephyr-sdk/arm-zephyr-eabi/bin/../lib/gcc/arm-zephyr-eabi/12.2.0/thumb/v8-m.main/nofp\libgcc.a
LOAD c:/ncs/toolchains/ce3b5ff664/opt/zephyr-sdk/arm-zephyr-eabi/bin/../lib/gcc/arm-zephyr-eabi/12.2.0/../../../../arm-zephyr-eabi/lib/thumb/v8-m.main/nofp\libc_nano.a
END GROUP
START GROUP
LOAD c:/ncs/toolchains/ce3b5ff664/opt/zephyr-sdk/arm-zephyr-eabi/bin/../lib/gcc/arm-zephyr-eabi/12.2.0/thumb/v8-m.main/nofp\libgcc.a
LOAD c:/ncs/toolchains/ce3b5ff664/opt/zephyr-sdk/arm-zephyr-eabi/bin/../lib/gcc/arm-zephyr-eabi/12.2.0/../../../../arm-zephyr-eabi/lib/thumb/v8-m.main/nofp\libc_nano.a
END GROUP
LOAD c:/ncs/toolchains/ce3b5ff664/opt/zephyr-sdk/arm-zephyr-eabi/bin/../lib/gcc/arm-zephyr-eabi/12.2.0/thumb/v8-m.main/nofp/crtend.o
LOAD c:/ncs/toolchains/ce3b5ff664/opt/zephyr-sdk/arm-zephyr-eabi/bin/../lib/gcc/arm-zephyr-eabi/12.2.0/thumb/v8-m.main/nofp/crtn.o
                0x0000000000000800                __msp_stack_size__ = 0x800
START GROUP
LOAD c:/ncs/toolchains/ce3b5ff664/opt/zephyr-sdk/arm-zephyr-eabi/bin/../lib/gcc/arm-zephyr-eabi/12.2.0/thumb/v8-m.main/nofp\libgcc.a
LOAD c:/ncs/toolchains/ce3b5ff664/opt/zephyr-sdk/arm-zephyr-eabi/bin/../lib/gcc/arm-zephyr-eabi/12.2.0/../../../../arm-zephyr-eabi/lib/thumb/v8-m.main/nofp\libc.a
LOAD c:/ncs/toolchains/ce3b5ff664/opt/zephyr-sdk/arm-zephyr-eabi/bin/../lib/gcc/arm-zephyr-eabi/12.2.0/../../../../arm-zephyr-eabi/lib/thumb/v8-m.main/nofp\libm.a
LOAD c:/ncs/toolchains/ce3b5ff664/opt/zephyr-sdk/arm-zephyr-eabi/bin/../lib/gcc/arm-zephyr-eabi/12.2.0/../../../../arm-zephyr-eabi/lib/thumb/v8-m.main/nofp\libnosys.a
LOAD c:/ncs/toolchains/ce3b5ff664/opt/zephyr-sdk/arm-zephyr-eabi/bin/../lib/gcc/arm-zephyr-eabi/12.2.0/../../../../arm-zephyr-eabi/lib/thumb/v8-m.main/nofp\libc_nano.a
END GROUP

.TFM_VECTORS    0x0000000000010200      0x144
                0x0000000000010200                __vectors_start__ = .
 *(.vectors)
 .vectors       0x0000000000010200      0x144 secure_fw/CMakeFiles/tfm_s.dir/__/platform/ext/target/nordic_nrf/common/core/startup_nrf91.o
                0x0000000000010200                __Vectors
                0x0000000000010344                . = ALIGN (0x4)
                0x0000000000010344                __vectors_end__ = .
                0x0000000000000001                ASSERT ((. <= (ADDR (.TFM_VECTORS) + 0x144)), .TFM_VECTORS section size overflow.)
                0x0000000000010344                . = (ADDR (.TFM_VECTORS) + 0x144)

.TFM_SP_LOAD_LIST
                0x0000000000010344       0xbc
 *(.part_load_priority_00)
 .part_load_priority_00
                0x0000000000010344       0x30 secure_fw/CMakeFiles/tfm_s.dir/partitions/ns_agent_tz/load_info_ns_agent_tz.o
                0x0000000000010344                tfm_sp_ns_agent_tz_load
 *(.part_load_priority_01)
 *(.part_load_priority_02)
 .part_load_priority_02
                0x0000000000010374       0x48 secure_fw/CMakeFiles/tfm_s.dir/__/generated/secure_fw/partitions/crypto/auto_generated/load_info_tfm_crypto.o
                0x0000000000010374                tfm_sp_crypto_load
 .part_load_priority_02
                0x00000000000103bc       0x44 secure_fw/CMakeFiles/tfm_s.dir/__/generated/secure_fw/partitions/platform/auto_generated/load_info_tfm_platform.o
                0x00000000000103bc                tfm_sp_platform_load
 *(.part_load_priority_03)
                0x0000000000010344                Image$$TFM_SP_LOAD_LIST$$RO$$Base = ADDR (.TFM_SP_LOAD_LIST)
                0x0000000000010400                Image$$TFM_SP_LOAD_LIST$$RO$$Limit = (ADDR (.TFM_SP_LOAD_LIST) + SIZEOF (.TFM_SP_LOAD_LIST))
                0x0000000000010400                . = ALIGN (0x20)
                0x0000000000010400                Image$$TFM_PSA_CODE_START$$Base = .

.TFM_PSA_ROT_LINKER
                0x0000000000010400      0x420
 *tfm_psa_rot_partition*:(SORT_BY_ALIGNMENT(.text*))
 .text.tfm_crypto_clear_scratch
                0x0000000000010400       0x20 secure_fw/partitions/crypto/libtfm_psa_rot_partition_crypto.a(crypto_init.o)
 .text.tfm_crypto_api_dispatcher
                0x0000000000010420       0xb0 secure_fw/partitions/crypto/libtfm_psa_rot_partition_crypto.a(crypto_init.o)
                0x0000000000010420                tfm_crypto_api_dispatcher
 .text.tfm_crypto_sfn
                0x00000000000104d0      0x170 secure_fw/partitions/crypto/libtfm_psa_rot_partition_crypto.a(crypto_init.o)
                0x00000000000104d0                tfm_crypto_sfn
 .text.tfm_crypto_init_alloc
                0x0000000000010640       0x14 secure_fw/partitions/crypto/libtfm_psa_rot_partition_crypto.a(crypto_alloc.o)
                0x0000000000010640                tfm_crypto_init_alloc
 .text.tfm_crypto_library_get_info
                0x0000000000010654       0x1c secure_fw/partitions/crypto/libtfm_psa_rot_partition_crypto.a(crypto_library.o)
                0x0000000000010654                tfm_crypto_library_get_info
 .text.tfm_crypto_core_library_init
                0x0000000000010670       0x14 secure_fw/partitions/crypto/libtfm_psa_rot_partition_crypto.a(crypto_library.o)
                0x0000000000010670                tfm_crypto_core_library_init
 .text.tfm_crypto_init
                0x0000000000010684       0x1c secure_fw/partitions/crypto/libtfm_psa_rot_partition_crypto.a(crypto_init.o)
                0x0000000000010684                tfm_crypto_init
 .text.tfm_crypto_cipher_interface
                0x00000000000106a0        0x6 secure_fw/partitions/crypto/libtfm_psa_rot_partition_crypto.a(crypto_cipher.o)
                0x00000000000106a0                tfm_crypto_cipher_interface
 .text.tfm_crypto_hash_interface
                0x00000000000106a6        0x6 secure_fw/partitions/crypto/libtfm_psa_rot_partition_crypto.a(crypto_hash.o)
                0x00000000000106a6                tfm_crypto_hash_interface
 .text.tfm_crypto_mac_interface
                0x00000000000106ac        0x6 secure_fw/partitions/crypto/libtfm_psa_rot_partition_crypto.a(crypto_mac.o)
                0x00000000000106ac                tfm_crypto_mac_interface
 .text.tfm_crypto_aead_interface
                0x00000000000106b2        0x6 secure_fw/partitions/crypto/libtfm_psa_rot_partition_crypto.a(crypto_aead.o)
                0x00000000000106b2                tfm_crypto_aead_interface
 .text.tfm_crypto_asymmetric_sign_interface
                0x00000000000106b8        0x6 secure_fw/partitions/crypto/libtfm_psa_rot_partition_crypto.a(crypto_asymmetric.o)
                0x00000000000106b8                tfm_crypto_asymmetric_sign_interface
 .text.tfm_crypto_asymmetric_encrypt_interface
                0x00000000000106be        0x6 secure_fw/partitions/crypto/libtfm_psa_rot_partition_crypto.a(crypto_asymmetric.o)
                0x00000000000106be                tfm_crypto_asymmetric_encrypt_interface
 .text.tfm_crypto_key_derivation_interface
                0x00000000000106c4        0x6 secure_fw/partitions/crypto/libtfm_psa_rot_partition_crypto.a(crypto_key_derivation.o)
                0x00000000000106c4                tfm_crypto_key_derivation_interface
 .text.tfm_crypto_key_management_interface
                0x00000000000106ca        0x6 secure_fw/partitions/crypto/libtfm_psa_rot_partition_crypto.a(crypto_key_management.o)
                0x00000000000106ca                tfm_crypto_key_management_interface
 .text.tfm_crypto_random_interface
                0x00000000000106d0        0x8 secure_fw/partitions/crypto/libtfm_psa_rot_partition_crypto.a(crypto_rng.o)
                0x00000000000106d0                tfm_crypto_random_interface
 .text.tfm_crypto_pake_interface
                0x00000000000106d8        0x6 secure_fw/partitions/crypto/libtfm_psa_rot_partition_crypto.a(crypto_pake.o)
                0x00000000000106d8                tfm_crypto_pake_interface
 .text.tfm_platform_service_sfn
                0x00000000000106de      0x114 secure_fw/partitions/platform/libtfm_psa_rot_partition_platform.a(platform_sp.o)
                0x00000000000106de                tfm_platform_service_sfn
 .text.platform_sp_init
                0x00000000000107f2        0x4 secure_fw/partitions/platform/libtfm_psa_rot_partition_platform.a(platform_sp.o)
                0x00000000000107f2                platform_sp_init
 *tfm_psa_rot_partition*:(SORT_BY_ALIGNMENT(.rodata*))
 .rodata.tfm_crypto_library_get_info.str1.1
                0x00000000000107f6        0xf secure_fw/partitions/crypto/libtfm_psa_rot_partition_crypto.a(crypto_library.o)
 *(TFM_*_PSA-ROT_ATTR_FN)
                0x0000000000010820                . = ALIGN (0x20)
 *fill*         0x0000000000010805       0x1b 
                0x0000000000010400                Image$$TFM_PSA_ROT_LINKER$$RO$$Base = ADDR (.TFM_PSA_ROT_LINKER)
                0x0000000000010820                Image$$TFM_PSA_ROT_LINKER$$RO$$Limit = (ADDR (.TFM_PSA_ROT_LINKER) + SIZEOF (.TFM_PSA_ROT_LINKER))
                0x0000000000010400                Image$$TFM_PSA_ROT_LINKER$$Base = ADDR (.TFM_PSA_ROT_LINKER)
                0x0000000000010820                Image$$TFM_PSA_ROT_LINKER$$Limit = (ADDR (.TFM_PSA_ROT_LINKER) + SIZEOF (.TFM_PSA_ROT_LINKER))
                0x0000000000010820                Image$$TFM_PSA_CODE_END$$Base = .
                0x0000000000010820                Image$$TFM_APP_CODE_START$$Base = .

.TFM_APP_ROT_LINKER
                0x0000000000010820        0x0
 *tfm_app_rot_partition*:(SORT_BY_ALIGNMENT(.text*))
 *tfm_app_rot_partition*:(SORT_BY_ALIGNMENT(.rodata*))
 *(TFM_*_APP-ROT_ATTR_FN)
                0x0000000000010820                . = ALIGN (0x20)
                0x0000000000010820                Image$$TFM_APP_ROT_LINKER$$RO$$Base = ADDR (.TFM_APP_ROT_LINKER)
                0x0000000000010820                Image$$TFM_APP_ROT_LINKER$$RO$$Limit = (ADDR (.TFM_APP_ROT_LINKER) + SIZEOF (.TFM_APP_ROT_LINKER))
                0x0000000000010820                Image$$TFM_APP_ROT_LINKER$$Base = ADDR (.TFM_APP_ROT_LINKER)
                0x0000000000010820                Image$$TFM_APP_ROT_LINKER$$Limit = (ADDR (.TFM_APP_ROT_LINKER) + SIZEOF (.TFM_APP_ROT_LINKER))
                0x0000000000010820                Image$$TFM_APP_CODE_END$$Base = .

.ARM.extab
 *(.ARM.extab* .gnu.linkonce.armextab.*)
                0x0000000000010820                __exidx_start = .

.ARM.exidx      0x0000000000010820        0x8
 *(.ARM.exidx* .gnu.linkonce.armexidx.*)
 .ARM.exidx     0x0000000000010820        0x8 c:/ncs/toolchains/ce3b5ff664/opt/zephyr-sdk/arm-zephyr-eabi/bin/../lib/gcc/arm-zephyr-eabi/12.2.0/../../../../arm-zephyr-eabi/lib/thumb/v8-m.main/nofp/crt0.o
                                         0x10 (size before relaxing)
                0x0000000000010828                __exidx_end = .

.ER_TFM_CODE    0x0000000000010828     0x2f54
                0x0000000000010828                . = ALIGN (0x4)
                0x0000000000010828                __copy_table_start__ = .
                0x0000000000010828        0x4 LONG 0x17c40 LOADADDR (.TFM_DATA)
                0x000000000001082c        0x4 LONG 0x20001080 ADDR (.TFM_DATA)
                0x0000000000010830        0x4 LONG 0x4a (SIZEOF (.TFM_DATA) / 0x4)
                0x0000000000010834        0x4 LONG 0x17c40 LOADADDR (.TFM_PSA_ROT_LINKER_DATA)
                0x0000000000010838        0x4 LONG 0x20000c20 ADDR (.TFM_PSA_ROT_LINKER_DATA)
                0x000000000001083c        0x4 LONG 0x0 (SIZEOF (.TFM_PSA_ROT_LINKER_DATA) / 0x4)
                0x0000000000010840        0x4 LONG 0x17c40 LOADADDR (.TFM_APP_ROT_LINKER_DATA)
                0x0000000000010844        0x4 LONG 0x20000c00 ADDR (.TFM_APP_ROT_LINKER_DATA)
                0x0000000000010848        0x4 LONG 0x0 (SIZEOF (.TFM_APP_ROT_LINKER_DATA) / 0x4)
                0x000000000001084c                __copy_table_end__ = .
                0x000000000001084c                . = ALIGN (0x4)
                0x000000000001084c                __zero_table_start__ = .
                0x000000000001084c        0x4 LONG 0x200011a8 ADDR (.TFM_BSS)
                0x0000000000010850        0x4 LONG 0x5c4 (SIZEOF (.TFM_BSS) / 0x4)
                0x0000000000010854        0x4 LONG 0x20000c20 ADDR (.TFM_PSA_ROT_LINKER_BSS)
                0x0000000000010858        0x4 LONG 0x118 (SIZEOF (.TFM_PSA_ROT_LINKER_BSS) / 0x4)
                0x000000000001085c        0x4 LONG 0x20000c00 ADDR (.TFM_APP_ROT_LINKER_BSS)
                0x0000000000010860        0x4 LONG 0x8 (SIZEOF (.TFM_APP_ROT_LINKER_BSS) / 0x4)
                0x0000000000010864                __zero_table_end__ = .
 *startup*(.text*)
 .text.default_irq_handler
                0x0000000000010864        0x4 secure_fw/CMakeFiles/tfm_s.dir/__/platform/ext/target/nordic_nrf/common/core/startup.o
                0x0000000000010864                default_irq_handler
 .text.Reset_Handler
                0x0000000000010868       0xd4 secure_fw/CMakeFiles/tfm_s.dir/__/platform/ext/target/nordic_nrf/common/core/startup.o
                0x0000000000010868                Reset_Handler
 .text.default_tfm_IRQHandler
                0x000000000001093c       0x1c secure_fw/CMakeFiles/tfm_s.dir/__/platform/ext/target/nordic_nrf/common/core/startup_nrf91.o
                0x000000000001093c                TIMER2_IRQHandler
                0x000000000001093c                DebugMon_Handler
                0x000000000001093c                RTC0_IRQHandler
                0x000000000001093c                SysTick_Handler
                0x000000000001093c                PWM1_IRQHandler
                0x000000000001093c                PendSV_Handler
                0x000000000001093c                NMI_Handler
                0x000000000001093c                PDM_IRQHandler
                0x000000000001093c                default_tfm_IRQHandler
                0x000000000001093c                IPC_IRQHandler
                0x000000000001093c                PWM3_IRQHandler
                0x000000000001093c                FPU_IRQHandler
                0x000000000001093c                EGU3_IRQHandler
                0x000000000001093c                KMU_IRQHandler
                0x000000000001093c                CRYPTOCELL_IRQHandler
                0x000000000001093c                I2S_IRQHandler
                0x000000000001093c                EGU2_IRQHandler
                0x000000000001093c                TIMER0_IRQHandler
                0x000000000001093c                EGU4_IRQHandler
                0x000000000001093c                EGU0_IRQHandler
                0x000000000001093c                GPIOTE1_IRQHandler
                0x000000000001093c                TIMER1_IRQHandler
                0x000000000001093c                PWM2_IRQHandler
                0x000000000001093c                EGU1_IRQHandler
                0x000000000001093c                EGU5_IRQHandler
                0x000000000001093c                UARTE3_SPIM3_SPIS3_TWIM3_TWIS3_IRQHandler
                0x000000000001093c                SAADC_IRQHandler
                0x000000000001093c                GPIOTE0_IRQHandler
                0x000000000001093c                WDT_IRQHandler
                0x000000000001093c                SPIM0_SPIS0_TWIM0_TWIS0_UARTE0_IRQHandler
                0x000000000001093c                SPIM2_SPIS2_TWIM2_TWIS2_UARTE2_IRQHandler
                0x000000000001093c                PWM0_IRQHandler
                0x000000000001093c                RTC1_IRQHandler
                0x000000000001093c                SPIM1_SPIS1_TWIM1_TWIS1_UARTE1_IRQHandler
                0x000000000001093c                CLOCK_POWER_IRQHandler
 *libplatform_s*:(SORT_BY_ALIGNMENT(.text*))
 .text.hw_init_reset_on_boot
                0x0000000000010958       0xd0 platform/libplatform_s.a(hw_init.o)
                0x0000000000010958                hw_init_reset_on_boot
 .text.uicr_HFXOCNT_erased
                0x0000000000010a28       0x40 platform/libplatform_s.a(system_nrf91.o)
 .text.uicr_HFXOSRC_erased
                0x0000000000010a68       0x3c platform/libplatform_s.a(system_nrf91.o)
 .text.SystemInit
                0x0000000000010aa4      0x17c platform/libplatform_s.a(system_nrf91.o)
                0x0000000000010aa4                SystemInit
 .text.tfm_exception_info_get_context
                0x0000000000010c20        0xc platform/libplatform_s.a(exception_info.o)
                0x0000000000010c20                tfm_exception_info_get_context
 .text.store_and_dump_context
                0x0000000000010c2c      0x114 platform/libplatform_s.a(exception_info.o)
                0x0000000000010c2c                store_and_dump_context
 .text.stdio_output_string
                0x0000000000010d40       0x40 platform/libplatform_s.a(uart_stdout.o)
                0x0000000000010d40                stdio_output_string
 .text.stdio_init
                0x0000000000010d80       0x2c platform/libplatform_s.a(uart_stdout.o)
                0x0000000000010d80                stdio_init
 .text.stdio_uninit
                0x0000000000010dac       0x18 platform/libplatform_s.a(uart_stdout.o)
                0x0000000000010dac                stdio_uninit
 .text.ARM_USART_GetVersion
                0x0000000000010dc4       0x20 platform/libplatform_s.a(Driver_USART.o)
 .text.ARM_USART1_GetTxCount
                0x0000000000010de4        0xc platform/libplatform_s.a(Driver_USART.o)
 .text.ARM_USART1_GetRxCount
                0x0000000000010df0        0xc platform/libplatform_s.a(Driver_USART.o)
 .text.ARM_USART1_Receive
                0x0000000000010dfc       0x3c platform/libplatform_s.a(Driver_USART.o)
 .text.ARM_USARTx_Send.constprop.0
                0x0000000000010e38       0x78 platform/libplatform_s.a(Driver_USART.o)
 .text.ARM_USART1_Control
                0x0000000000010eb0      0x178 platform/libplatform_s.a(Driver_USART.o)
 .text.ARM_USART1_Uninitialize
                0x0000000000011028       0x4c platform/libplatform_s.a(Driver_USART.o)
 .text.ARM_USART1_Initialize
                0x0000000000011074       0xa4 platform/libplatform_s.a(Driver_USART.o)
 .text.on_rx_disabled
                0x0000000000011118       0x64 platform/libplatform_s.a(nrfx_uarte.o)
 .text.nrf_gpio_cfg_input.constprop.0
                0x000000000001117c       0x30 platform/libplatform_s.a(nrfx_uarte.o)
 .text.blocking_tx
                0x00000000000111ac      0x1b8 platform/libplatform_s.a(nrfx_uarte.o)
 .text.nrf_gpio_pin_set
                0x0000000000011364       0x18 platform/libplatform_s.a(nrfx_uarte.o)
 .text.nrf_gpio_cfg_output
                0x000000000001137c       0x34 platform/libplatform_s.a(nrfx_uarte.o)
 .text.uarte_configure
                0x00000000000113b0      0x178 platform/libplatform_s.a(nrfx_uarte.o)
 .text.nrf_gpio_cfg_default
                0x0000000000011528       0x34 platform/libplatform_s.a(nrfx_uarte.o)
 .text.nrfx_uarte_init
                0x000000000001155c      0x16c platform/libplatform_s.a(nrfx_uarte.o)
                0x000000000001155c                nrfx_uarte_init
 .text.nrfx_uarte_tx
                0x00000000000116c8       0xd8 platform/libplatform_s.a(nrfx_uarte.o)
                0x00000000000116c8                nrfx_uarte_tx
 .text.nrfx_uarte_tx_abort
                0x00000000000117a0       0xb8 platform/libplatform_s.a(nrfx_uarte.o)
                0x00000000000117a0                nrfx_uarte_tx_abort
 .text.nrfx_uarte_rx_enable
                0x0000000000011858      0x144 platform/libplatform_s.a(nrfx_uarte.o)
                0x0000000000011858                nrfx_uarte_rx_enable
 .text.nrfx_uarte_rx_buffer_set
                0x000000000001199c      0x138 platform/libplatform_s.a(nrfx_uarte.o)
                0x000000000001199c                nrfx_uarte_rx_buffer_set
 .text.nrfx_uarte_rx_abort
                0x0000000000011ad4      0x108 platform/libplatform_s.a(nrfx_uarte.o)
                0x0000000000011ad4                nrfx_uarte_rx_abort
 .text.nrfx_uarte_uninit
                0x0000000000011bdc       0xd0 platform/libplatform_s.a(nrfx_uarte.o)
                0x0000000000011bdc                nrfx_uarte_uninit
 .text.nrfx_uarte_rx_ready
                0x0000000000011cac       0x44 platform/libplatform_s.a(nrfx_uarte.o)
                0x0000000000011cac                nrfx_uarte_rx_ready
 .text.nrfx_uarte_rx
                0x0000000000011cf0       0x74 platform/libplatform_s.a(nrfx_uarte.o)
                0x0000000000011cf0                nrfx_uarte_rx
 .text.nrfx_critical_section_enter
                0x0000000000011d64       0x10 platform/libplatform_s.a(nrfx_glue.o)
                0x0000000000011d64                nrfx_critical_section_enter
 .text.nrfx_critical_section_exit
                0x0000000000011d74       0x14 platform/libplatform_s.a(nrfx_glue.o)
                0x0000000000011d74                nrfx_critical_section_exit
 .text.spu_enable_interrupts
                0x0000000000011d88       0x10 platform/libplatform_s.a(spu.o)
                0x0000000000011d88                spu_enable_interrupts
 .text.spu_events_get
                0x0000000000011d98       0x28 platform/libplatform_s.a(spu.o)
                0x0000000000011d98                spu_events_get
 .text.spu_clear_events
                0x0000000000011dc0       0x24 platform/libplatform_s.a(spu.o)
                0x0000000000011dc0                spu_clear_events
 .text.spu_regions_reset_unlocked_secure
                0x0000000000011de4       0x3c platform/libplatform_s.a(spu.o)
                0x0000000000011de4                spu_regions_reset_unlocked_secure
 .text.spu_regions_flash_config
                0x0000000000011e20       0x2c platform/libplatform_s.a(spu.o)
                0x0000000000011e20                spu_regions_flash_config
 .text.spu_regions_sram_config
                0x0000000000011e4c       0x34 platform/libplatform_s.a(spu.o)
                0x0000000000011e4c                spu_regions_sram_config
 .text.spu_regions_flash_config_non_secure_callable
                0x0000000000011e80       0x30 platform/libplatform_s.a(spu.o)
                0x0000000000011e80                spu_regions_flash_config_non_secure_callable
 .text.spu_regions_sram_get_last_address_in_region
                0x0000000000011eb0        0xc platform/libplatform_s.a(spu.o)
                0x0000000000011eb0                spu_regions_sram_get_last_address_in_region
 .text.spu_peripheral_config_secure
                0x0000000000011ebc       0x1c platform/libplatform_s.a(spu.o)
                0x0000000000011ebc                spu_peripheral_config_secure
 .text.spu_peripheral_config_non_secure
                0x0000000000011ed8       0x18 platform/libplatform_s.a(spu.o)
                0x0000000000011ed8                spu_peripheral_config_non_secure
 .text.mpu_armv8m_enable
                0x0000000000011ef0       0x34 platform/libplatform_s.a(mpu_armv8m_drv.o)
                0x0000000000011ef0                mpu_armv8m_enable
 .text.nrf_exception_info_store_context
                0x0000000000011f24       0x20 platform/libplatform_s.a(nrf_exception_info.o)
                0x0000000000011f24                nrf_exception_info_store_context
 .text.nrf_exception_info_get_context
                0x0000000000011f44        0xc platform/libplatform_s.a(nrf_exception_info.o)
                0x0000000000011f44                nrf_exception_info_get_context
 .text.tfm_hal_platform_init
                0x0000000000011f50       0x44 platform/libplatform_s.a(tfm_hal_platform.o)
                0x0000000000011f50                tfm_hal_platform_init
 .text.ns_fault_service_set_handler
                0x0000000000011f94       0x14 platform/libplatform_s.a(ns_fault_service.o)
                0x0000000000011f94                ns_fault_service_set_handler
 .text.call_ns_callback
                0x0000000000011fa8       0xa8 platform/libplatform_s.a(ns_fault_service.o)
                0x0000000000011fa8                call_ns_callback
 .text.ns_fault_service_call_handler
                0x0000000000012050       0x34 platform/libplatform_s.a(ns_fault_service.o)
                0x0000000000012050                ns_fault_service_call_handler
 .text.tfm_platform_hal_system_reset
                0x0000000000012084       0x24 platform/libplatform_s.a(tfm_platform_system.o)
                0x0000000000012084                tfm_platform_hal_system_reset
 .text.tfm_platform_hal_read_service
                0x00000000000120a8       0x60 platform/libplatform_s.a(tfm_platform_hal_ioctl.o)
                0x00000000000120a8                tfm_platform_hal_read_service
 .text.nrf91_errata_6
                0x0000000000012108       0x1e platform/libplatform_s.a(system_nrf91.o)
 .text.nrf91_errata_14
                0x0000000000012126       0x24 platform/libplatform_s.a(system_nrf91.o)
 .text.tfm_hal_output_spm_log
                0x000000000001214a        0x4 platform/libplatform_s.a(tfm_hal_spm_logdev_peripheral.o)
                0x000000000001214a                tfm_hal_output_spm_log
 .text.ARM_USART_GetCapabilities
                0x000000000001214e        0x4 platform/libplatform_s.a(Driver_USART.o)
 .text.ARM_USART_Transfer
                0x0000000000012152        0x6 platform/libplatform_s.a(Driver_USART.o)
 .text.ARM_USART_GetStatus
                0x0000000000012158        0xc platform/libplatform_s.a(Driver_USART.o)
 .text.ARM_USART_SetModemControl
                0x0000000000012164        0x6 platform/libplatform_s.a(Driver_USART.o)
 .text.ARM_USART_GetModemStatus
                0x000000000001216a        0xc platform/libplatform_s.a(Driver_USART.o)
 .text.ARM_USART1_PowerControl
                0x0000000000012176        0xc platform/libplatform_s.a(Driver_USART.o)
 .text.ARM_USART1_Send
                0x0000000000012182        0x4 platform/libplatform_s.a(Driver_USART.o)
 .text.uart_config_set_uart_pins
                0x0000000000012186       0x3c platform/libplatform_s.a(Driver_USART.o)
                0x0000000000012186                uart_config_set_uart_pins
 .text.is_tx_ready
                0x00000000000121c2       0x1a platform/libplatform_s.a(nrfx_uarte.o)
 .text.user_handler
                0x00000000000121dc       0x22 platform/libplatform_s.a(nrfx_uarte.o)
 .text.user_handler_on_rx_done
                0x00000000000121fe       0x28 platform/libplatform_s.a(nrfx_uarte.o)
 .text.disable_hw_from_rx
                0x0000000000012226       0x24 platform/libplatform_s.a(nrfx_uarte.o)
 .text.rx_flush.part.0
                0x000000000001224a       0x66 platform/libplatform_s.a(nrfx_uarte.o)
 .text.disable_hw_from_tx
                0x00000000000122b0       0x16 platform/libplatform_s.a(nrfx_uarte.o)
 .text.tx_prepare_start.isra.0
                0x00000000000122c6       0x7e platform/libplatform_s.a(nrfx_uarte.o)
 .text.spu_regions_flash_get_base_address_in_region
                0x0000000000012344        0x4 platform/libplatform_s.a(spu.o)
                0x0000000000012344                spu_regions_flash_get_base_address_in_region
 .text.spu_regions_flash_get_last_address_in_region
                0x0000000000012348        0xa platform/libplatform_s.a(spu.o)
                0x0000000000012348                spu_regions_flash_get_last_address_in_region
 .text.spu_regions_flash_get_start_id
                0x0000000000012352        0x4 platform/libplatform_s.a(spu.o)
                0x0000000000012352                spu_regions_flash_get_start_id
 .text.spu_regions_flash_get_last_id
                0x0000000000012356        0x4 platform/libplatform_s.a(spu.o)
                0x0000000000012356                spu_regions_flash_get_last_id
 .text.spu_regions_flash_get_region_size
                0x000000000001235a        0x6 platform/libplatform_s.a(spu.o)
                0x000000000001235a                spu_regions_flash_get_region_size
 .text.spu_regions_sram_get_base_address_in_region
                0x0000000000012360        0xa platform/libplatform_s.a(spu.o)
                0x0000000000012360                spu_regions_sram_get_base_address_in_region
 .text.spu_regions_sram_get_start_id
                0x000000000001236a        0x4 platform/libplatform_s.a(spu.o)
                0x000000000001236a                spu_regions_sram_get_start_id
 .text.spu_regions_sram_get_last_id
                0x000000000001236e        0x4 platform/libplatform_s.a(spu.o)
                0x000000000001236e                spu_regions_sram_get_last_id
 .text.spu_regions_sram_get_region_size
                0x0000000000012372        0x6 platform/libplatform_s.a(spu.o)
                0x0000000000012372                spu_regions_sram_get_region_size
 .text.mpu_armv8m_region_enable
                0x0000000000012378       0x6a platform/libplatform_s.a(mpu_armv8m_drv.o)
                0x0000000000012378                mpu_armv8m_region_enable
 .text.mpu_armv8m_region_disable
                0x00000000000123e2       0x14 platform/libplatform_s.a(mpu_armv8m_drv.o)
                0x00000000000123e2                mpu_armv8m_region_disable
 .text.mpu_armv8m_clean
                0x00000000000123f6       0x22 platform/libplatform_s.a(mpu_armv8m_drv.o)
                0x00000000000123f6                mpu_armv8m_clean
 .text.tfm_plat_otp_init
                0x0000000000012418        0x4 platform/libplatform_s.a(dummy_otp.o)
                0x0000000000012418                tfm_plat_otp_init
 .text.tfm_hal_system_halt
                0x000000000001241c        0xc platform/libplatform_s.a(tfm_hal_reset_halt.o)
                0x000000000001241c                tfm_hal_system_halt
 .text.tfm_plat_provisioning_is_required
                0x0000000000012428        0x4 platform/libplatform_s.a(dummy_provisioning.o)
                0x0000000000012428                tfm_plat_provisioning_is_required
 .text.tfm_plat_provisioning_perform
                0x000000000001242c        0x4 platform/libplatform_s.a(dummy_provisioning.o)
                0x000000000001242c                tfm_plat_provisioning_perform
 .text.tfm_plat_provisioning_check_for_dummy_keys
                0x0000000000012430        0x2 platform/libplatform_s.a(dummy_provisioning.o)
                0x0000000000012430                tfm_plat_provisioning_check_for_dummy_keys
 .text.tfm_platform_hal_ioctl
                0x0000000000012432       0x6e platform/libplatform_s.a(tfm_platform_system.o)
                0x0000000000012432                tfm_platform_hal_ioctl
 *libtfm_spm*:(SORT_BY_ALIGNMENT(.text*))
 .text.spm_log_msgval
                0x00000000000124a0       0x58 secure_fw/spm/libtfm_spm.a(spm_log.o)
                0x00000000000124a0                spm_log_msgval
 .text.startup.main
                0x00000000000124f8       0x68 secure_fw/spm/libtfm_spm.a(main.o)
                0x00000000000124f8                main
 .text.spm_associate_call_params
                0x0000000000012560      0x16c secure_fw/spm/libtfm_spm.a(psa_call_api.o)
                0x0000000000012560                spm_associate_call_params
 .text.tfm_spm_partition_psa_read
                0x00000000000126cc       0x74 secure_fw/spm/libtfm_spm.a(psa_read_write_skip_api.o)
                0x00000000000126cc                tfm_spm_partition_psa_read
 .text.tfm_spm_partition_psa_write
                0x0000000000012740       0x74 secure_fw/spm/libtfm_spm.a(psa_read_write_skip_api.o)
                0x0000000000012740                tfm_spm_partition_psa_write
 .text.spm_thread_fn
                0x00000000000127b4       0x4c secure_fw/spm/libtfm_spm.a(backend_sfn.o)
 .text.backend_messaging
                0x0000000000012800       0x50 secure_fw/spm/libtfm_spm.a(backend_sfn.o)
                0x0000000000012800                backend_messaging
 .text.backend_replying
                0x0000000000012850       0x10 secure_fw/spm/libtfm_spm.a(backend_sfn.o)
                0x0000000000012850                backend_replying
 .text.backend_init_comp_assuredly
                0x0000000000012860       0x5c secure_fw/spm/libtfm_spm.a(backend_sfn.o)
                0x0000000000012860                backend_init_comp_assuredly
 .text.spm_svc_handler
                0x00000000000128bc       0x8c secure_fw/spm/libtfm_spm.a(tfm_svcalls.o)
                0x00000000000128bc                spm_svc_handler
 .text.SVC_Handler
                0x0000000000012948       0x68 secure_fw/spm/libtfm_spm.a(tfm_arch_v8m_main.o)
                0x0000000000012948                SVC_Handler
 .text.tfm_arch_set_secure_exception_priorities
                0x00000000000129b0       0x28 secure_fw/spm/libtfm_spm.a(tfm_arch_v8m_main.o)
                0x00000000000129b0                tfm_arch_set_secure_exception_priorities
 .text.ns_agent_tz_main
                0x00000000000129d8       0x30 secure_fw/spm/libtfm_spm.a(ns_agent_tz_v80m.o)
                0x00000000000129d8                ns_agent_tz_main
 .text.tfm_hal_bind_boundary
                0x0000000000012a08       0x78 secure_fw/spm/libtfm_spm.a(tfm_hal_isolation.o)
                0x0000000000012a08                tfm_hal_bind_boundary
 .text.mpu_init_cfg
                0x0000000000012a80       0xf0 secure_fw/spm/libtfm_spm.a(tfm_hal_isolation.o)
                0x0000000000012a80                mpu_init_cfg
 .text.tfm_hal_get_ns_VTOR
                0x0000000000012b70        0xc secure_fw/spm/libtfm_spm.a(tfm_hal_platform_common.o)
                0x0000000000012b70                tfm_hal_get_ns_VTOR
 .text.tfm_hal_get_ns_MSP
                0x0000000000012b7c        0xc secure_fw/spm/libtfm_spm.a(tfm_hal_platform_common.o)
                0x0000000000012b7c                tfm_hal_get_ns_MSP
 .text.tfm_hal_get_ns_entry_point
                0x0000000000012b88        0xc secure_fw/spm/libtfm_spm.a(tfm_hal_platform_common.o)
                0x0000000000012b88                tfm_hal_get_ns_entry_point
 .text.SPU_Handler
                0x0000000000012b94       0x3c secure_fw/spm/libtfm_spm.a(faults.o)
                0x0000000000012b94                SPU_Handler
 .text.enable_fault_handlers
                0x0000000000012bd0       0x14 secure_fw/spm/libtfm_spm.a(target_cfg.o)
                0x0000000000012bd0                enable_fault_handlers
 .text.system_reset_cfg
                0x0000000000012be4       0x18 secure_fw/spm/libtfm_spm.a(target_cfg.o)
                0x0000000000012be4                system_reset_cfg
 .text.nvic_interrupt_target_state_cfg
                0x0000000000012bfc       0x40 secure_fw/spm/libtfm_spm.a(target_cfg.o)
                0x0000000000012bfc                nvic_interrupt_target_state_cfg
 .text.nvic_interrupt_enable
                0x0000000000012c3c       0x18 secure_fw/spm/libtfm_spm.a(target_cfg.o)
                0x0000000000012c3c                nvic_interrupt_enable
 .text.sau_and_idau_cfg
                0x0000000000012c54       0x20 secure_fw/spm/libtfm_spm.a(target_cfg.o)
                0x0000000000012c54                sau_and_idau_cfg
 .text.spu_init_cfg
                0x0000000000012c74       0x80 secure_fw/spm/libtfm_spm.a(target_cfg.o)
                0x0000000000012c74                spu_init_cfg
 .text.spu_periph_init_cfg
                0x0000000000012cf4       0x4c secure_fw/spm/libtfm_spm.a(target_cfg.o)
                0x0000000000012cf4                spu_periph_init_cfg
 .text.tfm_core_validate_boot_data
                0x0000000000012d40        0xc secure_fw/spm/libtfm_spm.a(tfm_boot_data.o)
                0x0000000000012d40                tfm_core_validate_boot_data
 .text.tfm_core_get_boot_data_handler
                0x0000000000012d4c       0x34 secure_fw/spm/libtfm_spm.a(tfm_boot_data.o)
                0x0000000000012d4c                tfm_core_get_boot_data_handler
 .text.tfm_arch_init_context
                0x0000000000012d80       0x5c secure_fw/spm/libtfm_spm.a(tfm_arch.o)
                0x0000000000012d80                tfm_arch_init_context
 .text.tfm_spm_get_service_by_sid
                0x0000000000012ddc       0x2c secure_fw/spm/libtfm_spm.a(spm_ipc.o)
                0x0000000000012ddc                tfm_spm_get_service_by_sid
 .text.tfm_spm_check_authorization
                0x0000000000012e08       0x44 secure_fw/spm/libtfm_spm.a(spm_ipc.o)
                0x0000000000012e08                tfm_spm_check_authorization
 .text.spm_init_connection
                0x0000000000012e4c       0x30 secure_fw/spm/libtfm_spm.a(spm_ipc.o)
                0x0000000000012e4c                spm_init_connection
 .text.tfm_spm_partition_get_running_partition_id
                0x0000000000012e7c       0x18 secure_fw/spm/libtfm_spm.a(spm_ipc.o)
                0x0000000000012e7c                tfm_spm_partition_get_running_partition_id
 .text.tfm_spm_is_ns_caller
                0x0000000000012e94       0x20 secure_fw/spm/libtfm_spm.a(spm_ipc.o)
                0x0000000000012e94                tfm_spm_is_ns_caller
 .text.spm_get_connection
                0x0000000000012eb4       0x78 secure_fw/spm/libtfm_spm.a(spm_ipc.o)
                0x0000000000012eb4                spm_get_connection
 .text.tfm_spm_init
                0x0000000000012f2c       0x64 secure_fw/spm/libtfm_spm.a(spm_ipc.o)
                0x0000000000012f2c                tfm_spm_init
 .text.load_a_partition_assuredly
                0x0000000000012f90       0xc8 secure_fw/spm/libtfm_spm.a(rom_loader.o)
                0x0000000000012f90                load_a_partition_assuredly
 .text.load_services_assuredly
                0x0000000000013058       0xb4 secure_fw/spm/libtfm_spm.a(rom_loader.o)
                0x0000000000013058                load_services_assuredly
 .text.tfm_nspm_ctx_init
                0x000000000001310c       0x18 secure_fw/spm/libtfm_spm.a(tfm_spm_ns_ctx.o)
                0x000000000001310c                tfm_nspm_ctx_init
 .text.tfm_core_panic
                0x0000000000013124        0x4 secure_fw/spm/libtfm_spm.a(utilities.o)
                0x0000000000013124                tfm_core_panic
 .text.spm_handle_programmer_errors
                0x0000000000013128       0x18 secure_fw/spm/libtfm_spm.a(psa_api.o)
                0x0000000000013128                spm_handle_programmer_errors
 .text.tfm_spm_partition_psa_reply
                0x0000000000013140       0x9a secure_fw/spm/libtfm_spm.a(psa_api.o)
                0x0000000000013140                tfm_spm_partition_psa_reply
 .text.tfm_spm_partition_psa_panic
                0x00000000000131da        0xc secure_fw/spm/libtfm_spm.a(psa_api.o)
                0x00000000000131da                tfm_spm_partition_psa_panic
 .text.tfm_spm_client_psa_call
                0x00000000000131e6       0x4e secure_fw/spm/libtfm_spm.a(psa_call_api.o)
                0x00000000000131e6                tfm_spm_client_psa_call
 .text.tfm_spm_client_psa_framework_version
                0x0000000000013234        0x6 secure_fw/spm/libtfm_spm.a(psa_version_api.o)
                0x0000000000013234                tfm_spm_client_psa_framework_version
 .text.tfm_spm_client_psa_version
                0x000000000001323a       0x2c secure_fw/spm/libtfm_spm.a(psa_version_api.o)
                0x000000000001323a                tfm_spm_client_psa_version
 .text.backend_system_run
                0x0000000000013266        0x6 secure_fw/spm/libtfm_spm.a(backend_sfn.o)
                0x0000000000013266                backend_system_run
 .text.tfm_core_handler_mode
                0x000000000001326c        0x4 secure_fw/spm/libtfm_spm.a(tfm_svcalls.o)
                0x000000000001326c                tfm_core_handler_mode
 .text.connection_to_handle
                0x0000000000013270        0x6 secure_fw/spm/libtfm_spm.a(spm_local_connection.o)
                0x0000000000013270                connection_to_handle
 .text.handle_to_connection
                0x0000000000013276       0x12 secure_fw/spm/libtfm_spm.a(spm_local_connection.o)
                0x0000000000013276                handle_to_connection
 .text.spm_init_connection_space
                0x0000000000013288        0x2 secure_fw/spm/libtfm_spm.a(spm_local_connection.o)
                0x0000000000013288                spm_init_connection_space
 .text.spm_allocate_connection
                0x000000000001328a        0xe secure_fw/spm/libtfm_spm.a(spm_local_connection.o)
                0x000000000001328a                spm_allocate_connection
 .text.spm_validate_connection
                0x0000000000013298        0x4 secure_fw/spm/libtfm_spm.a(spm_local_connection.o)
                0x0000000000013298                spm_validate_connection
 .text.spm_free_connection
                0x000000000001329c        0xc secure_fw/spm/libtfm_spm.a(spm_local_connection.o)
                0x000000000001329c                spm_free_connection
 .text.tfm_arch_config_extensions
                0x00000000000132a8        0x2 secure_fw/spm/libtfm_spm.a(tfm_arch_v8m_main.o)
                0x00000000000132a8                tfm_arch_config_extensions
 .text.tfm_hal_memory_check
                0x00000000000132aa      0x126 secure_fw/spm/libtfm_spm.a(tfm_hal_isolation.o)
                0x00000000000132aa                tfm_hal_memory_check
 .text.tfm_hal_set_up_static_boundaries
                0x00000000000133d0       0x2a secure_fw/spm/libtfm_spm.a(tfm_hal_isolation.o)
                0x00000000000133d0                tfm_hal_set_up_static_boundaries
 .text.tfm_hal_platform_common_init
                0x00000000000133fa       0x36 secure_fw/spm/libtfm_spm.a(tfm_hal_platform_common.o)
                0x00000000000133fa                tfm_hal_platform_common_init
 .text.SPU_IRQHandler
                0x0000000000013430       0x1c secure_fw/spm/libtfm_spm.a(faults.o)
                0x0000000000013430                SPU_IRQHandler
 .text.init_debug
                0x000000000001344c        0x4 secure_fw/spm/libtfm_spm.a(target_cfg.o)
                0x000000000001344c                init_debug
 .text.tfm_arch_free_msp_and_exc_ret
                0x0000000000013450        0x8 secure_fw/spm/libtfm_spm.a(tfm_arch.o)
                0x0000000000013450                tfm_arch_free_msp_and_exc_ret
 .text.tfm_arch_refresh_hardware_context
                0x0000000000013458       0x16 secure_fw/spm/libtfm_spm.a(tfm_arch.o)
                0x0000000000013458                tfm_arch_refresh_hardware_context
 .text.tfm_spm_check_client_version
                0x000000000001346e       0x24 secure_fw/spm/libtfm_spm.a(spm_ipc.o)
                0x000000000001346e                tfm_spm_check_client_version
 .text.spm_msg_handle_to_connection
                0x0000000000013492       0x28 secure_fw/spm/libtfm_spm.a(spm_ipc.o)
                0x0000000000013492                spm_msg_handle_to_connection
 .text.tfm_spm_get_client_id
                0x00000000000134ba       0x20 secure_fw/spm/libtfm_spm.a(spm_ipc.o)
                0x00000000000134ba                tfm_spm_get_client_id
 .text.update_caller_outvec_len
                0x00000000000134da       0x1e secure_fw/spm/libtfm_spm.a(spm_ipc.o)
                0x00000000000134da                update_caller_outvec_len
 .text.load_irqs_assuredly
                0x00000000000134f8        0x2 secure_fw/spm/libtfm_spm.a(rom_loader.o)
                0x00000000000134f8                load_irqs_assuredly
 .text.tfm_nspm_get_current_client_id
                0x00000000000134fa        0x6 secure_fw/spm/libtfm_spm.a(tfm_spm_ns_ctx.o)
                0x00000000000134fa                tfm_nspm_get_current_client_id
 *libplatform_s*:*(.rodata*)
 .rodata.store_and_dump_context.str1.1
                0x0000000000013500       0x8b platform/libplatform_s.a(exception_info.o)
 *fill*         0x000000000001358b        0x1 
 .rodata.Driver_USART1
                0x000000000001358c       0x38 platform/libplatform_s.a(Driver_USART.o)
                0x000000000001358c                Driver_USART1
 .rodata.UART1_pins
                0x00000000000135c4        0x8 platform/libplatform_s.a(Driver_USART.o)
 .rodata.DriverVersion
                0x00000000000135cc        0x4 platform/libplatform_s.a(Driver_USART.o)
 *fill*         0x00000000000135d0        0x0 
 .rodata.delay_machine_code.0
                0x00000000000135d0        0x6 platform/libplatform_s.a(nrfx_uarte.o)
 .rodata.nrf_exception_info_store_context.str1.1
                0x00000000000135d6       0x16 platform/libplatform_s.a(nrf_exception_info.o)
 .rodata.tfm_hal_platform_init.str1.1
                0x00000000000135ec       0x2e platform/libplatform_s.a(tfm_hal_platform.o)
 *fill*         0x000000000001361a        0x2 
 .rodata.ranges
                0x000000000001361c       0x20 platform/libplatform_s.a(tfm_platform_hal_ioctl.o)
 *libtfm_spm*:*(.rodata*)
 .rodata.HEX_TABLE
                0x000000000001363c       0x10 secure_fw/spm/libtfm_spm.a(spm_log.o)
 .rodata.main.str1.1
                0x000000000001364c       0x5b secure_fw/spm/libtfm_spm.a(main.o)
 .rodata.spm_svc_handler.str1.1
                0x00000000000136a7       0x3b secure_fw/spm/libtfm_spm.a(tfm_svcalls.o)
 *fill*         0x00000000000136e2        0x2 
 .rodata.target_peripherals.0
                0x00000000000136e4       0x70 secure_fw/spm/libtfm_spm.a(target_cfg.o)
 .rodata.memory_regions
                0x0000000000013754       0x1c secure_fw/spm/libtfm_spm.a(target_cfg.o)
                0x0000000000013754                memory_regions
 .rodata.serv_pool_ea
                0x0000000000013770        0x4 secure_fw/spm/libtfm_spm.a(rom_loader.o)
 .rodata.part_pool_ea
                0x0000000000013774        0x4 secure_fw/spm/libtfm_spm.a(rom_loader.o)
 .rodata.ldinf_ea
                0x0000000000013778        0x4 secure_fw/spm/libtfm_spm.a(rom_loader.o)

.TFM_UNPRIV_CODE
                0x0000000000013780     0x2820
 *(SFN)
 SFN            0x0000000000013780       0x8c secure_fw/CMakeFiles/tfm_s.dir/partitions/ns_agent_tz/psa_api_veneers_v80m.o
                0x0000000000013780                __acle_se_tfm_psa_framework_version_veneer
                0x000000000001379e                __acle_se_tfm_psa_version_veneer
                0x00000000000137bc                __acle_se_tfm_psa_call_veneer
                0x00000000000137e4                __acle_se_tfm_psa_connect_veneer
                0x00000000000137f6                __acle_se_tfm_psa_close_veneer
 *(SORT_BY_ALIGNMENT(.text*))
 .text          0x000000000001380c       0x88 c:/ncs/toolchains/ce3b5ff664/opt/zephyr-sdk/arm-zephyr-eabi/bin/../lib/gcc/arm-zephyr-eabi/12.2.0/thumb/v8-m.main/nofp/crtbegin.o
 .text          0x0000000000013894       0x7c c:/ncs/toolchains/ce3b5ff664/opt/zephyr-sdk/arm-zephyr-eabi/bin/../lib/gcc/arm-zephyr-eabi/12.2.0/../../../../arm-zephyr-eabi/lib/thumb/v8-m.main/nofp/crt0.o
                0x0000000000013894                _stack_init
                0x000000000001389c                _start
                0x000000000001389c                _mainCRTStartup
 .text.tfm_psa_call_pack
                0x0000000000013910       0x54 secure_fw/partitions/lib/runtime/libtfm_sprt.a(psa_interface_sfn.o)
                0x0000000000013910                tfm_psa_call_pack
 .text.verify_header
                0x0000000000013964       0x40 secure_fw/partitions/crypto/mbedcrypto/nrf_security_src/libcrypto_service_mbedcrypto.a(memory_buffer_alloc.o)
 .text.verify_chain
                0x00000000000139a4       0x3c secure_fw/partitions/crypto/mbedcrypto/nrf_security_src/libcrypto_service_mbedcrypto.a(memory_buffer_alloc.o)
 .text.buffer_alloc_calloc
                0x00000000000139e0       0xf4 secure_fw/partitions/crypto/mbedcrypto/nrf_security_src/libcrypto_service_mbedcrypto.a(memory_buffer_alloc.o)
 .text.buffer_alloc_free
                0x0000000000013ad4       0xe8 secure_fw/partitions/crypto/mbedcrypto/nrf_security_src/libcrypto_service_mbedcrypto.a(memory_buffer_alloc.o)
 .text.mbedtls_memory_buffer_alloc_init
                0x0000000000013bbc       0x64 secure_fw/partitions/crypto/mbedcrypto/nrf_security_src/libcrypto_service_mbedcrypto.a(memory_buffer_alloc.o)
                0x0000000000013bbc                mbedtls_memory_buffer_alloc_init
 .text.mbedtls_free
                0x0000000000013c20        0xc secure_fw/partitions/crypto/mbedcrypto/nrf_security_src/libcrypto_service_mbedcrypto.a(platform.o)
                0x0000000000013c20                mbedtls_free
 .text.mbedtls_platform_set_calloc_free
                0x0000000000013c2c       0x14 secure_fw/partitions/crypto/mbedcrypto/nrf_security_src/libcrypto_service_mbedcrypto.a(platform.o)
                0x0000000000013c2c                mbedtls_platform_set_calloc_free
 .text.mbedtls_platform_zeroize
                0x0000000000013c40       0x18 secure_fw/partitions/crypto/mbedcrypto/nrf_security_src/libcrypto_service_mbedcrypto.a(platform_util.o)
                0x0000000000013c40                mbedtls_platform_zeroize
 .text.mbedcrypto__psa_generate_random
                0x0000000000013c58       0x1c secure_fw/partitions/crypto/mbedcrypto/nrf_security_src/libcrypto_service_mbedcrypto.a(psa_crypto.o)
                0x0000000000013c58                mbedcrypto__psa_generate_random
 .text.mbedtls_psa_crypto_free
                0x0000000000013c74       0x24 secure_fw/partitions/crypto/mbedcrypto/nrf_security_src/libcrypto_service_mbedcrypto.a(psa_crypto.o)
                0x0000000000013c74                mbedtls_psa_crypto_free
 .text.mbedcrypto__psa_crypto_init
                0x0000000000013c98       0x38 secure_fw/partitions/crypto/mbedcrypto/nrf_security_src/libcrypto_service_mbedcrypto.a(psa_crypto.o)
                0x0000000000013c98                mbedcrypto__psa_crypto_init
 .text.psa_initialize_key_slots
                0x0000000000013cd0       0x10 secure_fw/partitions/crypto/mbedcrypto/nrf_security_src/libcrypto_service_mbedcrypto.a(psa_crypto_slot_management.o)
                0x0000000000013cd0                psa_initialize_key_slots
 .text.psa_wipe_all_key_slots
                0x0000000000013ce0       0x24 secure_fw/partitions/crypto/mbedcrypto/nrf_security_src/libcrypto_service_mbedcrypto.a(psa_crypto_slot_management.o)
                0x0000000000013ce0                psa_wipe_all_key_slots
 .text.nrf_cc3xx_platform_init_hmac_drbg
                0x0000000000013d04       0x44 C:/ncs/v2.7.0/nrfxlib/crypto/nrf_cc310_platform/lib/cortex-m33/soft-float/no-interrupts/libnrf_cc310_platform_0.9.19.a(nrf_cc3xx_platform.c.obj)
                0x0000000000013d04                nrf_cc3xx_platform_init_hmac_drbg
 .text.nrf_cc3xx_platform_hmac_drbg_init
                0x0000000000013d48       0x60 C:/ncs/v2.7.0/nrfxlib/crypto/nrf_cc310_platform/lib/cortex-m33/soft-float/no-interrupts/libnrf_cc310_platform_0.9.19.a(nrf_cc3xx_platform_hmac_drbg.c.obj)
                0x0000000000013d48                nrf_cc3xx_platform_hmac_drbg_init
 .text.nrf_cc3xx_platform_hmac_drbg_get
                0x0000000000013da8       0x44 C:/ncs/v2.7.0/nrfxlib/crypto/nrf_cc310_platform/lib/cortex-m33/soft-float/no-interrupts/libnrf_cc310_platform_0.9.19.a(nrf_cc3xx_platform_hmac_drbg.c.obj)
                0x0000000000013da8                nrf_cc3xx_platform_hmac_drbg_get
 .text.mbedtls_zeroize_internal
                0x0000000000013dec       0x14 C:/ncs/v2.7.0/nrfxlib/crypto/nrf_cc310_platform/lib/cortex-m33/soft-float/no-interrupts/libnrf_cc310_platform_0.9.19.a(mbedtls_common.c.obj)
                0x0000000000013dec                mbedtls_zeroize_internal
 .text.cc_mbedtls_platform_zeroize
                0x0000000000013e00       0x14 C:/ncs/v2.7.0/nrfxlib/crypto/nrf_cc310_platform/lib/cortex-m33/soft-float/no-interrupts/libnrf_cc310_platform_0.9.19.a(mbedtls_common.c.obj)
                0x0000000000013e00                cc_mbedtls_platform_zeroize
 .text.entropy_update
                0x0000000000013e14       0x7c C:/ncs/v2.7.0/nrfxlib/crypto/nrf_cc310_platform/lib/cortex-m33/soft-float/no-interrupts/libnrf_cc310_platform_0.9.19.a(custom_entropy.c.obj)
 .text.entropy_gather_internal.part.0
                0x0000000000013e90       0x88 C:/ncs/v2.7.0/nrfxlib/crypto/nrf_cc310_platform/lib/cortex-m33/soft-float/no-interrupts/libnrf_cc310_platform_0.9.19.a(custom_entropy.c.obj)
 .text.cc_mbedtls_entropy_init
                0x0000000000013f18       0x84 C:/ncs/v2.7.0/nrfxlib/crypto/nrf_cc310_platform/lib/cortex-m33/soft-float/no-interrupts/libnrf_cc310_platform_0.9.19.a(custom_entropy.c.obj)
                0x0000000000013f18                cc_mbedtls_entropy_init
 .text.cc_mbedtls_entropy_func
                0x0000000000013f9c      0x110 C:/ncs/v2.7.0/nrfxlib/crypto/nrf_cc310_platform/lib/cortex-m33/soft-float/no-interrupts/libnrf_cc310_platform_0.9.19.a(custom_entropy.c.obj)
                0x0000000000013f9c                cc_mbedtls_entropy_func
 .text.cc_hmac_sha256_starts.constprop.0
                0x00000000000140ac      0x108 C:/ncs/v2.7.0/nrfxlib/crypto/nrf_cc310_platform/lib/cortex-m33/soft-float/no-interrupts/libnrf_cc310_platform_0.9.19.a(hmac_drbg_alt.c.obj)
 .text.cc_mbedtls_hmac_drbg_init
                0x00000000000141b4       0x28 C:/ncs/v2.7.0/nrfxlib/crypto/nrf_cc310_platform/lib/cortex-m33/soft-float/no-interrupts/libnrf_cc310_platform_0.9.19.a(hmac_drbg_alt.c.obj)
                0x00000000000141b4                cc_mbedtls_hmac_drbg_init
 .text.cc_mbedtls_hmac_drbg_update
                0x00000000000141dc      0x170 C:/ncs/v2.7.0/nrfxlib/crypto/nrf_cc310_platform/lib/cortex-m33/soft-float/no-interrupts/libnrf_cc310_platform_0.9.19.a(hmac_drbg_alt.c.obj)
                0x00000000000141dc                cc_mbedtls_hmac_drbg_update
 .text.cc_hmac_drbg_reseed_core
                0x000000000001434c       0xac C:/ncs/v2.7.0/nrfxlib/crypto/nrf_cc310_platform/lib/cortex-m33/soft-float/no-interrupts/libnrf_cc310_platform_0.9.19.a(hmac_drbg_alt.c.obj)
 .text.cc_mbedtls_hmac_drbg_seed
                0x00000000000143f8       0x54 C:/ncs/v2.7.0/nrfxlib/crypto/nrf_cc310_platform/lib/cortex-m33/soft-float/no-interrupts/libnrf_cc310_platform_0.9.19.a(hmac_drbg_alt.c.obj)
                0x00000000000143f8                cc_mbedtls_hmac_drbg_seed
 .text.cc_mbedtls_hmac_drbg_random_with_add
                0x000000000001444c      0x144 C:/ncs/v2.7.0/nrfxlib/crypto/nrf_cc310_platform/lib/cortex-m33/soft-float/no-interrupts/libnrf_cc310_platform_0.9.19.a(hmac_drbg_alt.c.obj)
                0x000000000001444c                cc_mbedtls_hmac_drbg_random_with_add
 .text.RndStartupTest.constprop.0
                0x0000000000014590       0x98 C:/ncs/v2.7.0/nrfxlib/crypto/nrf_cc310_platform/lib/cortex-m33/soft-float/no-interrupts/libnrf_cc310_platform_0.9.19.a(cc_lib.c.obj)
 .text.CC_LibInit_HMAC_DRBG
                0x0000000000014628       0xc0 C:/ncs/v2.7.0/nrfxlib/crypto/nrf_cc310_platform/lib/cortex-m33/soft-float/no-interrupts/libnrf_cc310_platform_0.9.19.a(cc_lib.c.obj)
                0x0000000000014628                CC_LibInit_HMAC_DRBG
 .text.CC_HalInit
                0x00000000000146e8        0x4 C:/ncs/v2.7.0/nrfxlib/crypto/nrf_cc310_platform/lib/cortex-m33/soft-float/no-interrupts/libnrf_cc310_platform_0.9.19.a(cc_hal.c.obj)
                0x00000000000146e8                CC_HalInit
 .text.CC_HalTerminate
                0x00000000000146ec        0x4 C:/ncs/v2.7.0/nrfxlib/crypto/nrf_cc310_platform/lib/cortex-m33/soft-float/no-interrupts/libnrf_cc310_platform_0.9.19.a(cc_hal.c.obj)
                0x00000000000146ec                CC_HalTerminate
 .text.CC_HalClearInterruptBit
                0x00000000000146f0       0x1c C:/ncs/v2.7.0/nrfxlib/crypto/nrf_cc310_platform/lib/cortex-m33/soft-float/no-interrupts/libnrf_cc310_platform_0.9.19.a(cc_hal.c.obj)
                0x00000000000146f0                CC_HalClearInterruptBit
 .text.CC_HalMaskInterrupt
                0x000000000001470c        0xc C:/ncs/v2.7.0/nrfxlib/crypto/nrf_cc310_platform/lib/cortex-m33/soft-float/no-interrupts/libnrf_cc310_platform_0.9.19.a(cc_hal.c.obj)
                0x000000000001470c                CC_HalMaskInterrupt
 .text.CC_HalWaitInterrupt
                0x0000000000014718        0xc C:/ncs/v2.7.0/nrfxlib/crypto/nrf_cc310_platform/lib/cortex-m33/soft-float/no-interrupts/libnrf_cc310_platform_0.9.19.a(cc_hal.c.obj)
                0x0000000000014718                CC_HalWaitInterrupt
 .text.CC_HalWaitInterruptRND
                0x0000000000014724        0xc C:/ncs/v2.7.0/nrfxlib/crypto/nrf_cc310_platform/lib/cortex-m33/soft-float/no-interrupts/libnrf_cc310_platform_0.9.19.a(cc_hal.c.obj)
                0x0000000000014724                CC_HalWaitInterruptRND
 .text.CC_PalInit
                0x0000000000014730       0x5c C:/ncs/v2.7.0/nrfxlib/crypto/nrf_cc310_platform/lib/cortex-m33/soft-float/no-interrupts/libnrf_cc310_platform_0.9.19.a(cc_pal.c.obj)
                0x0000000000014730                CC_PalInit
 .text.CC_PalTerminate
                0x000000000001478c       0x34 C:/ncs/v2.7.0/nrfxlib/crypto/nrf_cc310_platform/lib/cortex-m33/soft-float/no-interrupts/libnrf_cc310_platform_0.9.19.a(cc_pal.c.obj)
                0x000000000001478c                CC_PalTerminate
 .text.CC_PalDmaInit
                0x00000000000147c0        0x4 C:/ncs/v2.7.0/nrfxlib/crypto/nrf_cc310_platform/lib/cortex-m33/soft-float/no-interrupts/libnrf_cc310_platform_0.9.19.a(cc_pal_dma.c.obj)
                0x00000000000147c0                CC_PalDmaInit
 .text.CC_PalDmaTerminate
                0x00000000000147c4        0x4 C:/ncs/v2.7.0/nrfxlib/crypto/nrf_cc310_platform/lib/cortex-m33/soft-float/no-interrupts/libnrf_cc310_platform_0.9.19.a(cc_pal_dma.c.obj)
                0x00000000000147c4                CC_PalDmaTerminate
 .text.CC_PalWaitInterruptRND
                0x00000000000147c8       0x2c C:/ncs/v2.7.0/nrfxlib/crypto/nrf_cc310_platform/lib/cortex-m33/soft-float/no-interrupts/libnrf_cc310_platform_0.9.19.a(cc_pal_interrupt_ctrl.c.obj)
                0x00000000000147c8                CC_PalWaitInterruptRND
 .text.CC_PalWaitInterrupt
                0x00000000000147f4       0x18 C:/ncs/v2.7.0/nrfxlib/crypto/nrf_cc310_platform/lib/cortex-m33/soft-float/no-interrupts/libnrf_cc310_platform_0.9.19.a(cc_pal_interrupt_ctrl.c.obj)
                0x00000000000147f4                CC_PalWaitInterrupt
 .text.CC_PalMemCopyPlat
                0x000000000001480c        0x4 C:/ncs/v2.7.0/nrfxlib/crypto/nrf_cc310_platform/lib/cortex-m33/soft-float/no-interrupts/libnrf_cc310_platform_0.9.19.a(cc_pal_mem.c.obj)
                0x000000000001480c                CC_PalMemCopyPlat
 .text.CC_PalMemSetZeroPlat
                0x0000000000014810        0x8 C:/ncs/v2.7.0/nrfxlib/crypto/nrf_cc310_platform/lib/cortex-m33/soft-float/no-interrupts/libnrf_cc310_platform_0.9.19.a(cc_pal_mem.c.obj)
                0x0000000000014810                CC_PalMemSetZeroPlat
 .text.CC_PalMutexCreate
                0x0000000000014818       0x14 C:/ncs/v2.7.0/nrfxlib/crypto/nrf_cc310_platform/lib/cortex-m33/soft-float/no-interrupts/libnrf_cc310_platform_0.9.19.a(cc_pal_mutex.c.obj)
                0x0000000000014818                CC_PalMutexCreate
 .text.CC_PalMutexDestroy
                0x000000000001482c       0x14 C:/ncs/v2.7.0/nrfxlib/crypto/nrf_cc310_platform/lib/cortex-m33/soft-float/no-interrupts/libnrf_cc310_platform_0.9.19.a(cc_pal_mutex.c.obj)
                0x000000000001482c                CC_PalMutexDestroy
 .text.CC_PalMutexLock
                0x0000000000014840       0x10 C:/ncs/v2.7.0/nrfxlib/crypto/nrf_cc310_platform/lib/cortex-m33/soft-float/no-interrupts/libnrf_cc310_platform_0.9.19.a(cc_pal_mutex.c.obj)
                0x0000000000014840                CC_PalMutexLock
 .text.CC_PalMutexUnlock
                0x0000000000014850       0x14 C:/ncs/v2.7.0/nrfxlib/crypto/nrf_cc310_platform/lib/cortex-m33/soft-float/no-interrupts/libnrf_cc310_platform_0.9.19.a(cc_pal_mutex.c.obj)
                0x0000000000014850                CC_PalMutexUnlock
 .text.CC_PalPowerSaveModeInit
                0x0000000000014864       0x3c C:/ncs/v2.7.0/nrfxlib/crypto/nrf_cc310_platform/lib/cortex-m33/soft-float/no-interrupts/libnrf_cc310_platform_0.9.19.a(cc_pal_pm.c.obj)
                0x0000000000014864                CC_PalPowerSaveModeInit
 .text.CC_PalPowerSaveModeSelect
                0x00000000000148a0       0x84 C:/ncs/v2.7.0/nrfxlib/crypto/nrf_cc310_platform/lib/cortex-m33/soft-float/no-interrupts/libnrf_cc310_platform_0.9.19.a(cc_pal_pm.c.obj)
                0x00000000000148a0                CC_PalPowerSaveModeSelect
 .text.mutex_init
                0x0000000000014924        0xc C:/ncs/v2.7.0/nrfxlib/crypto/nrf_cc310_platform/lib/cortex-m33/soft-float/no-interrupts/libnrf_cc310_platform_0.9.19.a(threading_alt.c.obj)
                0x0000000000014924                mutex_init
 .text.mutex_lock
                0x0000000000014930        0xc C:/ncs/v2.7.0/nrfxlib/crypto/nrf_cc310_platform/lib/cortex-m33/soft-float/no-interrupts/libnrf_cc310_platform_0.9.19.a(threading_alt.c.obj)
                0x0000000000014930                mutex_lock
 .text.mutex_unlock
                0x000000000001493c        0xc C:/ncs/v2.7.0/nrfxlib/crypto/nrf_cc310_platform/lib/cortex-m33/soft-float/no-interrupts/libnrf_cc310_platform_0.9.19.a(threading_alt.c.obj)
                0x000000000001493c                mutex_unlock
 .text.nrf_cc3xx_platform_abort
                0x0000000000014948       0x24 C:/ncs/v2.7.0/nrfxlib/crypto/nrf_cc310_platform/lib/cortex-m33/soft-float/no-interrupts/libnrf_cc310_platform_0.9.19.a(nrf_cc3xx_platform_abort.c.obj)
 .text.CC_PalAbort
                0x000000000001496c       0x34 C:/ncs/v2.7.0/nrfxlib/crypto/nrf_cc310_platform/lib/cortex-m33/soft-float/no-interrupts/libnrf_cc310_platform_0.9.19.a(nrf_cc3xx_platform_abort.c.obj)
                0x000000000001496c                CC_PalAbort
 .text.mutex_free
                0x00000000000149a0       0x34 C:/ncs/v2.7.0/nrfxlib/crypto/nrf_cc310_platform/lib/cortex-m33/soft-float/no-interrupts/libnrf_cc310_platform_0.9.19.a(nrf_cc3xx_platform_mutex.c.obj)
 .text.mutex_lock
                0x00000000000149d4       0x48 C:/ncs/v2.7.0/nrfxlib/crypto/nrf_cc310_platform/lib/cortex-m33/soft-float/no-interrupts/libnrf_cc310_platform_0.9.19.a(nrf_cc3xx_platform_mutex.c.obj)
 .text.mutex_unlock
                0x0000000000014a1c       0x38 C:/ncs/v2.7.0/nrfxlib/crypto/nrf_cc310_platform/lib/cortex-m33/soft-float/no-interrupts/libnrf_cc310_platform_0.9.19.a(nrf_cc3xx_platform_mutex.c.obj)
 .text.mutex_init
                0x0000000000014a54       0x20 C:/ncs/v2.7.0/nrfxlib/crypto/nrf_cc310_platform/lib/cortex-m33/soft-float/no-interrupts/libnrf_cc310_platform_0.9.19.a(nrf_cc3xx_platform_mutex.c.obj)
 .text.startTrngHW
                0x0000000000014a74      0x140 C:/ncs/v2.7.0/nrfxlib/crypto/nrf_cc310_platform/lib/cortex-m33/soft-float/no-interrupts/libnrf_cc310_platform_0.9.19.a(llf_rnd_trng90b.c.obj)
 .text.LLF_RND_RepetitionCounterTest
                0x0000000000014bb4       0x64 C:/ncs/v2.7.0/nrfxlib/crypto/nrf_cc310_platform/lib/cortex-m33/soft-float/no-interrupts/libnrf_cc310_platform_0.9.19.a(llf_rnd_trng90b.c.obj)
                0x0000000000014bb4                LLF_RND_RepetitionCounterTest
 .text.LLF_RND_AdaptiveProportionTest
                0x0000000000014c18       0x80 C:/ncs/v2.7.0/nrfxlib/crypto/nrf_cc310_platform/lib/cortex-m33/soft-float/no-interrupts/libnrf_cc310_platform_0.9.19.a(llf_rnd_trng90b.c.obj)
                0x0000000000014c18                LLF_RND_AdaptiveProportionTest
 .text.getTrngSource
                0x0000000000014c98      0x2b4 C:/ncs/v2.7.0/nrfxlib/crypto/nrf_cc310_platform/lib/cortex-m33/soft-float/no-interrupts/libnrf_cc310_platform_0.9.19.a(llf_rnd_trng90b.c.obj)
 .text.LLF_RND_GetTrngSource
                0x0000000000014f4c       0x18 C:/ncs/v2.7.0/nrfxlib/crypto/nrf_cc310_platform/lib/cortex-m33/soft-float/no-interrupts/libnrf_cc310_platform_0.9.19.a(llf_rnd_trng90b.c.obj)
                0x0000000000014f4c                LLF_RND_GetTrngSource
 .text.LLF_RND_RunTrngStartupTest
                0x0000000000014f64       0x1c C:/ncs/v2.7.0/nrfxlib/crypto/nrf_cc310_platform/lib/cortex-m33/soft-float/no-interrupts/libnrf_cc310_platform_0.9.19.a(llf_rnd_trng90b.c.obj)
                0x0000000000014f64                LLF_RND_RunTrngStartupTest
 .text.mbedtls_hardware_poll
                0x0000000000014f80       0xfc C:/ncs/v2.7.0/nrfxlib/crypto/nrf_cc310_platform/lib/cortex-m33/soft-float/no-interrupts/libnrf_cc310_platform_0.9.19.a(trng_api.c.obj)
                0x0000000000014f80                mbedtls_hardware_poll
 .text.cc_mbedtls_sha256_init
                0x000000000001507c       0x28 C:/ncs/v2.7.0/nrfxlib/crypto/nrf_cc310_platform/lib/cortex-m33/soft-float/no-interrupts/libnrf_cc310_platform_0.9.19.a(sha256_alt.c.obj)
                0x000000000001507c                cc_mbedtls_sha256_init
 .text.cc_mbedtls_sha256_free
                0x00000000000150a4        0xc C:/ncs/v2.7.0/nrfxlib/crypto/nrf_cc310_platform/lib/cortex-m33/soft-float/no-interrupts/libnrf_cc310_platform_0.9.19.a(sha256_alt.c.obj)
                0x00000000000150a4                cc_mbedtls_sha256_free
 .text.cc_mbedtls_sha256_starts
                0x00000000000150b0       0x28 C:/ncs/v2.7.0/nrfxlib/crypto/nrf_cc310_platform/lib/cortex-m33/soft-float/no-interrupts/libnrf_cc310_platform_0.9.19.a(sha256_alt.c.obj)
                0x00000000000150b0                cc_mbedtls_sha256_starts
 .text.cc_mbedtls_sha256_update
                0x00000000000150d8       0x54 C:/ncs/v2.7.0/nrfxlib/crypto/nrf_cc310_platform/lib/cortex-m33/soft-float/no-interrupts/libnrf_cc310_platform_0.9.19.a(sha256_alt.c.obj)
                0x00000000000150d8                cc_mbedtls_sha256_update
 .text.cc_mbedtls_sha256_finish
                0x000000000001512c       0x48 C:/ncs/v2.7.0/nrfxlib/crypto/nrf_cc310_platform/lib/cortex-m33/soft-float/no-interrupts/libnrf_cc310_platform_0.9.19.a(sha256_alt.c.obj)
                0x000000000001512c                cc_mbedtls_sha256_finish
 .text.mbedtls_sha_starts_internal
                0x0000000000015174       0x28 C:/ncs/v2.7.0/nrfxlib/crypto/nrf_cc310_platform/lib/cortex-m33/soft-float/no-interrupts/libnrf_cc310_platform_0.9.19.a(mbedtls_hash_common.c.obj)
                0x0000000000015174                mbedtls_sha_starts_internal
 .text.mbedtls_sha_finish_internal
                0x000000000001519c       0x5c C:/ncs/v2.7.0/nrfxlib/crypto/nrf_cc310_platform/lib/cortex-m33/soft-float/no-interrupts/libnrf_cc310_platform_0.9.19.a(mbedtls_hash_common.c.obj)
                0x000000000001519c                mbedtls_sha_finish_internal
 .text.mbedtls_sha_update_internal
                0x00000000000151f8      0x1ec C:/ncs/v2.7.0/nrfxlib/crypto/nrf_cc310_platform/lib/cortex-m33/soft-float/no-interrupts/libnrf_cc310_platform_0.9.19.a(mbedtls_hash_common.c.obj)
                0x00000000000151f8                mbedtls_sha_update_internal
 .text.cc_mbedtls_sha256
                0x00000000000153e4       0x50 C:/ncs/v2.7.0/nrfxlib/crypto/nrf_cc310_platform/lib/cortex-m33/soft-float/no-interrupts/libnrf_cc310_platform_0.9.19.a(sha256.c.obj)
                0x00000000000153e4                cc_mbedtls_sha256
 .text.RNG_PLAT_SetUserRngParameters
                0x0000000000015434       0x74 C:/ncs/v2.7.0/nrfxlib/crypto/nrf_cc310_platform/lib/cortex-m33/soft-float/no-interrupts/libnrf_cc310_platform_0.9.19.a(cc_rng_plat.c.obj)
                0x0000000000015434                RNG_PLAT_SetUserRngParameters
 .text.CC_PalTrngParamGet
                0x00000000000154a8      0x114 C:/ncs/v2.7.0/nrfxlib/crypto/nrf_cc310_platform/lib/cortex-m33/soft-float/no-interrupts/libnrf_cc310_platform_0.9.19.a(cc_pal_trng.c.obj)
                0x00000000000154a8                CC_PalTrngParamGet
 .text.LLF_RND_WaitRngInterrupt
                0x00000000000155bc       0x20 C:/ncs/v2.7.0/nrfxlib/crypto/nrf_cc310_platform/lib/cortex-m33/soft-float/no-interrupts/libnrf_cc310_platform_0.9.19.a(llf_rnd.c.obj)
                0x00000000000155bc                LLF_RND_WaitRngInterrupt
 .text.LLF_RND_GetRoscSampleCnt
                0x00000000000155dc       0x34 C:/ncs/v2.7.0/nrfxlib/crypto/nrf_cc310_platform/lib/cortex-m33/soft-float/no-interrupts/libnrf_cc310_platform_0.9.19.a(llf_rnd.c.obj)
                0x00000000000155dc                LLF_RND_GetRoscSampleCnt
 .text.LLF_RND_GetFastestRosc
                0x0000000000015610       0x20 C:/ncs/v2.7.0/nrfxlib/crypto/nrf_cc310_platform/lib/cortex-m33/soft-float/no-interrupts/libnrf_cc310_platform_0.9.19.a(llf_rnd.c.obj)
                0x0000000000015610                LLF_RND_GetFastestRosc
 .text.LLF_RND_TurnOffTrng
                0x0000000000015630       0x18 C:/ncs/v2.7.0/nrfxlib/crypto/nrf_cc310_platform/lib/cortex-m33/soft-float/no-interrupts/libnrf_cc310_platform_0.9.19.a(llf_rnd.c.obj)
                0x0000000000015630                LLF_RND_TurnOffTrng
 .text.SetDataBuffersInfo
                0x0000000000015648       0x68 C:/ncs/v2.7.0/nrfxlib/crypto/nrf_cc310_platform/lib/cortex-m33/soft-float/no-interrupts/libnrf_cc310_platform_0.9.19.a(driver_common.c.obj)
                0x0000000000015648                SetDataBuffersInfo
 .text.InitHashDrv
                0x00000000000156b0       0x50 C:/ncs/v2.7.0/nrfxlib/crypto/nrf_cc310_platform/lib/cortex-m33/soft-float/no-interrupts/libnrf_cc310_platform_0.9.19.a(hash_driver.c.obj)
                0x00000000000156b0                InitHashDrv
 .text.ProcessHashDrv
                0x0000000000015700      0x22c C:/ncs/v2.7.0/nrfxlib/crypto/nrf_cc310_platform/lib/cortex-m33/soft-float/no-interrupts/libnrf_cc310_platform_0.9.19.a(hash_driver.c.obj)
                0x0000000000015700                ProcessHashDrv
 .text.FinishHashDrv
                0x000000000001592c       0x74 C:/ncs/v2.7.0/nrfxlib/crypto/nrf_cc310_platform/lib/cortex-m33/soft-float/no-interrupts/libnrf_cc310_platform_0.9.19.a(hash_driver.c.obj)
                0x000000000001592c                FinishHashDrv
 .text.CC_PalDataBufferAttrGet
                0x00000000000159a0        0x8 C:/ncs/v2.7.0/nrfxlib/crypto/nrf_cc310_platform/lib/cortex-m33/soft-float/no-interrupts/libnrf_cc310_platform_0.9.19.a(cc_pal_buff_attr.c.obj)
                0x00000000000159a0                CC_PalDataBufferAttrGet
 .text.exit     0x00000000000159a8       0x28 c:/ncs/toolchains/ce3b5ff664/opt/zephyr-sdk/arm-zephyr-eabi/bin/../lib/gcc/arm-zephyr-eabi/12.2.0/../../../../arm-zephyr-eabi/lib/thumb/v8-m.main/nofp\libc_nano.a(lib_a-exit.o)
                0x00000000000159a8                exit
 .text.__libc_init_array
                0x00000000000159d0       0x48 c:/ncs/toolchains/ce3b5ff664/opt/zephyr-sdk/arm-zephyr-eabi/bin/../lib/gcc/arm-zephyr-eabi/12.2.0/../../../../arm-zephyr-eabi/lib/thumb/v8-m.main/nofp\libc_nano.a(lib_a-init.o)
                0x00000000000159d0                __libc_init_array
 .text          0x0000000000015a18       0xc8 c:/ncs/toolchains/ce3b5ff664/opt/zephyr-sdk/arm-zephyr-eabi/bin/../lib/gcc/arm-zephyr-eabi/12.2.0/thumb/v8-m.main/nofp\libgcc.a(cmse.o)
                0x0000000000015a18                cmse_check_address_range
 .text._exit    0x0000000000015ae0        0x4 c:/ncs/toolchains/ce3b5ff664/opt/zephyr-sdk/arm-zephyr-eabi/bin/../lib/gcc/arm-zephyr-eabi/12.2.0/../../../../arm-zephyr-eabi/lib/thumb/v8-m.main/nofp\libnosys.a(_exit.o)
                0x0000000000015ae0                _exit
 .text.clear_caller_context
                0x0000000000015ae4        0x8 secure_fw/CMakeFiles/tfm_s.dir/partitions/ns_agent_tz/psa_api_veneers_v80m.o
 .text.C_HardFault_Handler
                0x0000000000015aec        0x4 secure_fw/CMakeFiles/tfm_s.dir/__/platform/ext/common/faults.o
                0x0000000000015aec                C_HardFault_Handler
 .text.HardFault_Handler
                0x0000000000015af0       0x1c secure_fw/CMakeFiles/tfm_s.dir/__/platform/ext/common/faults.o
                0x0000000000015af0                HardFault_Handler
 .text.C_MemManage_Handler
                0x0000000000015b0c        0x4 secure_fw/CMakeFiles/tfm_s.dir/__/platform/ext/common/faults.o
                0x0000000000015b0c                C_MemManage_Handler
 .text.MemManage_Handler
                0x0000000000015b10       0x1c secure_fw/CMakeFiles/tfm_s.dir/__/platform/ext/common/faults.o
                0x0000000000015b10                MemManage_Handler
 .text.C_BusFault_Handler
                0x0000000000015b2c        0x4 secure_fw/CMakeFiles/tfm_s.dir/__/platform/ext/common/faults.o
                0x0000000000015b2c                C_BusFault_Handler
 .text.BusFault_Handler
                0x0000000000015b30       0x1c secure_fw/CMakeFiles/tfm_s.dir/__/platform/ext/common/faults.o
                0x0000000000015b30                BusFault_Handler
 .text.C_SecureFault_Handler
                0x0000000000015b4c        0x4 secure_fw/CMakeFiles/tfm_s.dir/__/platform/ext/common/faults.o
                0x0000000000015b4c                C_SecureFault_Handler
 .text.SecureFault_Handler
                0x0000000000015b50       0x1c secure_fw/CMakeFiles/tfm_s.dir/__/platform/ext/common/faults.o
                0x0000000000015b50                SecureFault_Handler
 .text.C_UsageFault_Handler
                0x0000000000015b6c        0x4 secure_fw/CMakeFiles/tfm_s.dir/__/platform/ext/common/faults.o
                0x0000000000015b6c                C_UsageFault_Handler
 .text.UsageFault_Handler
                0x0000000000015b70       0x1c secure_fw/CMakeFiles/tfm_s.dir/__/platform/ext/common/faults.o
                0x0000000000015b70                UsageFault_Handler
 .text.memmove  0x0000000000015b8c       0x6c secure_fw/partitions/lib/runtime/libtfm_sprt.a(crt_memmove.o)
                0x0000000000015b8c                memmove
 .text.memcpy   0x0000000000015bf8       0x4a secure_fw/partitions/lib/runtime/libtfm_sprt.a(crt_memcpy.o)
                0x0000000000015bf8                memcpy
 .text.memset   0x0000000000015c42       0x46 secure_fw/partitions/lib/runtime/libtfm_sprt.a(crt_memset.o)
                0x0000000000015c42                memset
 .text.psa_framework_version
                0x0000000000015c88       0x18 secure_fw/partitions/lib/runtime/libtfm_sprt.a(psa_interface_sfn.o)
                0x0000000000015c88                psa_framework_version
 .text.psa_version
                0x0000000000015ca0       0x1c secure_fw/partitions/lib/runtime/libtfm_sprt.a(psa_interface_sfn.o)
                0x0000000000015ca0                psa_version
 .text.psa_read
                0x0000000000015cbc       0x2a secure_fw/partitions/lib/runtime/libtfm_sprt.a(psa_interface_sfn.o)
                0x0000000000015cbc                psa_read
 .text.psa_write
                0x0000000000015ce6       0x2a secure_fw/partitions/lib/runtime/libtfm_sprt.a(psa_interface_sfn.o)
                0x0000000000015ce6                psa_write
 .text.psa_panic
                0x0000000000015d10       0x18 secure_fw/partitions/lib/runtime/libtfm_sprt.a(psa_interface_sfn.o)
                0x0000000000015d10                psa_panic
 .text.platform_calloc_uninit
                0x0000000000015d28        0x4 secure_fw/partitions/crypto/mbedcrypto/nrf_security_src/libcrypto_service_mbedcrypto.a(platform.o)
 .text.platform_free_uninit
                0x0000000000015d2c        0x2 secure_fw/partitions/crypto/mbedcrypto/nrf_security_src/libcrypto_service_mbedcrypto.a(platform.o)
 .text.mbedtls_zeroize_and_free
                0x0000000000015d2e       0x14 secure_fw/partitions/crypto/mbedcrypto/nrf_security_src/libcrypto_service_mbedcrypto.a(platform_util.o)
                0x0000000000015d2e                mbedtls_zeroize_and_free
 .text.psa_remove_key_data_from_memory
                0x0000000000015d42       0x16 secure_fw/partitions/crypto/mbedcrypto/nrf_security_src/libcrypto_service_mbedcrypto.a(psa_crypto.o)
                0x0000000000015d42                psa_remove_key_data_from_memory
 .text.psa_wipe_key_slot
                0x0000000000015d58       0x22 secure_fw/partitions/crypto/mbedcrypto/nrf_security_src/libcrypto_service_mbedcrypto.a(psa_crypto.o)
                0x0000000000015d58                psa_wipe_key_slot
 .text.psa_driver_wrapper_init
                0x0000000000015d7a        0x4 secure_fw/partitions/crypto/mbedcrypto/nrf_security_src/libcrypto_service_mbedcrypto.a(psa_crypto_driver_wrappers.o)
                0x0000000000015d7a                psa_driver_wrapper_init
 .text.psa_driver_wrapper_free
                0x0000000000015d7e        0x2 secure_fw/partitions/crypto/mbedcrypto/nrf_security_src/libcrypto_service_mbedcrypto.a(psa_crypto_driver_wrappers.o)
                0x0000000000015d7e                psa_driver_wrapper_free
 .text.psa_driver_wrapper_init_random
                0x0000000000015d80        0x4 secure_fw/partitions/crypto/mbedcrypto/nrf_security_src/libcrypto_service_mbedcrypto.a(psa_crypto_driver_wrappers.o)
                0x0000000000015d80                psa_driver_wrapper_init_random
 .text.psa_driver_wrapper_get_random
                0x0000000000015d84       0x22 secure_fw/partitions/crypto/mbedcrypto/nrf_security_src/libcrypto_service_mbedcrypto.a(psa_crypto_driver_wrappers.o)
                0x0000000000015d84                psa_driver_wrapper_get_random
 .text.psa_driver_wrapper_free_random
                0x0000000000015da6        0x4 secure_fw/partitions/crypto/mbedcrypto/nrf_security_src/libcrypto_service_mbedcrypto.a(psa_crypto_driver_wrappers.o)
                0x0000000000015da6                psa_driver_wrapper_free_random
 .text          0x0000000000015daa       0x38 c:/ncs/toolchains/ce3b5ff664/opt/zephyr-sdk/arm-zephyr-eabi/bin/../lib/gcc/arm-zephyr-eabi/12.2.0/thumb/v8-m.main/nofp\libgcc.a(cmse_nonsecure_call.o)
                0x0000000000015daa                __gnu_cmse_nonsecure_call
 *(.init)
 *fill*         0x0000000000015de2        0x2 
 .init          0x0000000000015de4        0x4 c:/ncs/toolchains/ce3b5ff664/opt/zephyr-sdk/arm-zephyr-eabi/bin/../lib/gcc/arm-zephyr-eabi/12.2.0/thumb/v8-m.main/nofp/crti.o
                0x0000000000015de4                _init
 .init          0x0000000000015de8        0x8 c:/ncs/toolchains/ce3b5ff664/opt/zephyr-sdk/arm-zephyr-eabi/bin/../lib/gcc/arm-zephyr-eabi/12.2.0/thumb/v8-m.main/nofp/crtn.o
 *(.fini)
 .fini          0x0000000000015df0        0x4 c:/ncs/toolchains/ce3b5ff664/opt/zephyr-sdk/arm-zephyr-eabi/bin/../lib/gcc/arm-zephyr-eabi/12.2.0/thumb/v8-m.main/nofp/crti.o
                0x0000000000015df0                _fini
 .fini          0x0000000000015df4        0x8 c:/ncs/toolchains/ce3b5ff664/opt/zephyr-sdk/arm-zephyr-eabi/bin/../lib/gcc/arm-zephyr-eabi/12.2.0/thumb/v8-m.main/nofp/crtn.o
 *crtbegin.o(.ctors)
 *crtbegin?.o(.ctors)
 *(EXCLUDE_FILE(*crtend.o *crtend?.o) .ctors)
 *(SORT_BY_NAME(.ctors.*))
 *(.ctors)
 *crtbegin.o(.dtors)
 *crtbegin?.o(.dtors)
 *(EXCLUDE_FILE(*crtend.o *crtend?.o) .dtors)
 *(SORT_BY_NAME(.dtors.*))
 *(.dtors)
 *(SORT_BY_ALIGNMENT(.rodata*))
 .rodata.CSWTCH.10
                0x0000000000015dfc       0x1c C:/ncs/v2.7.0/nrfxlib/crypto/nrf_cc310_platform/lib/cortex-m33/soft-float/no-interrupts/libnrf_cc310_platform_0.9.19.a(nrf_cc3xx_platform.c.obj)
 .rodata.RndStartupTest.constprop.0.str1.4
                0x0000000000015e18       0x6f C:/ncs/v2.7.0/nrfxlib/crypto/nrf_cc310_platform/lib/cortex-m33/soft-float/no-interrupts/libnrf_cc310_platform_0.9.19.a(cc_lib.c.obj)
 *fill*         0x0000000000015e87        0x1 
 .rodata.CC_PalPowerSaveModeInit.str1.4
                0x0000000000015e88       0x20 C:/ncs/v2.7.0/nrfxlib/crypto/nrf_cc310_platform/lib/cortex-m33/soft-float/no-interrupts/libnrf_cc310_platform_0.9.19.a(cc_pal_pm.c.obj)
 .rodata.mutex_free.str1.4
                0x0000000000015ea8       0x26 C:/ncs/v2.7.0/nrfxlib/crypto/nrf_cc310_platform/lib/cortex-m33/soft-float/no-interrupts/libnrf_cc310_platform_0.9.19.a(nrf_cc3xx_platform_mutex.c.obj)
 *fill*         0x0000000000015ece        0x2 
 .rodata.mutex_init.str1.4
                0x0000000000015ed0       0x23 C:/ncs/v2.7.0/nrfxlib/crypto/nrf_cc310_platform/lib/cortex-m33/soft-float/no-interrupts/libnrf_cc310_platform_0.9.19.a(nrf_cc3xx_platform_mutex.c.obj)
 *fill*         0x0000000000015ef3        0x1 
 .rodata.mbedtls_hardware_poll.str1.4
                0x0000000000015ef4       0x16 C:/ncs/v2.7.0/nrfxlib/crypto/nrf_cc310_platform/lib/cortex-m33/soft-float/no-interrupts/libnrf_cc310_platform_0.9.19.a(trng_api.c.obj)
                                         0x6e (size before relaxing)
 *fill*         0x0000000000015f0a        0x2 
 .rodata.cc_mbedtls_sha256_init.str1.4
                0x0000000000015f0c        0xe C:/ncs/v2.7.0/nrfxlib/crypto/nrf_cc310_platform/lib/cortex-m33/soft-float/no-interrupts/libnrf_cc310_platform_0.9.19.a(sha256_alt.c.obj)
 .rodata.ProcessHashDrv.str1.4
                0x0000000000015f1a       0x6f C:/ncs/v2.7.0/nrfxlib/crypto/nrf_cc310_platform/lib/cortex-m33/soft-float/no-interrupts/libnrf_cc310_platform_0.9.19.a(hash_driver.c.obj)
 *fill*         0x0000000000015f1a        0x2 
 .rodata.HASH_LARVAL_SHA256
                0x0000000000015f1c       0x20 C:/ncs/v2.7.0/nrfxlib/crypto/nrf_cc310_platform/lib/cortex-m33/soft-float/no-interrupts/libnrf_cc310_platform_0.9.19.a(hash_driver.c.obj)
 .rodata.HASH_LARVAL_SHA224
                0x0000000000015f3c       0x20 C:/ncs/v2.7.0/nrfxlib/crypto/nrf_cc310_platform/lib/cortex-m33/soft-float/no-interrupts/libnrf_cc310_platform_0.9.19.a(hash_driver.c.obj)
 .rodata.HASH_LARVAL_SHA1
                0x0000000000015f5c       0x14 C:/ncs/v2.7.0/nrfxlib/crypto/nrf_cc310_platform/lib/cortex-m33/soft-float/no-interrupts/libnrf_cc310_platform_0.9.19.a(hash_driver.c.obj)
 .rodata._global_impure_ptr
                0x0000000000015f70        0x4 c:/ncs/toolchains/ce3b5ff664/opt/zephyr-sdk/arm-zephyr-eabi/bin/../lib/gcc/arm-zephyr-eabi/12.2.0/../../../../arm-zephyr-eabi/lib/thumb/v8-m.main/nofp\libc_nano.a(lib_a-impure.o)
                0x0000000000015f70                _global_impure_ptr
 .rodata.str1.1
                0x0000000000015f74        0xb secure_fw/CMakeFiles/tfm_s.dir/__/generated/secure_fw/partitions/crypto/auto_generated/load_info_tfm_crypto.o
 .rodata.str1.1
                0x0000000000015f7f       0x15 secure_fw/CMakeFiles/tfm_s.dir/__/generated/secure_fw/partitions/platform/auto_generated/load_info_tfm_platform.o
 *(.eh_frame*)
 .eh_frame      0x0000000000015f94        0x0 c:/ncs/toolchains/ce3b5ff664/opt/zephyr-sdk/arm-zephyr-eabi/bin/../lib/gcc/arm-zephyr-eabi/12.2.0/thumb/v8-m.main/nofp/crtbegin.o
 .eh_frame      0x0000000000015f94        0x4 c:/ncs/toolchains/ce3b5ff664/opt/zephyr-sdk/arm-zephyr-eabi/bin/../lib/gcc/arm-zephyr-eabi/12.2.0/thumb/v8-m.main/nofp/crtend.o
                0x0000000000015fa0                . = ALIGN (0x20)
 *fill*         0x0000000000015f98        0x8 
                0x0000000000013780                Image$$TFM_UNPRIV_CODE_START$$RO$$Base = ADDR (.TFM_UNPRIV_CODE)
                0x0000000000015fa0                Image$$TFM_UNPRIV_CODE_END$$RO$$Limit = (ADDR (.TFM_UNPRIV_CODE) + SIZEOF (.TFM_UNPRIV_CODE))

.glue_7         0x0000000000015fa0        0x0
 .glue_7        0x0000000000015fa0        0x0 linker stubs

.glue_7t        0x0000000000015fa0        0x0
 .glue_7t       0x0000000000015fa0        0x0 linker stubs

.vfp11_veneer   0x0000000000015fa0        0x0
 .vfp11_veneer  0x0000000000015fa0        0x0 linker stubs

.v4_bx          0x0000000000015fa0        0x0
 .v4_bx         0x0000000000015fa0        0x0 linker stubs

.iplt           0x0000000000015fa0        0x0
 .iplt          0x0000000000015fa0        0x0 c:/ncs/toolchains/ce3b5ff664/opt/zephyr-sdk/arm-zephyr-eabi/bin/../lib/gcc/arm-zephyr-eabi/12.2.0/thumb/v8-m.main/nofp/crtbegin.o

.rel.dyn        0x0000000000015fa0        0x0
 .rel.iplt      0x0000000000015fa0        0x0 c:/ncs/toolchains/ce3b5ff664/opt/zephyr-sdk/arm-zephyr-eabi/bin/../lib/gcc/arm-zephyr-eabi/12.2.0/thumb/v8-m.main/nofp/crtbegin.o

.gnu.sgstubs    0x0000000000017c00       0x40
 *(.gnu.sgstubs*)
 .gnu.sgstubs.__stub
                0x0000000000017c00       0x28 linker stubs
                0x0000000000017c00                tfm_psa_framework_version_veneer
                0x0000000000017c08                tfm_psa_version_veneer
                0x0000000000017c10                tfm_psa_close_veneer
                0x0000000000017c18                tfm_psa_connect_veneer
                0x0000000000017c20                tfm_psa_call_veneer

.sgstubs_end    0x0000000000018000        0x0

.tfm_secure_data_start
                0x0000000020000000        0x0
                0x0000000020000000                . = ALIGN (0x4)

.tfm_bl2_shared_data
                0x0000000020000000      0x400
                0x0000000020000400                . = (. + 0x400)
 *fill*         0x0000000020000000      0x400 

.msp_stack      0x0000000020000400      0x7f8
                0x0000000020000bf8                . = (. + (__msp_stack_size__ - 0x8))
 *fill*         0x0000000020000400      0x7f8 
                0x0000000020000400                Image$$ARM_LIB_STACK$$ZI$$Base = ADDR (.msp_stack)
                0x0000000020000bf8                Image$$ARM_LIB_STACK$$ZI$$Limit = (ADDR (.msp_stack) + SIZEOF (.msp_stack))

.msp_stack_seal_res
                0x0000000020000bf8        0x8
                0x0000000020000c00                . = (. + 0x8)
 *fill*         0x0000000020000bf8        0x8 
                0x0000000020000bf8                __StackSeal = ADDR (.msp_stack_seal_res)
                0x0000000020000c00                . = ALIGN (0x20)
                0x0000000020000c00                Image$$TFM_APP_RW_STACK_START$$Base = .

.TFM_APP_ROT_LINKER_DATA
                0x0000000020000c00        0x0 load address 0x0000000000017c40
 *tfm_app_rot_partition*:(SORT_BY_ALIGNMENT(.data*))
 *(TFM_*_APP-ROT_ATTR_RW)
                0x0000000020000c00                . = ALIGN (0x4)
                0x0000000020000c00                Image$$TFM_APP_ROT_LINKER_DATA$$RW$$Base = ADDR (.TFM_APP_ROT_LINKER_DATA)
                0x0000000020000c00                Image$$TFM_APP_ROT_LINKER_DATA$$RW$$Limit = (ADDR (.TFM_APP_ROT_LINKER_DATA) + SIZEOF (.TFM_APP_ROT_LINKER_DATA))

.TFM_APP_ROT_LINKER_BSS
                0x0000000020000c00       0x20
                0x0000000020000c00                start_of_TFM_APP_ROT_LINKER = .
 *tfm_app_rot_partition*:(SORT_BY_ALIGNMENT(.bss*))
 *tfm_app_rot_partition*:*(COMMON)
 *(TFM_*_APP-ROT_ATTR_ZI)
                0x0000000020000c04                . = (. + (. - start_of_TFM_APP_ROT_LINKER)?0x0:0x4)
 *fill*         0x0000000020000c00        0x4 
                0x0000000020000c20                . = ALIGN (0x20)
 *fill*         0x0000000020000c04       0x1c 
                0x0000000020000c00                Image$$TFM_APP_ROT_LINKER_DATA$$ZI$$Base = ADDR (.TFM_APP_ROT_LINKER_BSS)
                0x0000000020000c20                Image$$TFM_APP_ROT_LINKER_DATA$$ZI$$Limit = (ADDR (.TFM_APP_ROT_LINKER_BSS) + SIZEOF (.TFM_APP_ROT_LINKER_BSS))
                0x0000000020000c20                Image$$TFM_APP_RW_STACK_END$$Base = .
                0x0000000020000c20                Image$$TFM_PSA_RW_STACK_START$$Base = .

.TFM_PSA_ROT_LINKER_DATA
                0x0000000020000c20        0x0 load address 0x0000000000017c40
 *tfm_psa_rot_partition*:(SORT_BY_ALIGNMENT(.data*))
 *(TFM_*_PSA-ROT_ATTR_RW)
                0x0000000020000c20                . = ALIGN (0x4)
                0x0000000020000c20                Image$$TFM_PSA_ROT_LINKER_DATA$$RW$$Base = ADDR (.TFM_PSA_ROT_LINKER_DATA)
                0x0000000020000c20                Image$$TFM_PSA_ROT_LINKER_DATA$$RW$$Limit = (ADDR (.TFM_PSA_ROT_LINKER_DATA) + SIZEOF (.TFM_PSA_ROT_LINKER_DATA))

.TFM_PSA_ROT_LINKER_BSS
                0x0000000020000c20      0x460
                0x0000000020000c20                start_of_TFM_PSA_ROT_LINKER = .
 *tfm_psa_rot_partition*:(SORT_BY_ALIGNMENT(.bss*))
 .bss.scratch   0x0000000020000c20      0x408 secure_fw/partitions/crypto/libtfm_psa_rot_partition_crypto.a(crypto_init.o)
 .bss.operations
                0x0000000020001028       0x28 secure_fw/partitions/crypto/libtfm_psa_rot_partition_crypto.a(crypto_alloc.o)
 .bss.mbedtls_mem_buf
                0x0000000020001050        0x1 secure_fw/partitions/crypto/libtfm_psa_rot_partition_crypto.a(crypto_library.o)
 .bss.mbedtls_version_full
                0x0000000020001051       0x12 secure_fw/partitions/crypto/libtfm_psa_rot_partition_crypto.a(crypto_library.o)
 *tfm_psa_rot_partition*:*(COMMON)
 *(TFM_*_PSA-ROT_ATTR_ZI)
                0x0000000020001063                . = (. + (. - start_of_TFM_PSA_ROT_LINKER)?0x0:0x4)
                0x0000000020001080                . = ALIGN (0x20)
 *fill*         0x0000000020001063       0x1d 
                0x0000000020000c20                Image$$TFM_PSA_ROT_LINKER_DATA$$ZI$$Base = ADDR (.TFM_PSA_ROT_LINKER_BSS)
                0x0000000020001080                Image$$TFM_PSA_ROT_LINKER_DATA$$ZI$$Limit = (ADDR (.TFM_PSA_ROT_LINKER_BSS) + SIZEOF (.TFM_PSA_ROT_LINKER_BSS))
                0x0000000020001080                Image$$TFM_PSA_RW_STACK_END$$Base = .

.TFM_DATA       0x0000000020001080      0x128 load address 0x0000000000017c40
 *(SORT_BY_ALIGNMENT(.data*))
 .data.ret_err  0x0000000020001080        0x4 secure_fw/CMakeFiles/tfm_s.dir/partitions/ns_agent_tz/psa_api_veneers_v80m.o
                0x0000000020001080                ret_err
 .data.UART1_Resources
                0x0000000020001084       0x24 platform/libplatform_s.a(Driver_USART.o)
 .data.dev_mpu_s
                0x00000000200010a8        0x4 secure_fw/spm/libtfm_spm.a(tfm_hal_isolation.o)
                0x00000000200010a8                dev_mpu_s
 .data.tfm_peripheral_vmc
                0x00000000200010ac        0x8 secure_fw/spm/libtfm_spm.a(target_cfg.o)
                0x00000000200010ac                tfm_peripheral_vmc
 .data.tfm_peripheral_uarte1
                0x00000000200010b4        0x8 secure_fw/spm/libtfm_spm.a(target_cfg.o)
                0x00000000200010b4                tfm_peripheral_uarte1
 .data.serv_pool_sa
                0x00000000200010bc        0x4 secure_fw/spm/libtfm_spm.a(rom_loader.o)
 .data.part_pool_sa
                0x00000000200010c0        0x4 secure_fw/spm/libtfm_spm.a(rom_loader.o)
 .data.ldinf_sa
                0x00000000200010c4        0x4 secure_fw/spm/libtfm_spm.a(rom_loader.o)
 .data.mbedtls_free_func
                0x00000000200010c8        0x4 secure_fw/partitions/crypto/mbedcrypto/nrf_security_src/libcrypto_service_mbedcrypto.a(platform.o)
 .data.mbedtls_calloc_func
                0x00000000200010cc        0x4 secure_fw/partitions/crypto/mbedcrypto/nrf_security_src/libcrypto_service_mbedcrypto.a(platform.o)
 .data.memset_func
                0x00000000200010d0        0x4 secure_fw/partitions/crypto/mbedcrypto/nrf_security_src/libcrypto_service_mbedcrypto.a(platform_util.o)
 .data.pCCRndCryptoMutex
                0x00000000200010d4        0x4 C:/ncs/v2.7.0/nrfxlib/crypto/nrf_cc310_platform/lib/cortex-m33/soft-float/no-interrupts/libnrf_cc310_platform_0.9.19.a(cc_pal.c.obj)
                0x00000000200010d4                pCCRndCryptoMutex
 .data.CCPowerMutex
                0x00000000200010d8        0x4 C:/ncs/v2.7.0/nrfxlib/crypto/nrf_cc310_platform/lib/cortex-m33/soft-float/no-interrupts/libnrf_cc310_platform_0.9.19.a(cc_pal.c.obj)
                0x00000000200010d8                CCPowerMutex
 .data.CCRndCryptoMutex
                0x00000000200010dc        0x4 C:/ncs/v2.7.0/nrfxlib/crypto/nrf_cc310_platform/lib/cortex-m33/soft-float/no-interrupts/libnrf_cc310_platform_0.9.19.a(cc_pal.c.obj)