Archive member included to satisfy reference by file (symbol)

app/libapp.a(shmem.c.obj)     (--whole-archive)
app/libapp.a(startup.c.obj)   (--whole-archive)
app/libapp.a(main.c.obj)      (--whole-archive)
zephyr/libzephyr.a(heap.c.obj)
                              (--whole-archive)
zephyr/libzephyr.a(cbprintf_packaged.c.obj)
                              (--whole-archive)
zephyr/libzephyr.a(printk.c.obj)
                              (--whole-archive)
zephyr/libzephyr.a(sem.c.obj)
                              (--whole-archive)
zephyr/libzephyr.a(thread_entry.c.obj)
                              (--whole-archive)
zephyr/libzephyr.a(fdtable.c.obj)
                              (--whole-archive)
zephyr/libzephyr.a(cbprintf_complete.c.obj)
                              (--whole-archive)
zephyr/libzephyr.a(cbprintf.c.obj)
                              (--whole-archive)
zephyr/libzephyr.a(assert.c.obj)
                              (--whole-archive)
zephyr/libzephyr.a(dec.c.obj)
                              (--whole-archive)
zephyr/libzephyr.a(hex.c.obj)
                              (--whole-archive)
zephyr/libzephyr.a(rb.c.obj)  (--whole-archive)
zephyr/libzephyr.a(timeutil.c.obj)
                              (--whole-archive)
zephyr/libzephyr.a(bitarray.c.obj)
                              (--whole-archive)
zephyr/libzephyr.a(onoff.c.obj)
                              (--whole-archive)
zephyr/libzephyr.a(notify.c.obj)
                              (--whole-archive)
zephyr/libzephyr.a(configs.c.obj)
                              (--whole-archive)
zephyr/libzephyr.a(log_core.c.obj)
                              (--whole-archive)
zephyr/libzephyr.a(log_mgmt.c.obj)
                              (--whole-archive)
zephyr/libzephyr.a(log_cache.c.obj)
                              (--whole-archive)
zephyr/libzephyr.a(log_msg.c.obj)
                              (--whole-archive)
zephyr/libzephyr.a(log_output.c.obj)
                              (--whole-archive)
zephyr/libzephyr.a(log_backend_uart.c.obj)
                              (--whole-archive)
zephyr/libzephyr.a(mem_attr.c.obj)
                              (--whole-archive)
zephyr/libzephyr.a(tracing_none.c.obj)
                              (--whole-archive)
zephyr/libzephyr.a(addr_utils.c.obj)
                              (--whole-archive)
zephyr/libzephyr.a(banner.c.obj)
                              (--whole-archive)
zephyr/libzephyr.a(flash_map_partition_manager.c.obj)
                              (--whole-archive)
zephyr/arch/common/libarch__common.a(sw_isr_common.c.obj)
                              (--whole-archive)
zephyr/arch/arch/arm/core/libarch__arm__core.a(fatal.c.obj)
                              (--whole-archive)
zephyr/arch/arch/arm/core/libarch__arm__core.a(nmi.c.obj)
                              (--whole-archive)
zephyr/arch/arch/arm/core/libarch__arm__core.a(nmi_on_reset.S.obj)
                              (--whole-archive)
zephyr/arch/arch/arm/core/cortex_m/libarch__arm__core__cortex_m.a(exc_exit.c.obj)
                              (--whole-archive)
zephyr/arch/arch/arm/core/cortex_m/libarch__arm__core__cortex_m.a(fault.c.obj)
                              (--whole-archive)
zephyr/arch/arch/arm/core/cortex_m/libarch__arm__core__cortex_m.a(fault_s.S.obj)
                              (--whole-archive)
zephyr/arch/arch/arm/core/cortex_m/libarch__arm__core__cortex_m.a(fpu.c.obj)
                              (--whole-archive)
zephyr/arch/arch/arm/core/cortex_m/libarch__arm__core__cortex_m.a(reset.S.obj)
                              (--whole-archive)
zephyr/arch/arch/arm/core/cortex_m/libarch__arm__core__cortex_m.a(scb.c.obj)
                              (--whole-archive)
zephyr/arch/arch/arm/core/cortex_m/libarch__arm__core__cortex_m.a(thread_abort.c.obj)
                              (--whole-archive)
zephyr/arch/arch/arm/core/cortex_m/libarch__arm__core__cortex_m.a(vector_table.S.obj)
                              (--whole-archive)
zephyr/arch/arch/arm/core/cortex_m/libarch__arm__core__cortex_m.a(swap.c.obj)
                              (--whole-archive)
zephyr/arch/arch/arm/core/cortex_m/libarch__arm__core__cortex_m.a(swap_helper.S.obj)
                              (--whole-archive)
zephyr/arch/arch/arm/core/cortex_m/libarch__arm__core__cortex_m.a(irq_manage.c.obj)
                              (--whole-archive)
zephyr/arch/arch/arm/core/cortex_m/libarch__arm__core__cortex_m.a(prep_c.c.obj)
                              (--whole-archive)
zephyr/arch/arch/arm/core/cortex_m/libarch__arm__core__cortex_m.a(thread.c.obj)
                              (--whole-archive)
zephyr/arch/arch/arm/core/cortex_m/libarch__arm__core__cortex_m.a(cpu_idle.c.obj)
                              (--whole-archive)
zephyr/arch/arch/arm/core/cortex_m/libarch__arm__core__cortex_m.a(irq_init.c.obj)
                              (--whole-archive)
zephyr/arch/arch/arm/core/cortex_m/libarch__arm__core__cortex_m.a(isr_wrapper.c.obj)
[...]
Memory Configuration

Name             Origin             Length             Attributes
FLASH            0x0000000000018000 0x0000000000070000 xr
RAM              0x000000002000c568 0x0000000000033a98 xw
IDT_LIST         0x00000000ffff7fff 0x0000000000008000 xw
*default*        0x0000000000000000 0xffffffffffffffff

Linker script and memory map

LOAD zephyr/CMakeFiles/zephyr_pre0.dir/misc/empty_file.c.obj
LOAD zephyr/CMakeFiles/offsets.dir/./arch/arm/core/offsets/offsets.c.obj
LOAD tfm/api_ns/interface/lib/s_veneers.o
LOAD app/libapp.a
LOAD zephyr/libzephyr.a
LOAD zephyr/arch/common/libarch__common.a
LOAD zephyr/arch/arch/arm/core/libarch__arm__core.a
LOAD zephyr/arch/arch/arm/core/cortex_m/libarch__arm__core__cortex_m.a
LOAD zephyr/arch/arch/arm/core/cortex_m/cmse/libarch__arm__core__cortex_m__cmse.a
LOAD zephyr/arch/arch/arm/core/mpu/libarch__arm__core__mpu.a
LOAD zephyr/lib/libc/newlib/liblib__libc__newlib.a
LOAD zephyr/lib/libc/common/liblib__libc__common.a
LOAD zephyr/lib/posix/options/liblib__posix__options.a
LOAD zephyr/soc/soc/nrf9160/libsoc__nordic.a
LOAD zephyr/boards/actinius/icarus/actinius_common/libboards__actinius__common.a
LOAD zephyr/subsys/random/libsubsys__random.a
LOAD zephyr/subsys/net/libsubsys__net.a
LOAD zephyr/subsys/net/l2/offloaded_netdev/libsubsys__net__l2__offloaded_netdev.a
LOAD zephyr/subsys/net/ip/libsubsys__net__ip.a
LOAD zephyr/drivers/clock_control/libdrivers__clock_control.a
LOAD zephyr/drivers/console/libdrivers__console.a
LOAD zephyr/drivers/entropy/libdrivers__entropy.a
LOAD zephyr/drivers/gpio/libdrivers__gpio.a
LOAD zephyr/drivers/pinctrl/libdrivers__pinctrl.a
LOAD zephyr/drivers/serial/libdrivers__serial.a
LOAD zephyr/drivers/timer/libdrivers__timer.a
LOAD modules/nrf/lib/nrf_modem_lib/lib..__nrf__lib__nrf_modem_lib.a
LOAD modules/nrf/lib/at_monitor/lib..__nrf__lib__at_monitor.a
LOAD modules/nrf/lib/at_host/lib..__nrf__lib__at_host.a
LOAD modules/nrf/lib/at_cmd_parser/lib..__nrf__lib__at_cmd_parser.a
LOAD modules/nrf/lib/lte_link_control/lib..__nrf__lib__lte_link_control.a
LOAD modules/nrf/subsys/nrf_security/src/zephyr/libmbedtls_zephyr.a
LOAD modules/nrf/modules/trusted-firmware-m/lib..__nrf__modules__trusted-firmware-m.a
LOAD modules/nrf/modules/trusted-firmware-m/libtfm_api_nrf.a
LOAD modules/trusted-firmware-m/libtfm_api.a
LOAD modules/hal_nordic/nrfx/libmodules__hal_nordic__nrfx.a
LOAD C:/ncs/v2.7.0/nrfxlib/nrf_modem/lib/cellular/nrf9160/hard-float/libmodem.a
LOAD zephyr/kernel/libkernel.a
LOAD c:/ncs/toolchains/ce3b5ff664/opt/zephyr-sdk/arm-zephyr-eabi/bin/../lib/gcc/arm-zephyr-eabi/12.2.0/thumb/v8-m.main+fp/hard\libgcc.a
LOAD zephyr/arch/common/libisr_tables.a
LOAD C:/ncs/toolchains/ce3b5ff664/opt/zephyr-sdk/arm-zephyr-eabi/arm-zephyr-eabi/lib/thumb/v8-m.main+fp/hard\libm_nano.a
LOAD C:/ncs/toolchains/ce3b5ff664/opt/zephyr-sdk/arm-zephyr-eabi/arm-zephyr-eabi/lib/thumb/v8-m.main+fp/hard\libc_nano.a
LOAD c:/ncs/toolchains/ce3b5ff664/opt/zephyr-sdk/arm-zephyr-eabi/bin/../lib/gcc/arm-zephyr-eabi/12.2.0/thumb/v8-m.main+fp/hard\libgcc.a
LOAD C:/ncs/toolchains/ce3b5ff664/opt/zephyr-sdk/arm-zephyr-eabi/arm-zephyr-eabi/lib/thumb/v8-m.main+fp/hard\libc_nano.a
LOAD modules/nrf/subsys/nrf_security/src/libmbedcrypto.a
LOAD C:/ncs/v2.7.0/nrfxlib/crypto/nrf_oberon/lib/cortex-m33/hard-float/liboberon_mbedtls_3.0.15.a
LOAD modules/nrf/subsys/nrf_security/src/libmbedcrypto_base.a
LOAD C:/ncs/v2.7.0/nrfxlib/crypto/nrf_oberon/lib/cortex-m33/hard-float/liboberon_3.0.15.a
LOAD C:/ncs/toolchains/ce3b5ff664/opt/zephyr-sdk/arm-zephyr-eabi/arm-zephyr-eabi/lib/thumb/v8-m.main+fp/hard\libc_nano.a
                0x0000000000000020                _region_min_align = 0x20

.rel.plt        0x0000000000018000        0x0
 *(SORT_BY_ALIGNMENT(.rel.plt))
                [!provide]                        PROVIDE (__rel_iplt_start = .)
 *(SORT_BY_ALIGNMENT(.rel.iplt))
 .rel.iplt      0x0000000000018000        0x0 app/libapp.a(startup.c.obj)
                [!provide]                        PROVIDE (__rel_iplt_end = .)

.rela.plt       0x0000000000000000        0x0
 *(SORT_BY_ALIGNMENT(.rela.plt))
                [!provide]                        PROVIDE (__rela_iplt_start = .)
 *(SORT_BY_ALIGNMENT(.rela.iplt))
                [!provide]                        PROVIDE (__rela_iplt_end = .)

.rel.dyn
 *(SORT_BY_ALIGNMENT(.rel.*))

.rela.dyn
 *(SORT_BY_ALIGNMENT(.rela.*))

/DISCARD/
 *(SORT_BY_ALIGNMENT(.plt))

/DISCARD/
 *(SORT_BY_ALIGNMENT(.iplt))
                0x0000000000018000                __rom_region_start = 0x18000

rom_start       0x0000000000018000      0x144
                0x0000000000018000                __rom_start_address = .
 FILL mask 0x00
                0x0000000000018000                . = (. + (0x0 - (. - __rom_start_address)))
                0x0000000000018000                . = ALIGN (0x4)
                0x0000000000018000                . = ALIGN (0x80)
                0x0000000000018000                . = ALIGN (0x200)
                0x0000000000018000                _vector_start = .
 *(SORT_BY_ALIGNMENT(.exc_vector_table))
 *(SORT_BY_ALIGNMENT(.exc_vector_table.*))
 .exc_vector_table._vector_table_section
                0x0000000000018000       0x40 zephyr/arch/arch/arm/core/cortex_m/libarch__arm__core__cortex_m.a(vector_table.S.obj)
                0x0000000000018000                _vector_table
 *(SORT_BY_ALIGNMENT(.vectors))
                0x0000000000018144                _vector_end = .
                0x0000000000018040                . = ALIGN (0x4)
 *(SORT_BY_ALIGNMENT(.gnu.linkonce.irq_vector_table*))
 .gnu.linkonce.irq_vector_table
                0x0000000000018040      0x104 zephyr/arch/common/libisr_tables.a(isr_tables.c.obj)
                0x0000000000018040                _irq_vector_table
                0x0000000000018144                _vector_end = .

text            0x0000000000018148    0x13d14
                0x0000000000018148                __text_region_start = .
 *(SORT_BY_ALIGNMENT(.text))
 .text          0x0000000000018148      0x378 c:/ncs/toolchains/ce3b5ff664/opt/zephyr-sdk/arm-zephyr-eabi/bin/../lib/gcc/arm-zephyr-eabi/12.2.0/thumb/v8-m.main+fp/hard\libgcc.a(_arm_addsubdf3.o)
                0x0000000000018148                __aeabi_drsub
                0x0000000000018150                __aeabi_dsub
                0x0000000000018150                __subdf3
                0x0000000000018154                __aeabi_dadd
                0x0000000000018154                __adddf3
                0x00000000000183cc                __floatunsidf
                0x00000000000183cc                __aeabi_ui2d
                0x00000000000183ec                __floatsidf
                0x00000000000183ec                __aeabi_i2d
                0x0000000000018410                __aeabi_f2d
                0x0000000000018410                __extendsfdf2
                0x0000000000018454                __floatundidf
                0x0000000000018454                __aeabi_ul2d
                0x0000000000018464                __floatdidf
                0x0000000000018464                __aeabi_l2d
 .text          0x00000000000184c0      0x424 c:/ncs/toolchains/ce3b5ff664/opt/zephyr-sdk/arm-zephyr-eabi/bin/../lib/gcc/arm-zephyr-eabi/12.2.0/thumb/v8-m.main+fp/hard\libgcc.a(_arm_muldivdf3.o)
                0x00000000000184c0                __aeabi_dmul
                0x00000000000184c0                __muldf3
                0x0000000000018714                __divdf3
                0x0000000000018714                __aeabi_ddiv
 .text          0x00000000000188e4       0xa0 c:/ncs/toolchains/ce3b5ff664/opt/zephyr-sdk/arm-zephyr-eabi/bin/../lib/gcc/arm-zephyr-eabi/12.2.0/thumb/v8-m.main+fp/hard\libgcc.a(_arm_truncdfsf2.o)
                0x00000000000188e4                __truncdfsf2
                0x00000000000188e4                __aeabi_d2f
 .text          0x0000000000018984       0x30 c:/ncs/toolchains/ce3b5ff664/opt/zephyr-sdk/arm-zephyr-eabi/bin/../lib/gcc/arm-zephyr-eabi/12.2.0/thumb/v8-m.main+fp/hard\libgcc.a(_aeabi_uldivmod.o)
                0x0000000000018984                __aeabi_uldivmod
 .text          0x00000000000189b4        0x4 c:/ncs/toolchains/ce3b5ff664/opt/zephyr-sdk/arm-zephyr-eabi/bin/../lib/gcc/arm-zephyr-eabi/12.2.0/thumb/v8-m.main+fp/hard\libgcc.a(_dvmd_tls.o)
                0x00000000000189b4                __aeabi_idiv0
                0x00000000000189b4                __aeabi_ldiv0
 .text          0x00000000000189b8      0x110 c:/ncs/toolchains/ce3b5ff664/opt/zephyr-sdk/arm-zephyr-eabi/bin/../lib/gcc/arm-zephyr-eabi/12.2.0/thumb/v8-m.main+fp/hard\libgcc.a(_arm_cmpdf2.o)
                0x00000000000189b8                __gtdf2
                0x00000000000189b8                __gedf2
                0x00000000000189c0                __ltdf2
                0x00000000000189c0                __ledf2
                0x00000000000189c8                __nedf2
                0x00000000000189c8                __eqdf2
                0x00000000000189c8                __cmpdf2
                0x0000000000018a44                __aeabi_cdrcmple
                0x0000000000018a54                __aeabi_cdcmpeq
                0x0000000000018a54                __aeabi_cdcmple
                0x0000000000018a64                __aeabi_dcmpeq
                0x0000000000018a78                __aeabi_dcmplt
                0x0000000000018a8c                __aeabi_dcmple
                0x0000000000018aa0                __aeabi_dcmpge
                0x0000000000018ab4                __aeabi_dcmpgt
 .text          0x0000000000018ac8       0x2c c:/ncs/toolchains/ce3b5ff664/opt/zephyr-sdk/arm-zephyr-eabi/bin/../lib/gcc/arm-zephyr-eabi/12.2.0/thumb/v8-m.main+fp/hard\libgcc.a(_arm_unorddf2.o)
                0x0000000000018ac8                __unorddf2
                0x0000000000018ac8                __aeabi_dcmpun
 .text          0x0000000000018af4       0x50 c:/ncs/toolchains/ce3b5ff664/opt/zephyr-sdk/arm-zephyr-eabi/bin/../lib/gcc/arm-zephyr-eabi/12.2.0/thumb/v8-m.main+fp/hard\libgcc.a(_arm_fixdfsi.o)
                0x0000000000018af4                __aeabi_d2iz
                0x0000000000018af4                __fixdfsi
 .text          0x0000000000018b44      0x29c c:/ncs/toolchains/ce3b5ff664/opt/zephyr-sdk/arm-zephyr-eabi/bin/../lib/gcc/arm-zephyr-eabi/12.2.0/thumb/v8-m.main+fp/hard\libgcc.a(_udivmoddi4.o)
                0x0000000000018b44                __udivmoddi4
 .text          0x0000000000018de0       0x14 C:/ncs/toolchains/ce3b5ff664/opt/zephyr-sdk/arm-zephyr-eabi/arm-zephyr-eabi/lib/thumb/v8-m.main+fp/hard\libc_nano.a(lib_a-strcmp.o)
                0x0000000000018de0                strcmp
 .text          0x0000000000018df4       0x10 C:/ncs/toolchains/ce3b5ff664/opt/zephyr-sdk/arm-zephyr-eabi/arm-zephyr-eabi/lib/thumb/v8-m.main+fp/hard\libc_nano.a(lib_a-strlen.o)
                0x0000000000018df4                strlen
 *(SORT_BY_ALIGNMENT(.text.*))
 *fill*         0x0000000000018e04        0x4 
 .text.z_cbvprintf_impl
                0x0000000000018e08      0xcdc zephyr/libzephyr.a(cbprintf_complete.c.obj)
                0x0000000000018e08                z_cbvprintf_impl
 *fill*         0x0000000000019ae4        0x4 
 .text.parse_edrx
                0x0000000000019ae8      0x218 modules/nrf/lib/lte_link_control/lib..__nrf__lib__lte_link_control.a(lte_lc_helpers.c.obj)
                0x0000000000019ae8                parse_edrx
 .text._dtoa_r  0x0000000000019d00      0xc54 C:/ncs/toolchains/ce3b5ff664/opt/zephyr-sdk/arm-zephyr-eabi/arm-zephyr-eabi/lib/thumb/v8-m.main+fp/hard\libc_nano.a(lib_a-dtoa.o)
                0x0000000000019d00                _dtoa_r
 .text.gnss_event_handler
                0x000000000001a954       0x80 app/libapp.a(main.c.obj)
 .text.main     0x000000000001a9d4      0x414 app/libapp.a(main.c.obj)
                0x000000000001a9d4                main
 .text.cbvprintf_package
                0x000000000001ade8      0x3a4 zephyr/libzephyr.a(cbprintf_packaged.c.obj)
                0x000000000001ade8                cbvprintf_package
 .text.__printk_hook_install
                0x000000000001b18c        0xc zephyr/libzephyr.a(printk.c.obj)
                0x000000000001b18c                __printk_hook_install
 .text.vsnprintk
                0x000000000001b198       0x2c zephyr/libzephyr.a(printk.c.obj)
                0x000000000001b198                vsnprintk
 .text._check_fd
                0x000000000001b1c4       0x2c zephyr/libzephyr.a(fdtable.c.obj)
 .text.z_fd_unref.isra.0
                0x000000000001b1f0       0x40 zephyr/libzephyr.a(fdtable.c.obj)
 .text.z_reserve_fd
                0x000000000001b230       0x78 zephyr/libzephyr.a(fdtable.c.obj)
                0x000000000001b230                z_reserve_fd
 .text.z_finalize_fd
                0x000000000001b2a8       0x34 zephyr/libzephyr.a(fdtable.c.obj)
                0x000000000001b2a8                z_finalize_fd
 .text.read     0x000000000001b2dc       0x54 zephyr/libzephyr.a(fdtable.c.obj)
                0x000000000001b2dc                _read
                0x000000000001b2dc                read
 .text.write    0x000000000001b330       0x54 zephyr/libzephyr.a(fdtable.c.obj)
                0x000000000001b330                _write
                0x000000000001b330                write
 .text.close    0x000000000001b384       0x4c zephyr/libzephyr.a(fdtable.c.obj)
                0x000000000001b384                _close
                0x000000000001b384                close
 .text.lseek    0x000000000001b3d0       0x38 zephyr/libzephyr.a(fdtable.c.obj)
                0x000000000001b3d0                _lseek
                0x000000000001b3d0                lseek
 .text.extract_decimal
                0x000000000001b408       0x2c zephyr/libzephyr.a(cbprintf_complete.c.obj)
 .text.encode_uint
                0x000000000001b434       0x98 zephyr/libzephyr.a(cbprintf_complete.c.obj)
 .text.process_event
                0x000000000001b4cc      0x21c zephyr/libzephyr.a(onoff.c.obj)
 .text.z_log_init.isra.0
                0x000000000001b6e8       0xd0 zephyr/libzephyr.a(log_core.c.obj)
 .text.log_format_func_t_get
                0x000000000001b7b8        0xc zephyr/libzephyr.a(log_core.c.obj)
                0x000000000001b7b8                log_format_func_t_get
 .text.log_set_timestamp_func
                0x000000000001b7c4       0x20 zephyr/libzephyr.a(log_core.c.obj)
                0x000000000001b7c4                log_set_timestamp_func
 .text.log_core_init
                0x000000000001b7e4       0x28 zephyr/libzephyr.a(log_core.c.obj)
                0x000000000001b7e4                log_core_init
 .text.z_impl_log_panic
                0x000000000001b80c       0x3c zephyr/libzephyr.a(log_core.c.obj)
                0x000000000001b80c                z_impl_log_panic
 .text.z_log_dropped
                0x000000000001b848       0x28 zephyr/libzephyr.a(log_core.c.obj)
                0x000000000001b848                z_log_dropped
 .text.z_log_msg_commit
                0x000000000001b870       0x38 zephyr/libzephyr.a(log_core.c.obj)
                0x000000000001b870                z_log_msg_commit
 .text.log_source_name_get
                0x000000000001b8a8       0x1c zephyr/libzephyr.a(log_mgmt.c.obj)
                0x000000000001b8a8                log_source_name_get
 .text.log_backend_enable
                0x000000000001b8c4       0x28 zephyr/libzephyr.a(log_mgmt.c.obj)
                0x000000000001b8c4                log_backend_enable
 .text.z_log_msg_runtime_vcreate
                0x000000000001b8ec       0x8c zephyr/libzephyr.a(log_msg.c.obj)
                0x000000000001b8ec                z_log_msg_runtime_vcreate
 .text.log_msg_get_source_id
                0x000000000001b978       0x18 zephyr/libzephyr.a(log_msg.c.obj)
                0x000000000001b978                log_msg_get_source_id
 .text.print_formatted
                0x000000000001b990       0x24 zephyr/libzephyr.a(log_output.c.obj)
 .text.newline_print
                0x000000000001b9b4       0x1c zephyr/libzephyr.a(log_output.c.obj)
 .text.log_output_process
                0x000000000001b9d0      0x2dc zephyr/libzephyr.a(log_output.c.obj)
                0x000000000001b9d0                log_output_process
 .text.log_output_timestamp_freq_set
                0x000000000001bcac       0x2c zephyr/libzephyr.a(log_output.c.obj)
                0x000000000001bcac                log_output_timestamp_freq_set
 .text.char_out
                0x000000000001bcd8       0x24 zephyr/libzephyr.a(log_backend_uart.c.obj)
 .text.mem_attr_get_regions
                0x000000000001bcfc        0xc zephyr/libzephyr.a(mem_attr.c.obj)
                0x000000000001bcfc                mem_attr_get_regions
 .text.boot_banner
                0x000000000001bd08       0x1c zephyr/libzephyr.a(banner.c.obj)
                0x000000000001bd08                boot_banner
 .text.z_arm_fatal_error
                0x000000000001bd24      0x12c zephyr/arch/arch/arm/core/libarch__arm__core.a(fatal.c.obj)
                0x000000000001bd24                z_arm_fatal_error
 .text.z_SysNmiOnReset
                0x000000000001be50        0x8 zephyr/arch/arch/arm/core/libarch__arm__core.a(nmi_on_reset.S.obj)
                0x000000000001be50                z_SysNmiOnReset
 .text._HandlerModeExit
                0x000000000001be58       0x28 zephyr/arch/arch/arm/core/cortex_m/libarch__arm__core__cortex_m.a(exc_exit.c.obj)
                0x000000000001be58                z_arm_int_exit
                0x000000000001be58                z_arm_exc_exit
 .text.mem_manage_fault.constprop.0
                0x000000000001be80      0x130 zephyr/arch/arch/arm/core/cortex_m/libarch__arm__core__cortex_m.a(fault.c.obj)
 .text.bus_fault.constprop.0
                0x000000000001bfb0      0x13c zephyr/arch/arch/arm/core/cortex_m/libarch__arm__core__cortex_m.a(fault.c.obj)
 .text.usage_fault.constprop.0
                0x000000000001c0ec      0x128 zephyr/arch/arch/arm/core/cortex_m/libarch__arm__core__cortex_m.a(fault.c.obj)
 .text.z_arm_fault
                0x000000000001c214      0x20c zephyr/arch/arch/arm/core/cortex_m/libarch__arm__core__cortex_m.a(fault.c.obj)
                0x000000000001c214                z_arm_fault
 .text.z_arm_fault_init
                0x000000000001c420       0x18 zephyr/arch/arch/arm/core/cortex_m/libarch__arm__core__cortex_m.a(fault.c.obj)
                0x000000000001c420                z_arm_fault_init
 .text.__fault  0x000000000001c438       0x14 zephyr/arch/arch/arm/core/cortex_m/libarch__arm__core__cortex_m.a(fault_s.S.obj)
                0x000000000001c438                z_arm_usage_fault
                0x000000000001c438                z_arm_mpu_fault
                0x000000000001c438                z_arm_exc_spurious
                0x000000000001c438                z_arm_debug_monitor
                0x000000000001c438                z_arm_hard_fault
                0x000000000001c438                z_arm_bus_fault
 .text._reset_section
                0x000000000001c44c       0x60 zephyr/arch/arch/arm/core/cortex_m/libarch__arm__core__cortex_m.a(reset.S.obj)
                0x000000000001c44c                __start
                0x000000000001c44c                z_arm_reset
 .text.z_arm_clear_arm_mpu_config
                0x000000000001c4ac       0x24 zephyr/arch/arch/arm/core/cortex_m/libarch__arm__core__cortex_m.a(scb.c.obj)
                0x000000000001c4ac                z_arm_clear_arm_mpu_config
 .text.z_arm_init_arch_hw_at_boot
                0x000000000001c4d0       0x4c zephyr/arch/arch/arm/core/cortex_m/libarch__arm__core__cortex_m.a(scb.c.obj)
                0x000000000001c4d0                z_arm_init_arch_hw_at_boot
 .text.z_impl_k_thread_abort
                0x000000000001c51c       0x2c zephyr/arch/arch/arm/core/cortex_m/libarch__arm__core__cortex_m.a(thread_abort.c.obj)
                0x000000000001c51c                z_impl_k_thread_abort
 .text.arch_swap
                0x000000000001c548       0x30 zephyr/arch/arch/arm/core/cortex_m/libarch__arm__core__cortex_m.a(swap.c.obj)
                0x000000000001c548                arch_swap
 .text.z_arm_pendsv_c
                0x000000000001c578       0x44 zephyr/arch/arch/arm/core/cortex_m/libarch__arm__core__cortex_m.a(swap.c.obj)
                0x000000000001c578                z_arm_pendsv_c
 .text.z_arm_pendsv
                0x000000000001c5bc       0x7c zephyr/arch/arch/arm/core/cortex_m/libarch__arm__core__cortex_m.a(swap_helper.S.obj)
                0x000000000001c5bc                z_arm_pendsv
 .text.z_arm_svc
                0x000000000001c638       0x20 zephyr/arch/arch/arm/core/cortex_m/libarch__arm__core__cortex_m.a(swap_helper.S.obj)
                0x000000000001c638                z_arm_svc
 .text.arch_irq_enable
                0x000000000001c658       0x1c zephyr/arch/arch/arm/core/cortex_m/libarch__arm__core__cortex_m.a(irq_manage.c.obj)
                0x000000000001c658                arch_irq_enable
 .text.arch_irq_disable
                0x000000000001c674       0x28 zephyr/arch/arch/arm/core/cortex_m/libarch__arm__core__cortex_m.a(irq_manage.c.obj)
                0x000000000001c674                arch_irq_disable
 .text.arch_irq_is_enabled
                0x000000000001c69c       0x1c zephyr/arch/arch/arm/core/cortex_m/libarch__arm__core__cortex_m.a(irq_manage.c.obj)
                0x000000000001c69c                arch_irq_is_enabled
 .text.z_arm_irq_priority_set
                0x000000000001c6b8       0x2c zephyr/arch/arch/arm/core/cortex_m/libarch__arm__core__cortex_m.a(irq_manage.c.obj)
                0x000000000001c6b8                z_arm_irq_priority_set
 .text.z_prep_c
                0x000000000001c6e4       0x5c zephyr/arch/arch/arm/core/cortex_m/libarch__arm__core__cortex_m.a(prep_c.c.obj)
                0x000000000001c6e4                z_prep_c
 .text.arch_new_thread
                0x000000000001c740       0x40 zephyr/arch/arch/arm/core/cortex_m/libarch__arm__core__cortex_m.a(thread.c.obj)
                0x000000000001c740                arch_new_thread
 .text.arch_float_disable
                0x000000000001c780       0x48 zephyr/arch/arch/arm/core/cortex_m/libarch__arm__core__cortex_m.a(thread.c.obj)
                0x000000000001c780                arch_float_disable
 .text.arch_switch_to_main_thread
                0x000000000001c7c8       0x54 zephyr/arch/arch/arm/core/cortex_m/libarch__arm__core__cortex_m.a(thread.c.obj)
                0x000000000001c7c8                arch_switch_to_main_thread
 .text.z_arm_cpu_idle_init
                0x000000000001c81c        0xc zephyr/arch/arch/arm/core/cortex_m/libarch__arm__core__cortex_m.a(cpu_idle.c.obj)
                0x000000000001c81c                z_arm_cpu_idle_init
 .text.z_arm_interrupt_init
                0x000000000001c828       0x18 zephyr/arch/arch/arm/core/cortex_m/libarch__arm__core__cortex_m.a(irq_init.c.obj)
                0x000000000001c828                z_arm_interrupt_init
 .text._isr_wrapper
                0x000000000001c840       0x24 zephyr/arch/arch/arm/core/cortex_m/libarch__arm__core__cortex_m.a(isr_wrapper.c.obj)
                0x000000000001c840                _isr_wrapper
 .text.z_arm_configure_static_mpu_regions
                0x000000000001c864       0x38 zephyr/arch/arch/arm/core/mpu/libarch__arm__core__mpu.a(arm_core_mpu.c.obj)
                0x000000000001c864                z_arm_configure_static_mpu_regions
 .text.region_init
                0x000000000001c89c       0x34 zephyr/arch/arch/arm/core/mpu/libarch__arm__core__mpu.a(arm_mpu.c.obj)
 .text.region_allocate_and_init
                0x000000000001c8d0       0x48 zephyr/arch/arch/arm/core/mpu/libarch__arm__core__mpu.a(arm_mpu.c.obj)
 .text.mpu_configure_regions_and_partition.constprop.0
                0x000000000001c918      0x170 zephyr/arch/arch/arm/core/mpu/libarch__arm__core__mpu.a(arm_mpu.c.obj)
 .text.arm_core_mpu_enable
                0x000000000001ca88       0x18 zephyr/arch/arch/arm/core/mpu/libarch__arm__core__mpu.a(arm_mpu.c.obj)
                0x000000000001ca88                arm_core_mpu_enable
 .text.arm_core_mpu_disable
                0x000000000001caa0       0x14 zephyr/arch/arch/arm/core/mpu/libarch__arm__core__mpu.a(arm_mpu.c.obj)
                0x000000000001caa0                arm_core_mpu_disable
 .text.arm_core_mpu_configure_static_mpu_regions
                0x000000000001cab4       0x14 zephyr/arch/arch/arm/core/mpu/libarch__arm__core__mpu.a(arm_mpu.c.obj)
                0x000000000001cab4                arm_core_mpu_configure_static_mpu_regions
 .text.arm_core_mpu_mark_areas_for_dynamic_regions
                0x000000000001cac8       0xb8 zephyr/arch/arch/arm/core/mpu/libarch__arm__core__mpu.a(arm_mpu.c.obj)
                0x000000000001cac8                arm_core_mpu_mark_areas_for_dynamic_regions
 .text.z_arm_mpu_init
                0x000000000001cb80      0x11c zephyr/arch/arch/arm/core/mpu/libarch__arm__core__mpu.a(arm_mpu.c.obj)
                0x000000000001cb80                z_arm_mpu_init
 .text.__stdout_hook_install
                0x000000000001cc9c        0xc zephyr/lib/libc/newlib/liblib__libc__newlib.a(libc-hooks.c.obj)
                0x000000000001cc9c                __stdout_hook_install
 .text.z_impl_zephyr_write_stdout
                0x000000000001cca8       0x30 zephyr/lib/libc/newlib/liblib__libc__newlib.a(libc-hooks.c.obj)
                0x000000000001cca8                z_impl_zephyr_write_stdout
 .text._sbrk    0x000000000001ccd8       0x28 zephyr/lib/libc/newlib/liblib__libc__newlib.a(libc-hooks.c.obj)
                0x000000000001ccd8                sbrk
                0x000000000001ccd8                _sbrk
 .text.abort    0x000000000001cd00       0x1c zephyr/lib/libc/common/liblib__libc__common.a(abort.c.obj)
                0x000000000001cd00                abort
 .text.pthread_barrier_pool_init
                0x000000000001cd1c       0x28 zephyr/lib/posix/options/liblib__posix__options.a(barrier.c.obj)
 .text.pthread_cond_pool_init
                0x000000000001cd44       0x20 zephyr/lib/posix/options/liblib__posix__options.a(cond.c.obj)
 .text.pthread_mutex_pool_init
                0x000000000001cd64       0x20 zephyr/lib/posix/options/liblib__posix__options.a(mutex.c.obj)
 .text.posix_thread_pool_init
                0x000000000001cd84       0x34 zephyr/lib/posix/options/liblib__posix__options.a(pthread.c.obj)
 .text.nordicsemi_nrf91_init
                0x000000000001cdb8       0x10 zephyr/soc/soc/nrf9160/libsoc__nordic.a(soc.c.obj)
 .text.arch_busy_wait
                0x000000000001cdc8       0x14 zephyr/soc/soc/nrf9160/libsoc__nordic.a(soc.c.obj)
                0x000000000001cdc8                arch_busy_wait
 .text.actinius_board_init
                0x000000000001cddc       0xf8 zephyr/boards/actinius/icarus/actinius_common/libboards__actinius__common.a(actinius_board_common.c.obj)
 .text.z_impl_zsock_socket
                0x000000000001ced4       0x54 zephyr/subsys/net/libsubsys__net.a(sockets.c.obj)
                0x000000000001ced4                z_impl_zsock_socket
 .text.socket_offload_dns_register
                0x000000000001cf28        0xc zephyr/subsys/net/libsubsys__net.a(socket_offload.c.obj)
                0x000000000001cf28                socket_offload_dns_register
 .text.net_if_set_name
                0x000000000001cf34       0x60 zephyr/subsys/net/ip/libsubsys__net__ip.a(net_if.c.obj)
                0x000000000001cf34                net_if_set_name
 .text.net_if_init
                0x000000000001cf94       0xc4 zephyr/subsys/net/ip/libsubsys__net__ip.a(net_if.c.obj)
                0x000000000001cf94                net_if_init
 .text.net_if_post_init
                0x000000000001d058       0x28 zephyr/subsys/net/ip/libsubsys__net__ip.a(net_if.c.obj)
                0x000000000001d058                net_if_post_init
 .text.onoff_stop
                0x000000000001d080       0x30 zephyr/drivers/clock_control/libdrivers__clock_control.a(clock_control_nrf.c.obj)
 .text.onoff_start
                0x000000000001d0b0       0x44 zephyr/drivers/clock_control/libdrivers__clock_control.a(clock_control_nrf.c.obj)
 .text.generic_hfclk_stop
                0x000000000001d0f4       0x34 zephyr/drivers/clock_control/libdrivers__clock_control.a(clock_control_nrf.c.obj)
 .text.clk_init
                0x000000000001d128       0x58 zephyr/drivers/clock_control/libdrivers__clock_control.a(clock_control_nrf.c.obj)
 .text.api_blocking_start
                0x000000000001d180       0x3c zephyr/drivers/clock_control/libdrivers__clock_control.a(clock_control_nrf.c.obj)
 .text.clkstarted_handle.constprop.0
                0x000000000001d1bc       0x4c zephyr/drivers/clock_control/libdrivers__clock_control.a(clock_control_nrf.c.obj)
 .text.generic_hfclk_start
                0x000000000001d208       0x80 zephyr/drivers/clock_control/libdrivers__clock_control.a(clock_control_nrf.c.obj)
 .text.clock_event_handler
                0x000000000001d288       0x1c zephyr/drivers/clock_control/libdrivers__clock_control.a(clock_control_nrf.c.obj)
 .text.z_nrf_clock_control_lf_on
                0x000000000001d2a4       0xf4 zephyr/drivers/clock_control/libdrivers__clock_control.a(clock_control_nrf.c.obj)
                0x000000000001d2a4                z_nrf_clock_control_lf_on
 .text.uart_console_init
                0x000000000001d398       0x28 zephyr/drivers/console/libdrivers__console.a(uart_console.c.obj)
 .text.console_out
                0x000000000001d3c0       0x28 zephyr/drivers/console/libdrivers__console.a(uart_console.c.obj)
 .text.gpio_nrfx_init
                0x000000000001d3e8       0x48 zephyr/drivers/gpio/libdrivers__gpio.a(gpio_nrfx.c.obj)
 .text.nrfx_gpio_handler
                0x000000000001d430       0x3c zephyr/drivers/gpio/libdrivers__gpio.a(gpio_nrfx.c.obj)
 .text.gpio_nrfx_pin_configure
                0x000000000001d46c      0x180 zephyr/drivers/gpio/libdrivers__gpio.a(gpio_nrfx.c.obj)
 .text.gpio_nrfx_pin_interrupt_configure
                0x000000000001d5ec       0xf4 zephyr/drivers/gpio/libdrivers__gpio.a(gpio_nrfx.c.obj)
 .text.pinctrl_configure_pins
                0x000000000001d6e0      0x17c zephyr/drivers/pinctrl/libdrivers__pinctrl.a(pinctrl_nrf.c.obj)
                0x000000000001d6e0                pinctrl_configure_pins
 .text.z_log_msg_runtime_create.constprop.0
                0x000000000001d85c       0x24 zephyr/drivers/serial/libdrivers__serial.a(uart_nrfx_uarte.c.obj)
 .text.uarte_instance_init.constprop.0
                0x000000000001d880      0x258 zephyr/drivers/serial/libdrivers__serial.a(uart_nrfx_uarte.c.obj)
 .text.uarte_nrfx_poll_out
                0x000000000001dad8       0x98 zephyr/drivers/serial/libdrivers__serial.a(uart_nrfx_uarte.c.obj)
 .text.compare_int_lock
                0x000000000001db70       0x40 zephyr/drivers/timer/libdrivers__timer.a(nrf_rtc_timer.c.obj)
 .text.sys_clock_timeout_handler
                0x000000000001dbb0       0x48 zephyr/drivers/timer/libdrivers__timer.a(nrf_rtc_timer.c.obj)
 .text.compare_int_unlock
                0x000000000001dbf8       0x4c zephyr/drivers/timer/libdrivers__timer.a(nrf_rtc_timer.c.obj)
 .text.z_nrf_rtc_timer_read
                0x000000000001dc44       0x44 zephyr/drivers/timer/libdrivers__timer.a(nrf_rtc_timer.c.obj)
                0x000000000001dc44                z_nrf_rtc_timer_read
 .text.compare_set
                0x000000000001dc88      0x124 zephyr/drivers/timer/libdrivers__timer.a(nrf_rtc_timer.c.obj)
 .text.sys_clock_driver_init
                0x000000000001ddac       0x90 zephyr/drivers/timer/libdrivers__timer.a(nrf_rtc_timer.c.obj)
 .text.rtc_nrf_isr
                0x000000000001de3c       0xd0 zephyr/drivers/timer/libdrivers__timer.a(nrf_rtc_timer.c.obj)
                0x000000000001de3c                rtc_nrf_isr
 .text.sys_clock_set_timeout
                0x000000000001df0c       0x5c zephyr/drivers/timer/libdrivers__timer.a(nrf_rtc_timer.c.obj)
                0x000000000001df0c                sys_clock_set_timeout
 .text.sys_clock_elapsed
                0x000000000001df68       0x14 zephyr/drivers/timer/libdrivers__timer.a(nrf_rtc_timer.c.obj)
                0x000000000001df68                sys_clock_elapsed
 .text.nrf_modem_lib_dfu_handler
                0x000000000001df7c       0x24 modules/nrf/lib/nrf_modem_lib/lib..__nrf__lib__nrf_modem_lib.a(nrf_modem_lib.c.obj)
 .text.nrf_modem_lib_init
                0x000000000001dfa0       0x5c modules/nrf/lib/nrf_modem_lib/lib..__nrf__lib__nrf_modem_lib.a(nrf_modem_lib.c.obj)
                0x000000000001dfa0                nrf_modem_lib_init
 .text.thread_monitor_entry_get
                0x000000000001dffc       0x48 modules/nrf/lib/nrf_modem_lib/lib..__nrf__lib__nrf_modem_lib.a(nrf_modem_os.c.obj)
 .text.on_init  0x000000000001e044       0x20 modules/nrf/lib/nrf_modem_lib/lib..__nrf__lib__nrf_modem_lib.a(nrf_modem_os.c.obj)
 .text.nrf_modem_os_timedwait
                0x000000000001e064      0x180 modules/nrf/lib/nrf_modem_lib/lib..__nrf__lib__nrf_modem_lib.a(nrf_modem_os.c.obj)
                0x000000000001e064                nrf_modem_os_timedwait
 .text.nrf_modem_os_sem_init
                0x000000000001e1e4       0x44 modules/nrf/lib/nrf_modem_lib/lib..__nrf__lib__nrf_modem_lib.a(nrf_modem_os.c.obj)
                0x000000000001e1e4                nrf_modem_os_sem_init
 .text.nrf_modem_os_mutex_init
                0x000000000001e228       0x34 modules/nrf/lib/nrf_modem_lib/lib..__nrf__lib__nrf_modem_lib.a(nrf_modem_os.c.obj)
                0x000000000001e228                nrf_modem_os_mutex_init
 .text.nrf_modem_os_event_notify
                0x000000000001e25c       0x38 modules/nrf/lib/nrf_modem_lib/lib..__nrf__lib__nrf_modem_lib.a(nrf_modem_os.c.obj)
                0x000000000001e25c                nrf_modem_os_event_notify
 .text.nrf_modem_os_alloc
                0x000000000001e294       0x10 modules/nrf/lib/nrf_modem_lib/lib..__nrf__lib__nrf_modem_lib.a(nrf_modem_os.c.obj)
                0x000000000001e294                nrf_modem_os_alloc
 .text.nrf_modem_os_free
                0x000000000001e2a4        0xc modules/nrf/lib/nrf_modem_lib/lib..__nrf__lib__nrf_modem_lib.a(nrf_modem_os.c.obj)
                0x000000000001e2a4                nrf_modem_os_free
 .text.nrf_modem_os_shm_tx_alloc
                0x000000000001e2b0       0x10 modules/nrf/lib/nrf_modem_lib/lib..__nrf__lib__nrf_modem_lib.a(nrf_modem_os.c.obj)
                0x000000000001e2b0                nrf_modem_os_shm_tx_alloc
 .text.nrf_modem_os_shm_tx_free
                0x000000000001e2c0        0xc modules/nrf/lib/nrf_modem_lib/lib..__nrf__lib__nrf_modem_lib.a(nrf_modem_os.c.obj)
                0x000000000001e2c0                nrf_modem_os_shm_tx_free
 .text.nrf_modem_os_init
                0x000000000001e2cc       0x30 modules/nrf/lib/nrf_modem_lib/lib..__nrf__lib__nrf_modem_lib.a(nrf_modem_os.c.obj)
                0x000000000001e2cc                nrf_modem_os_init
 .text.nrf_modem_os_shutdown
                0x000000000001e2fc       0x18 modules/nrf/lib/nrf_modem_lib/lib..__nrf__lib__nrf_modem_lib.a(nrf_modem_os.c.obj)
                0x000000000001e2fc                nrf_modem_os_shutdown
 .text.cfun_callback
                0x000000000001e314       0x24 modules/nrf/lib/nrf_modem_lib/lib..__nrf__lib__nrf_modem_lib.a(cfun_hooks.c.obj)
 .text.on_modem_init
                0x000000000001e338        0xc modules/nrf/lib/nrf_modem_lib/lib..__nrf__lib__nrf_modem_lib.a(cfun_hooks.c.obj)
 .text.z_to_nrf_optname
                0x000000000001e344      0x140 modules/nrf/lib/nrf_modem_lib/lib..__nrf__lib__nrf_modem_lib.a(nrf91_sockets.c.obj)
 .text.nrf91_socket_offload_init
                0x000000000001e484       0x24 modules/nrf/lib/nrf_modem_lib/lib..__nrf__lib__nrf_modem_lib.a(nrf91_sockets.c.obj)
 .text.nrf91_socket_is_supported
                0x000000000001e4a8       0x38 modules/nrf/lib/nrf_modem_lib/lib..__nrf__lib__nrf_modem_lib.a(nrf91_sockets.c.obj)
 .text.pollcb   0x000000000001e4e0       0x30 modules/nrf/lib/nrf_modem_lib/lib..__nrf__lib__nrf_modem_lib.a(nrf91_sockets.c.obj)
 .text.nrf91_socket_offload_sendmsg
                0x000000000001e510      0x110 modules/nrf/lib/nrf_modem_lib/lib..__nrf__lib__nrf_modem_lib.a(nrf91_sockets.c.obj)
 .text.allocate_ctx
                0x000000000001e620       0x44 modules/nrf/lib/nrf_modem_lib/lib..__nrf__lib__nrf_modem_lib.a(nrf91_sockets.c.obj)
 .text.release_ctx
                0x000000000001e664       0x2c modules/nrf/lib/nrf_modem_lib/lib..__nrf__lib__nrf_modem_lib.a(nrf91_sockets.c.obj)
 .text.nrf91_iface_api_init
                0x000000000001e690       0x38 modules/nrf/lib/nrf_modem_lib/lib..__nrf__lib__nrf_modem_lib.a(nrf91_sockets.c.obj)
 .text.nrf91_socket_offload_ioctl
                0x000000000001e6c8      0x10c modules/nrf/lib/nrf_modem_lib/lib..__nrf__lib__nrf_modem_lib.a(nrf91_sockets.c.obj)
 .text.nrf91_socket_create
                0x000000000001e7d4       0x90 modules/nrf/lib/nrf_modem_lib/lib..__nrf__lib__nrf_modem_lib.a(nrf91_sockets.c.obj)
 .text.nrf91_socket_offload_getaddrinfo
                0x000000000001e864      0x130 modules/nrf/lib/nrf_modem_lib/lib..__nrf__lib__nrf_modem_lib.a(nrf91_sockets.c.obj)
 .text.nrf91_socket_offload_accept
                0x000000000001e994       0xe4 modules/nrf/lib/nrf_modem_lib/lib..__nrf__lib__nrf_modem_lib.a(nrf91_sockets.c.obj)
 .text.z_log_msg_runtime_create.constprop.0
                0x000000000001ea78       0x24 modules/nrf/lib/nrf_modem_lib/lib..__nrf__lib__nrf_modem_lib.a(fault.c.obj)
 .text.nrf_modem_fault_handler
                0x000000000001ea9c       0x2c modules/nrf/lib/nrf_modem_lib/lib..__nrf__lib__nrf_modem_lib.a(fault.c.obj)
                0x000000000001ea9c                nrf_modem_fault_handler
 .text.at_monitor_sys_init
                0x000000000001eac8       0x34 modules/nrf/lib/at_monitor/lib..__nrf__lib__at_monitor.a(at_monitor.c.obj)
 .text.at_monitor_dispatch
                0x000000000001eafc       0xa0 modules/nrf/lib/at_monitor/lib..__nrf__lib__at_monitor.a(at_monitor.c.obj)
                0x000000000001eafc                at_monitor_dispatch
 .text.at_monitor_task
                0x000000000001eb9c       0x64 modules/nrf/lib/at_monitor/lib..__nrf__lib__at_monitor.a(at_monitor.c.obj)
 .text.z_impl_uart_irq_rx_enable.constprop.0
                0x000000000001ec00       0x10 modules/nrf/lib/at_host/lib..__nrf__lib__at_host.a(at_host.c.obj)
 .text.write_uart_string
                0x000000000001ec10       0x24 modules/nrf/lib/at_host/lib..__nrf__lib__at_host.a(at_host.c.obj)
 .text.cmd_send
                0x000000000001ec34       0x54 modules/nrf/lib/at_host/lib..__nrf__lib__at_host.a(at_host.c.obj)
 .text.isr      0x000000000001ec88      0x184 modules/nrf/lib/at_host/lib..__nrf__lib__at_host.a(at_host.c.obj)
 .text.at_host_init
                0x000000000001ee0c      0x14c modules/nrf/lib/at_host/lib..__nrf__lib__at_host.a(at_host.c.obj)
 .text.is_valid_notification_char
                0x000000000001ef58       0x2c modules/nrf/lib/at_cmd_parser/lib..__nrf__lib__at_cmd_parser.a(at_cmd_parser.c.obj)
 .text.is_separator
                0x000000000001ef84       0x1c modules/nrf/lib/at_cmd_parser/lib..__nrf__lib__at_cmd_parser.a(at_cmd_parser.c.obj)
 .text.is_result
                0x000000000001efa0       0x30 modules/nrf/lib/at_cmd_parser/lib..__nrf__lib__at_cmd_parser.a(at_cmd_parser.c.obj)
 .text.at_parse_process_element
                0x000000000001efd0      0x1c4 modules/nrf/lib/at_cmd_parser/lib..__nrf__lib__at_cmd_parser.a(at_cmd_parser.c.obj)
 .text.is_command
                0x000000000001f194       0x5c modules/nrf/lib/at_cmd_parser/lib..__nrf__lib__at_cmd_parser.a(at_cmd_parser.c.obj)
 .text.at_parse_detect_type
                0x000000000001f1f0      0x1c0 modules/nrf/lib/at_cmd_parser/lib..__nrf__lib__at_cmd_parser.a(at_cmd_parser.c.obj)
 .text.at_parser_max_params_from_str
                0x000000000001f3b0      0x158 modules/nrf/lib/at_cmd_parser/lib..__nrf__lib__at_cmd_parser.a(at_cmd_parser.c.obj)
                0x000000000001f3b0                at_parser_max_params_from_str
 .text.lte_lc_evt_psm_update_send
                0x000000000001f508       0x4c modules/nrf/lib/lte_link_control/lib..__nrf__lib__lte_link_control.a(lte_lc.c.obj)
 .text.lte_lc_edrx_current_values_clear
                0x000000000001f554       0x2c modules/nrf/lib/lte_link_control/lib..__nrf__lib__lte_link_control.a(lte_lc.c.obj)
 .text.lte_lc_sys_init
                0x000000000001f580       0x30 modules/nrf/lib/lte_link_control/lib..__nrf__lib__lte_link_control.a(lte_lc.c.obj)
 .text.lte_lc_edrx_values_store
                0x000000000001f5b0       0x44 modules/nrf/lib/lte_link_control/lib..__nrf__lib__lte_link_control.a(lte_lc.c.obj)
 .text.lte_lc_edrx_on_modem_cfun
                0x000000000001f5f4       0x28 modules/nrf/lib/lte_link_control/lib..__nrf__lib__lte_link_control.a(lte_lc.c.obj)
 .text.at_handler_mdmev
                0x000000000001f61c       0x4c modules/nrf/lib/lte_link_control/lib..__nrf__lib__lte_link_control.a(lte_lc.c.obj)
 .text.at_handler_xmodemsleep
                0x000000000001f668       0x74 modules/nrf/lib/lte_link_control/lib..__nrf__lib__lte_link_control.a(lte_lc.c.obj)
 .text.at_handler_xt3412
                0x000000000001f6dc       0x58 modules/nrf/lib/lte_link_control/lib..__nrf__lib__lte_link_control.a(lte_lc.c.obj)
 .text.at_handler_cedrxp
                0x000000000001f734       0x80 modules/nrf/lib/lte_link_control/lib..__nrf__lib__lte_link_control.a(lte_lc.c.obj)
 .text.at_handler_cscon
                0x000000000001f7b4       0x4c modules/nrf/lib/lte_link_control/lib..__nrf__lib__lte_link_control.a(lte_lc.c.obj)
 .text.at_handler_cereg
                0x000000000001f800      0x150 modules/nrf/lib/lte_link_control/lib..__nrf__lib__lte_link_control.a(lte_lc.c.obj)
 .text.enable_notifications
                0x000000000001f950       0x58 modules/nrf/lib/lte_link_control/lib..__nrf__lib__lte_link_control.a(lte_lc.c.obj)
 .text.lte_lc_edrx_ptw_send_work_fn
                0x000000000001f9a8       0x90 modules/nrf/lib/lte_link_control/lib..__nrf__lib__lte_link_control.a(lte_lc.c.obj)
 .text.at_handler_ncellmeas
                0x000000000001fa38      0x15c modules/nrf/lib/lte_link_control/lib..__nrf__lib__lte_link_control.a(lte_lc.c.obj)
 .text.lte_lc_psm_param_set
                0x000000000001fb94       0x68 modules/nrf/lib/lte_link_control/lib..__nrf__lib__lte_link_control.a(lte_lc.c.obj)
                0x000000000001fb94                lte_lc_psm_param_set
 .text.lte_lc_psm_req
                0x000000000001fbfc       0x88 modules/nrf/lib/lte_link_control/lib..__nrf__lib__lte_link_control.a(lte_lc.c.obj)
                0x000000000001fbfc                lte_lc_psm_req
 .text.lte_lc_psm_get
                0x000000000001fc84      0x120 modules/nrf/lib/lte_link_control/lib..__nrf__lib__lte_link_control.a(lte_lc.c.obj)
                0x000000000001fc84                lte_lc_psm_get
 .text.lte_lc_psm_get_work_fn
                0x000000000001fda4       0x4c modules/nrf/lib/lte_link_control/lib..__nrf__lib__lte_link_control.a(lte_lc.c.obj)
 .text.lte_lc_proprietary_psm_req
                0x000000000001fdf0       0x1c modules/nrf/lib/lte_link_control/lib..__nrf__lib__lte_link_control.a(lte_lc.c.obj)
                0x000000000001fdf0                lte_lc_proprietary_psm_req
 .text.lte_lc_edrx_req
                0x000000000001fe0c       0xd8 modules/nrf/lib/lte_link_control/lib..__nrf__lib__lte_link_control.a(lte_lc.c.obj)
                0x000000000001fe0c                lte_lc_edrx_req
 .text.lte_lc_edrx_req_work_fn
                0x000000000001fee4        0xc modules/nrf/lib/lte_link_control/lib..__nrf__lib__lte_link_control.a(lte_lc.c.obj)
 .text.lte_lc_system_mode_set
                0x000000000001fef0       0x94 modules/nrf/lib/lte_link_control/lib..__nrf__lib__lte_link_control.a(lte_lc.c.obj)
                0x000000000001fef0                lte_lc_system_mode_set
 .text.lte_lc_func_mode_set
                0x000000000001ff84       0xbc modules/nrf/lib/lte_link_control/lib..__nrf__lib__lte_link_control.a(lte_lc.c.obj)
                0x000000000001ff84                lte_lc_func_mode_set
 .text.k_mutex_unlock.constprop.0.isra.0
                0x0000000000020040        0xc modules/nrf/lib/lte_link_control/lib..__nrf__lib__lte_link_control.a(lte_lc_helpers.c.obj)
 .text.event_handler_list_is_empty
                0x000000000002004c       0x10 modules/nrf/lib/lte_link_control/lib..__nrf__lib__lte_link_control.a(lte_lc_helpers.c.obj)
                0x000000000002004c                event_handler_list_is_empty
 .text.event_handler_list_dispatch
                0x000000000002005c       0x48 modules/nrf/lib/lte_link_control/lib..__nrf__lib__lte_link_control.a(lte_lc_helpers.c.obj)
                0x000000000002005c                event_handler_list_dispatch
 .text.response_is_valid
                0x00000000000200a4       0x4c modules/nrf/lib/lte_link_control/lib..__nrf__lib__lte_link_control.a(lte_lc_helpers.c.obj)
                0x00000000000200a4                response_is_valid
 .text.parse_psm
                0x00000000000200f0      0x130 modules/nrf/lib/lte_link_control/lib..__nrf__lib__lte_link_control.a(lte_lc_helpers.c.obj)
                0x00000000000200f0                parse_psm
 .text.parse_rrc_mode
                0x0000000000020220       0xbc modules/nrf/lib/lte_link_control/lib..__nrf__lib__lte_link_control.a(lte_lc_helpers.c.obj)
                0x0000000000020220                parse_rrc_mode
 .text.parse_cereg
                0x00000000000202dc      0x280 modules/nrf/lib/lte_link_control/lib..__nrf__lib__lte_link_control.a(lte_lc_helpers.c.obj)
                0x00000000000202dc                parse_cereg
 .text.parse_xt3412
                0x000000000002055c       0xc4 modules/nrf/lib/lte_link_control/lib..__nrf__lib__lte_link_control.a(lte_lc_helpers.c.obj)
                0x000000000002055c                parse_xt3412
 .text.neighborcell_count_get
                0x0000000000020620       0x48 modules/nrf/lib/lte_link_control/lib..__nrf__lib__lte_link_control.a(lte_lc_helpers.c.obj)
                0x0000000000020620                neighborcell_count_get
 .text.parse_ncellmeas
                0x0000000000020668      0x2d4 modules/nrf/lib/lte_link_control/lib..__nrf__lib__lte_link_control.a(lte_lc_helpers.c.obj)
                0x0000000000020668                parse_ncellmeas
 .text.parse_ncellmeas_gci
                0x000000000002093c      0x4ec modules/nrf/lib/lte_link_control/lib..__nrf__lib__lte_link_control.a(lte_lc_helpers.c.obj)
                0x000000000002093c                parse_ncellmeas_gci
 .text.parse_xmodemsleep
                0x0000000000020e28       0xe4 modules/nrf/lib/lte_link_control/lib..__nrf__lib__lte_link_control.a(lte_lc_helpers.c.obj)
                0x0000000000020e28                parse_xmodemsleep
 .text.parse_mdmev
                0x0000000000020f0c       0x68 modules/nrf/lib/lte_link_control/lib..__nrf__lib__lte_link_control.a(lte_lc_helpers.c.obj)
                0x0000000000020f0c                parse_mdmev
 .text.lte_lc_on_modem_cfun
                0x0000000000020f74       0x24 modules/nrf/lib/lte_link_control/lib..__nrf__lib__lte_link_control.a(lte_lc_modem_hooks.c.obj)
 .text.on_modem_init
                0x0000000000020f98       0xcc modules/nrf/lib/lte_link_control/lib..__nrf__lib__lte_link_control.a(lte_lc_modem_hooks.c.obj)
 .text.ns_fault_init
                0x0000000000021064       0x3c modules/nrf/modules/trusted-firmware-m/lib..__nrf__modules__trusted-firmware-m.a(fault.c.obj)
 .text.arm_fault
                0x00000000000210a0      0x338 modules/nrf/modules/trusted-firmware-m/lib..__nrf__modules__trusted-firmware-m.a(fault.c.obj)
                0x00000000000210a0                arm_fault
 .text.tfm_ns_fault_handler_callback
                0x00000000000213d8       0x48 modules/nrf/modules/trusted-firmware-m/lib..__nrf__modules__trusted-firmware-m.a(fault.c.obj)
                0x00000000000213d8                tfm_ns_fault_handler_callback
 .text.tfm_ns_interface_dispatch
                0x0000000000021420       0x68 modules/trusted-firmware-m/libtfm_api.a(interface.c.obj)
                0x0000000000021420                tfm_ns_interface_dispatch
 .text.tfm_platform_ioctl
                0x0000000000021488       0x4c modules/trusted-firmware-m/libtfm_api.a(tfm_platform_api.c.obj)
                0x0000000000021488                tfm_platform_ioctl
 .text.psa_generate_random
                0x00000000000214d4       0x40 modules/trusted-firmware-m/libtfm_api.a(tfm_crypto_api.c.obj)
                0x00000000000214d4                psa_generate_random
 .text.psa_call
                0x0000000000021514       0x38 modules/trusted-firmware-m/libtfm_api.a(tfm_tz_psa_ns_api.c.obj)
                0x0000000000021514                psa_call
 .text.SystemInit
                0x000000000002154c       0x1c modules/hal_nordic/nrfx/libmodules__hal_nordic__nrfx.a(system_nrf91.c.obj)
                0x000000000002154c                SystemInit
 .text.nrfx_flag32_alloc
                0x0000000000021568       0x40 modules/hal_nordic/nrfx/libmodules__hal_nordic__nrfx.a(nrfx_flag32_allocator.c.obj)
                0x0000000000021568                nrfx_flag32_alloc
 .text.nrfx_flag32_free
                0x00000000000215a8       0x38 modules/hal_nordic/nrfx/libmodules__hal_nordic__nrfx.a(nrfx_flag32_allocator.c.obj)
                0x00000000000215a8                nrfx_flag32_free
 .text.nrfx_gppi_channels_enable
                0x00000000000215e0        0xc modules/hal_nordic/nrfx/libmodules__hal_nordic__nrfx.a(nrfx_gppi_dppi.c.obj)
                0x00000000000215e0                nrfx_gppi_channels_enable
 .text.clock_stop
                0x00000000000215ec       0xb0 modules/hal_nordic/nrfx/libmodules__hal_nordic__nrfx.a(nrfx_clock.c.obj)
 .text.nrfx_clock_init
                0x000000000002169c       0x20 modules/hal_nordic/nrfx/libmodules__hal_nordic__nrfx.a(nrfx_clock.c.obj)
                0x000000000002169c                nrfx_clock_init
 .text.nrfx_clock_enable
                0x00000000000216bc       0x28 modules/hal_nordic/nrfx/libmodules__hal_nordic__nrfx.a(nrfx_clock.c.obj)
                0x00000000000216bc                nrfx_clock_enable
 .text.nrfx_clock_start
                0x00000000000216e4       0xb8 modules/hal_nordic/nrfx/libmodules__hal_nordic__nrfx.a(nrfx_clock.c.obj)
                0x00000000000216e4                nrfx_clock_start
 .text.nrfx_power_clock_irq_handler
                0x000000000002179c       0x64 modules/hal_nordic/nrfx/libmodules__hal_nordic__nrfx.a(nrfx_clock.c.obj)
                0x000000000002179c                nrfx_power_clock_irq_handler
 .text.nrfx_dppi_channel_alloc
                0x0000000000021800        0xc modules/hal_nordic/nrfx/libmodules__hal_nordic__nrfx.a(nrfx_dppi.c.obj)
                0x0000000000021800                nrfx_dppi_channel_alloc
 .text.nrf_gpio_pin_port_decode
                0x000000000002180c       0x18 modules/hal_nordic/nrfx/libmodules__hal_nordic__nrfx.a(nrfx_gpiote.c.obj)
 .text.release_handler
                0x0000000000021824       0x6c modules/hal_nordic/nrfx/libmodules__hal_nordic__nrfx.a(nrfx_gpiote.c.obj)
 .text.pin_te_get.isra.0
                0x0000000000021890       0x18 modules/hal_nordic/nrfx/libmodules__hal_nordic__nrfx.a(nrfx_gpiote.c.obj)
 .text.pin_is_input.isra.0
                0x00000000000218a8       0x20 modules/hal_nordic/nrfx/libmodules__hal_nordic__nrfx.a(nrfx_gpiote.c.obj)
 .text.pin_in_use_by_te.isra.0
                0x00000000000218c8       0x1c modules/hal_nordic/nrfx/libmodules__hal_nordic__nrfx.a(nrfx_gpiote.c.obj)
 .text.latch_pending_read_and_check
                0x00000000000218e4       0x1c modules/hal_nordic/nrfx/libmodules__hal_nordic__nrfx.a(nrfx_gpiote.c.obj)
 .text.__nrfy_internal_gpiote_events_process.constprop.0
                0x0000000000021900       0x5c modules/hal_nordic/nrfx/libmodules__hal_nordic__nrfx.a(nrfx_gpiote.c.obj)
 .text.irq_handler.constprop.0
                0x000000000002195c      0x15c modules/hal_nordic/nrfx/libmodules__hal_nordic__nrfx.a(nrfx_gpiote.c.obj)
 .text.pin_uninit
                0x0000000000021ab8       0xa0 modules/hal_nordic/nrfx/libmodules__hal_nordic__nrfx.a(nrfx_gpiote.c.obj)
 .text.nrfx_gpiote_input_configure
                0x0000000000021b58      0x1f8 modules/hal_nordic/nrfx/libmodules__hal_nordic__nrfx.a(nrfx_gpiote.c.obj)
                0x0000000000021b58                nrfx_gpiote_input_configure
 .text.nrfx_gpiote_output_configure
                0x0000000000021d50      0x130 modules/hal_nordic/nrfx/libmodules__hal_nordic__nrfx.a(nrfx_gpiote.c.obj)
                0x0000000000021d50                nrfx_gpiote_output_configure
 .text.nrfx_gpiote_global_callback_set
                0x0000000000021e80       0x1c modules/hal_nordic/nrfx/libmodules__hal_nordic__nrfx.a(nrfx_gpiote.c.obj)
                0x0000000000021e80                nrfx_gpiote_global_callback_set
 .text.nrfx_gpiote_channel_get
                0x0000000000021e9c       0x38 modules/hal_nordic/nrfx/libmodules__hal_nordic__nrfx.a(nrfx_gpiote.c.obj)
                0x0000000000021e9c                nrfx_gpiote_channel_get
 .text.nrfx_gpiote_init
                0x0000000000021ed4       0x78 modules/hal_nordic/nrfx/libmodules__hal_nordic__nrfx.a(nrfx_gpiote.c.obj)
                0x0000000000021ed4                nrfx_gpiote_init
 .text.nrfx_gpiote_init_check
                0x0000000000021f4c       0x1c modules/hal_nordic/nrfx/libmodules__hal_nordic__nrfx.a(nrfx_gpiote.c.obj)
                0x0000000000021f4c                nrfx_gpiote_init_check
 .text.nrfx_gpiote_channel_free
                0x0000000000021f68       0x18 modules/hal_nordic/nrfx/libmodules__hal_nordic__nrfx.a(nrfx_gpiote.c.obj)
                0x0000000000021f68                nrfx_gpiote_channel_free
 .text.nrfx_gpiote_channel_alloc
                0x0000000000021f80       0x18 modules/hal_nordic/nrfx/libmodules__hal_nordic__nrfx.a(nrfx_gpiote.c.obj)
                0x0000000000021f80                nrfx_gpiote_channel_alloc
 .text.nrfx_gpiote_trigger_enable
                0x0000000000021f98       0xb0 modules/hal_nordic/nrfx/libmodules__hal_nordic__nrfx.a(nrfx_gpiote.c.obj)
                0x0000000000021f98                nrfx_gpiote_trigger_enable
 .text.nrfx_gpiote_1_irq_handler
                0x0000000000022048        0xc modules/hal_nordic/nrfx/libmodules__hal_nordic__nrfx.a(nrfx_gpiote.c.obj)
                0x0000000000022048                nrfx_gpiote_1_irq_handler
 .text.nrfx_ipc_init
                0x0000000000022054       0x30 modules/hal_nordic/nrfx/libmodules__hal_nordic__nrfx.a(nrfx_ipc.c.obj)
                0x0000000000022054                nrfx_ipc_init
 .text.nrfx_ipc_config_load
                0x0000000000022084       0x40 modules/hal_nordic/nrfx/libmodules__hal_nordic__nrfx.a(nrfx_ipc.c.obj)
                0x0000000000022084                nrfx_ipc_config_load
 .text.nrfx_ipc_uninit
                0x00000000000220c4       0x64 modules/hal_nordic/nrfx/libmodules__hal_nordic__nrfx.a(nrfx_ipc.c.obj)
                0x00000000000220c4                nrfx_ipc_uninit
 .text.nrfx_ipc_receive_event_enable
                0x0000000000022128       0x10 modules/hal_nordic/nrfx/libmodules__hal_nordic__nrfx.a(nrfx_ipc.c.obj)
                0x0000000000022128                nrfx_ipc_receive_event_enable
 .text.nrfx_ipc_receive_event_disable
                0x0000000000022138       0x10 modules/hal_nordic/nrfx/libmodules__hal_nordic__nrfx.a(nrfx_ipc.c.obj)
                0x0000000000022138                nrfx_ipc_receive_event_disable
 .text.nrfx_ipc_irq_handler
                0x0000000000022148       0x40 modules/hal_nordic/nrfx/libmodules__hal_nordic__nrfx.a(nrfx_ipc.c.obj)
                0x0000000000022148                nrfx_ipc_irq_handler
 .text.rpc_handle_data_message
                0x0000000000022188       0x38 C:/ncs/v2.7.0/nrfxlib/nrf_modem/lib/cellular/nrf9160/hard-float/libmodem.a(rpc_framework.c.obj)
                0x0000000000022188                rpc_handle_data_message
 .text.rpc_transport_init
                0x00000000000221c0        0xc C:/ncs/v2.7.0/nrfxlib/nrf_modem/lib/cellular/nrf9160/hard-float/libmodem.a(rpc_transport.c.obj)
                0x00000000000221c0                rpc_transport_init
 .text.rpc_transport_msg_alloc
                0x00000000000221cc        0xc C:/ncs/v2.7.0/nrfxlib/nrf_modem/lib/cellular/nrf9160/hard-float/libmodem.a(rpc_transport.c.obj)
                0x00000000000221cc                rpc_transport_msg_alloc
 .text.rpc_transport_msg_data_tx_size
                0x00000000000221d8        0xc C:/ncs/v2.7.0/nrfxlib/nrf_modem/lib/cellular/nrf9160/hard-float/libmodem.a(rpc_transport.c.obj)
                0x00000000000221d8                rpc_transport_msg_data_tx_size
 .text.rpc_transport_msg_data_rx_free
                0x00000000000221e4        0xc C:/ncs/v2.7.0/nrfxlib/nrf_modem/lib/cellular/nrf9160/hard-float/libmodem.a(rpc_transport.c.obj)
                0x00000000000221e4                rpc_transport_msg_data_rx_free
 .text.rpc_transport_msg_send
                0x00000000000221f0        0xc C:/ncs/v2.7.0/nrfxlib/nrf_modem/lib/cellular/nrf9160/hard-float/libmodem.a(rpc_transport.c.obj)
                0x00000000000221f0                rpc_transport_msg_send
 .text.rpc_transport_data_rx_suspend
                0x00000000000221fc        0xc C:/ncs/v2.7.0/nrfxlib/nrf_modem/lib/cellular/nrf9160/hard-float/libmodem.a(rpc_transport.c.obj)
                0x00000000000221fc                rpc_transport_data_rx_suspend
 .text.rpc_transport_data_rx_resume
                0x0000000000022208        0xc C:/ncs/v2.7.0/nrfxlib/nrf_modem/lib/cellular/nrf9160/hard-float/libmodem.a(rpc_transport.c.obj)
                0x0000000000022208                rpc_transport_data_rx_resume
 .text.rpc_transport_ipc_msg_data_tx_size
                0x0000000000022214        0xc C:/ncs/v2.7.0/nrfxlib/nrf_modem/lib/cellular/nrf9160/hard-float/libmodem.a(rpc_transport_ipc.c.obj)
 .text.rpc_transport_ipc_msg_tx_free
                0x0000000000022220       0x38 C:/ncs/v2.7.0/nrfxlib/nrf_modem/lib/cellular/nrf9160/hard-float/libmodem.a(rpc_transport_ipc.c.obj)
 .text.handle_modem_rpc_msg
                0x0000000000022258       0x68 C:/ncs/v2.7.0/nrfxlib/nrf_modem/lib/cellular/nrf9160/hard-float/libmodem.a(rpc_transport_ipc.c.obj)
 .text.rpc_message_handler
                0x00000000000222c0       0x24 C:/ncs/v2.7.0/nrfxlib/nrf_modem/lib/cellular/nrf9160/hard-float/libmodem.a(rpc_transport_ipc.c.obj)
 .text.ipc_irq_handler
                0x00000000000222e4       0xec C:/ncs/v2.7.0/nrfxlib/nrf_modem/lib/cellular/nrf9160/hard-float/libmodem.a(rpc_transport_ipc.c.obj)
                0x00000000000222e4                ipc_irq_handler
 .text.rpc_transport_ipc_ctrl_msg_alloc
                0x00000000000223d0       0x44 C:/ncs/v2.7.0/nrfxlib/nrf_modem/lib/cellular/nrf9160/hard-float/libmodem.a(rpc_transport_ipc.c.obj)
 .text.rpc_transport_ipc_data_msg_alloc
                0x0000000000022414       0x24 C:/ncs/v2.7.0/nrfxlib/nrf_modem/lib/cellular/nrf9160/hard-float/libmodem.a(rpc_transport_ipc.c.obj)
 .text.rpc_transport_ipc_data_msg_send
                0x0000000000022438       0x6c C:/ncs/v2.7.0/nrfxlib/nrf_modem/lib/cellular/nrf9160/hard-float/libmodem.a(rpc_transport_ipc.c.obj)
 .text.rpc_transport_ipc_init
                0x00000000000224a4      0x1d4 C:/ncs/v2.7.0/nrfxlib/nrf_modem/lib/cellular/nrf9160/hard-float/libmodem.a(rpc_transport_ipc.c.obj)
 .text.rpc_transport_ipc_ctrl_msg_send
                0x0000000000022678       0x6c C:/ncs/v2.7.0/nrfxlib/nrf_modem/lib/cellular/nrf9160/hard-float/libmodem.a(rpc_transport_ipc.c.obj)
 .text.rpc_transport_ipc_request_shutdown
                0x00000000000226e4       0x38 C:/ncs/v2.7.0/nrfxlib/nrf_modem/lib/cellular/nrf9160/hard-float/libmodem.a(rpc_transport_ipc.c.obj)
 .text.rpc_transport_ipc_msg_data_rx_free
                0x000000000002271c       0x30 C:/ncs/v2.7.0/nrfxlib/nrf_modem/lib/cellular/nrf9160/hard-float/libmodem.a(rpc_transport_ipc.c.obj)
 .text.cfun_post_modem
                0x000000000002274c       0x14 C:/ncs/v2.7.0/nrfxlib/nrf_modem/lib/cellular/nrf9160/hard-float/libmodem.a(nrf_modem_at.c.obj)
 .text.at_cmd_vsprintf
                0x0000000000022760       0x50 C:/ncs/v2.7.0/nrfxlib/nrf_modem/lib/cellular/nrf9160/hard-float/libmodem.a(nrf_modem_at.c.obj)
 .text.cfun_pre_modem
                0x00000000000227b0       0x44 C:/ncs/v2.7.0/nrfxlib/nrf_modem/lib/cellular/nrf9160/hard-float/libmodem.a(nrf_modem_at.c.obj)
 .text.at_cmd_send
                0x00000000000227f4       0x74 C:/ncs/v2.7.0/nrfxlib/nrf_modem/lib/cellular/nrf9160/hard-float/libmodem.a(nrf_modem_at.c.obj)
 .text.at_response_match
                0x0000000000022868       0x48 C:/ncs/v2.7.0/nrfxlib/nrf_modem/lib/cellular/nrf9160/hard-float/libmodem.a(nrf_modem_at.c.obj)
 .text.nrf_modem_at_notif_handler_set
                0x00000000000228b0        0xc C:/ncs/v2.7.0/nrfxlib/nrf_modem/lib/cellular/nrf9160/hard-float/libmodem.a(nrf_modem_at.c.obj)
                0x00000000000228b0                nrf_modem_at_notif_handler_set
 .text.nrf_modem_at_cfun_handler_set
                0x00000000000228bc        0xc C:/ncs/v2.7.0/nrfxlib/nrf_modem/lib/cellular/nrf9160/hard-float/libmodem.a(nrf_modem_at.c.obj)
                0x00000000000228bc                nrf_modem_at_cfun_handler_set
 .text.nrf_modem_at_printf
                0x00000000000228c8       0xc8 C:/ncs/v2.7.0/nrfxlib/nrf_modem/lib/cellular/nrf9160/hard-float/libmodem.a(nrf_modem_at.c.obj)
                0x00000000000228c8                nrf_modem_at_printf
 .text.nrf_modem_at_cmd
                0x0000000000022990      0x18c C:/ncs/v2.7.0/nrfxlib/nrf_modem/lib/cellular/nrf9160/hard-float/libmodem.a(nrf_modem_at.c.obj)
                0x0000000000022990                nrf_modem_at_cmd
 .text.rpc_at_event_handler
                0x0000000000022b1c       0x88 C:/ncs/v2.7.0/nrfxlib/nrf_modem/lib/cellular/nrf9160/hard-float/libmodem.a(nrf_modem_at.c.obj)
                0x0000000000022b1c                rpc_at_event_handler
 .text.rpc_at_init
                0x0000000000022ba4       0x40 C:/ncs/v2.7.0/nrfxlib/nrf_modem/lib/cellular/nrf9160/hard-float/libmodem.a(nrf_modem_at.c.obj)
                0x0000000000022ba4                rpc_at_init
 .text.sock_unref.isra.0
                0x0000000000022be4       0x40 C:/ncs/v2.7.0/nrfxlib/nrf_modem/lib/cellular/nrf9160/hard-float/libmodem.a(sock.c.obj)
 .text.sock_init
                0x0000000000022c24       0x3c C:/ncs/v2.7.0/nrfxlib/nrf_modem/lib/cellular/nrf9160/hard-float/libmodem.a(sock.c.obj)
                0x0000000000022c24                sock_init
 .text.sock_open
                0x0000000000022c60       0x68 C:/ncs/v2.7.0/nrfxlib/nrf_modem/lib/cellular/nrf9160/hard-float/libmodem.a(sock.c.obj)
                0x0000000000022c60                sock_open
 .text.sock_find
                0x0000000000022cc8       0x24 C:/ncs/v2.7.0/nrfxlib/nrf_modem/lib/cellular/nrf9160/hard-float/libmodem.a(sock.c.obj)
                0x0000000000022cc8                sock_find
 .text._sock_close
                0x0000000000022cec       0x30 C:/ncs/v2.7.0/nrfxlib/nrf_modem/lib/cellular/nrf9160/hard-float/libmodem.a(sock.c.obj)
                0x0000000000022cec                _sock_close
 .text.sock_shutdown
                0x0000000000022d1c       0x28 C:/ncs/v2.7.0/nrfxlib/nrf_modem/lib/cellular/nrf9160/hard-float/libmodem.a(sock.c.obj)
                0x0000000000022d1c                sock_shutdown
 .text.sock_rpc_flow_control_set
                0x0000000000022d44       0x50 C:/ncs/v2.7.0/nrfxlib/nrf_modem/lib/cellular/nrf9160/hard-float/libmodem.a(sock.c.obj)
                0x0000000000022d44                sock_rpc_flow_control_set
 .text.sock_proto_is_valid
                0x0000000000022d94       0x30 C:/ncs/v2.7.0/nrfxlib/nrf_modem/lib/cellular/nrf9160/hard-float/libmodem.a(sock.c.obj)
                0x0000000000022d94                sock_proto_is_valid
 .text.on_getaddrinfo_res
                0x0000000000022dc4       0x14 C:/ncs/v2.7.0/nrfxlib/nrf_modem/lib/cellular/nrf9160/hard-float/libmodem.a(dns.c.obj)
                0x0000000000022dc4                on_getaddrinfo_res
 .text.addrinfo_init
                0x0000000000022dd8       0x1c C:/ncs/v2.7.0/nrfxlib/nrf_modem/lib/cellular/nrf9160/hard-float/libmodem.a(dns.c.obj)
                0x0000000000022dd8                addrinfo_init
 .text.nrf_getaddrinfo
                0x0000000000022df4      0x300 C:/ncs/v2.7.0/nrfxlib/nrf_modem/lib/cellular/nrf9160/hard-float/libmodem.a(dns.c.obj)
                0x0000000000022df4                nrf_getaddrinfo
 .text.rpc_ip_event_handler
                0x00000000000230f4      0x2d8 C:/ncs/v2.7.0/nrfxlib/nrf_modem/lib/cellular/nrf9160/hard-float/libmodem.a(ip.c.obj)
                0x00000000000230f4                rpc_ip_event_handler
 .text.nrf_close
                0x00000000000233cc       0x64 C:/ncs/v2.7.0/nrfxlib/nrf_modem/lib/cellular/nrf9160/hard-float/libmodem.a(ip.c.obj)
                0x00000000000233cc                nrf_close
 .text.nrf_setsockopt
                0x0000000000023430      0x25c C:/ncs/v2.7.0/nrfxlib/nrf_modem/lib/cellular/nrf9160/hard-float/libmodem.a(ip.c.obj)
                0x0000000000023430                nrf_setsockopt
 .text.nrf_getsockopt
                0x000000000002368c      0x1b4 C:/ncs/v2.7.0/nrfxlib/nrf_modem/lib/cellular/nrf9160/hard-float/libmodem.a(ip.c.obj)
                0x000000000002368c                nrf_getsockopt
 .text.rpc_ip_init
                0x0000000000023840       0x24 C:/ncs/v2.7.0/nrfxlib/nrf_modem/lib/cellular/nrf9160/hard-float/libmodem.a(ip.c.obj)
                0x0000000000023840                rpc_ip_init
 .text.on_tls_attach_res
                0x0000000000023864       0x30 C:/ncs/v2.7.0/nrfxlib/nrf_modem/lib/cellular/nrf9160/hard-float/libmodem.a(tls.c.obj)
                0x0000000000023864                on_tls_attach_res
 .text.on_tls_handshake_ntf
                0x0000000000023894       0x3c C:/ncs/v2.7.0/nrfxlib/nrf_modem/lib/cellular/nrf9160/hard-float/libmodem.a(tls.c.obj)
                0x0000000000023894                on_tls_handshake_ntf
 .text.tls_attach
                0x00000000000238d0       0xf4 C:/ncs/v2.7.0/nrfxlib/nrf_modem/lib/cellular/nrf9160/hard-float/libmodem.a(tls.c.obj)
                0x00000000000238d0                tls_attach
 .text.nrf_af_to_rpc_af
                0x00000000000239c4       0x10 C:/ncs/v2.7.0/nrfxlib/nrf_modem/lib/cellular/nrf9160/hard-float/libmodem.a(tables.c.obj)
                0x00000000000239c4                nrf_af_to_rpc_af
 .text.nrf_so_to_rpc_so
                0x00000000000239d4       0x18 C:/ncs/v2.7.0/nrfxlib/nrf_modem/lib/cellular/nrf9160/hard-float/libmodem.a(tables.c.obj)
                0x00000000000239d4                nrf_so_to_rpc_so
 .text.rpc_error_to_nrf_errno
                0x00000000000239ec       0x18 C:/ncs/v2.7.0/nrfxlib/nrf_modem/lib/cellular/nrf9160/hard-float/libmodem.a(tables.c.obj)
                0x00000000000239ec                rpc_error_to_nrf_errno
 .text.nrf_rai_to_rpc_rai
                0x0000000000023a04       0x18 C:/ncs/v2.7.0/nrfxlib/nrf_modem/lib/cellular/nrf9160/hard-float/libmodem.a(tables.c.obj)
                0x0000000000023a04                nrf_rai_to_rpc_rai
 .text._req_forward
                0x0000000000023a1c       0x40 C:/ncs/v2.7.0/nrfxlib/nrf_modem/lib/cellular/nrf9160/hard-float/libmodem.a(reqres.c.obj)
                0x0000000000023a1c                _req_forward
 .text.expiry_sec_to_min
                0x0000000000023a5c       0x24 C:/ncs/v2.7.0/nrfxlib/nrf_modem/lib/cellular/nrf9160/hard-float/libmodem.a(nrf_modem_gnss.c.obj)
 .text.send_message
                0x0000000000023a80      0x1a0 C:/ncs/v2.7.0/nrfxlib/nrf_modem/lib/cellular/nrf9160/hard-float/libmodem.a(nrf_modem_gnss.c.obj)
 .text.nrf_modem_gnss_read
                0x0000000000023c20      0x240 C:/ncs/v2.7.0/nrfxlib/nrf_modem/lib/cellular/nrf9160/hard-float/libmodem.a(nrf_modem_gnss.c.obj)
                0x0000000000023c20                nrf_modem_gnss_read
 .text.nrf_modem_gnss_start
                0x0000000000023e60       0xe0 C:/ncs/v2.7.0/nrfxlib/nrf_modem/lib/cellular/nrf9160/hard-float/libmodem.a(nrf_modem_gnss.c.obj)
                0x0000000000023e60                nrf_modem_gnss_start
 .text.nrf_modem_gnss_use_case_set
                0x0000000000023f40       0x58 C:/ncs/v2.7.0/nrfxlib/nrf_modem/lib/cellular/nrf9160/hard-float/libmodem.a(nrf_modem_gnss.c.obj)
                0x0000000000023f40                nrf_modem_gnss_use_case_set
 .text.nrf_modem_gnss_fix_interval_set
                0x0000000000023f98       0x5c C:/ncs/v2.7.0/nrfxlib/nrf_modem/lib/cellular/nrf9160/hard-float/libmodem.a(nrf_modem_gnss.c.obj)
                0x0000000000023f98                nrf_modem_gnss_fix_interval_set
 .text.nrf_modem_gnss_fix_retry_set
                0x0000000000023ff4       0x5c C:/ncs/v2.7.0/nrfxlib/nrf_modem/lib/cellular/nrf9160/hard-float/libmodem.a(nrf_modem_gnss.c.obj)
                0x0000000000023ff4                nrf_modem_gnss_fix_retry_set
 .text.nrf_modem_gnss_nmea_mask_set
                0x0000000000024050       0x5c C:/ncs/v2.7.0/nrfxlib/nrf_modem/lib/cellular/nrf9160/hard-float/libmodem.a(nrf_modem_gnss.c.obj)
                0x0000000000024050                nrf_modem_gnss_nmea_mask_set
 .text.nrf_modem_gnss_power_mode_set
                0x00000000000240ac       0x58 C:/ncs/v2.7.0/nrfxlib/nrf_modem/lib/cellular/nrf9160/hard-float/libmodem.a(nrf_modem_gnss.c.obj)
                0x00000000000240ac                nrf_modem_gnss_power_mode_set
 .text.nrf_modem_gnss_qzss_nmea_mode_set
                0x0000000000024104       0x8c C:/ncs/v2.7.0/nrfxlib/nrf_modem/lib/cellular/nrf9160/hard-float/libmodem.a(nrf_modem_gnss.c.obj)
                0x0000000000024104                nrf_modem_gnss_qzss_nmea_mode_set
 .text.nrf_modem_gnss_event_handler_set
                0x0000000000024190        0xc C:/ncs/v2.7.0/nrfxlib/nrf_modem/lib/cellular/nrf9160/hard-float/libmodem.a(nrf_modem_gnss.c.obj)
                0x0000000000024190                nrf_modem_gnss_event_handler_set
 .text.rpc_gnss_event_handler
                0x000000000002419c      0x138 C:/ncs/v2.7.0/nrfxlib/nrf_modem/lib/cellular/nrf9160/hard-float/libmodem.a(nrf_modem_gnss.c.obj)
                0x000000000002419c                rpc_gnss_event_handler
 .text.rpc_gnss_init
                0x00000000000242d4       0x44 C:/ncs/v2.7.0/nrfxlib/nrf_modem/lib/cellular/nrf9160/hard-float/libmodem.a(nrf_modem_gnss.c.obj)
                0x00000000000242d4                rpc_gnss_init
 .text.rpc_gnss_deinit
                0x0000000000024318       0x3c C:/ncs/v2.7.0/nrfxlib/nrf_modem/lib/cellular/nrf9160/hard-float/libmodem.a(nrf_modem_gnss.c.obj)
                0x0000000000024318                rpc_gnss_deinit
 .text.rpc_softsim_event_handler
                0x0000000000024354       0x24 C:/ncs/v2.7.0/nrfxlib/nrf_modem/lib/cellular/nrf9160/hard-float/libmodem.a(nrf_modem_softsim.c.obj)
                0x0000000000024354                rpc_softsim_event_handler
 .text.modem_off
                0x0000000000024378       0x28 C:/ncs/v2.7.0/nrfxlib/nrf_modem/lib/cellular/nrf9160/hard-float/libmodem.a(nrf_modem.c.obj)
 .text.nrf_modem_platform_init
                0x00000000000243a0       0x3c C:/ncs/v2.7.0/nrfxlib/nrf_modem/lib/cellular/nrf9160/hard-float/libmodem.a(nrf_modem.c.obj)
 .text.atomic_set.constprop.0.isra.0
                0x00000000000243dc       0x14 C:/ncs/v2.7.0/nrfxlib/nrf_modem/lib/cellular/nrf9160/hard-float/libmodem.a(nrf_modem.c.obj)
 .text.nrf_modem_init
                0x00000000000243f0       0xcc C:/ncs/v2.7.0/nrfxlib/nrf_modem/lib/cellular/nrf9160/hard-float/libmodem.a(nrf_modem.c.obj)
                0x00000000000243f0                nrf_modem_init
 .text.nrf_modem_fault_handler_set
                0x00000000000244bc        0xc C:/ncs/v2.7.0/nrfxlib/nrf_modem/lib/cellular/nrf9160/hard-float/libmodem.a(nrf_modem_fault.c.obj)
                0x00000000000244bc                nrf_modem_fault_handler_set
 .text.nrf_modem_fault_handler_internal
                0x00000000000244c8       0x18 C:/ncs/v2.7.0/nrfxlib/nrf_modem/lib/cellular/nrf9160/hard-float/libmodem.a(nrf_modem_fault.c.obj)
                0x00000000000244c8                nrf_modem_fault_handler_internal
 .text.nrf_modem_state_set
                0x00000000000244e0        0xc C:/ncs/v2.7.0/nrfxlib/nrf_modem/lib/cellular/nrf9160/hard-float/libmodem.a(nrf_modem_state.c.obj)
                0x00000000000244e0                nrf_modem_state_set
 .text.nrf_modem_state_is_initialized
                0x00000000000244ec       0x10 C:/ncs/v2.7.0/nrfxlib/nrf_modem/lib/cellular/nrf9160/hard-float/libmodem.a(nrf_modem_state.c.obj)
                0x00000000000244ec                nrf_modem_state_is_initialized
 .text.ipc_trace_init
                0x00000000000244fc       0x38 C:/ncs/v2.7.0/nrfxlib/nrf_modem/lib/cellular/nrf9160/hard-float/libmodem.a(ipc_trace.c.obj)
                0x00000000000244fc                ipc_trace_init
 .text.ipc_trace_uninit
                0x0000000000024534       0x10 C:/ncs/v2.7.0/nrfxlib/nrf_modem/lib/cellular/nrf9160/hard-float/libmodem.a(ipc_trace.c.obj)
                0x0000000000024534                ipc_trace_uninit
 .text.ipc_trace_handler
                0x0000000000024544       0xb4 C:/ncs/v2.7.0/nrfxlib/nrf_modem/lib/cellular/nrf9160/hard-float/libmodem.a(ipc_trace.c.obj)
                0x0000000000024544                ipc_trace_handler
 .text.z_impl_z_errno
                0x00000000000245f8        0xc zephyr/kernel/libkernel.a(errno.c.obj)
                0x00000000000245f8                z_impl_z_errno
 .text.k_sys_fatal_error_handler
                0x0000000000024604       0x2c zephyr/kernel/libkernel.a(fatal.c.obj)
                0x0000000000024604                k_sys_fatal_error_handler
 .text.z_fatal_error
                0x0000000000024630       0xcc zephyr/kernel/libkernel.a(fatal.c.obj)
                0x0000000000024630                z_fatal_error
 .text.z_sys_init_run_level
                0x00000000000246fc       0x2c zephyr/kernel/libkernel.a(init.c.obj)
 .text.bg_thread_main
                0x0000000000024728       0xc0 zephyr/kernel/libkernel.a(init.c.obj)
 .text.z_bss_zero
                0x00000000000247e8       0x18 zephyr/kernel/libkernel.a(init.c.obj)
                0x00000000000247e8                z_bss_zero
 .text.z_init_cpu
                0x0000000000024800       0x68 zephyr/kernel/libkernel.a(init.c.obj)
                0x0000000000024800                z_init_cpu
 .text.z_cstart
                0x0000000000024868       0xe4 zephyr/kernel/libkernel.a(init.c.obj)
                0x0000000000024868                z_cstart
 .text.statics_init
                0x000000000002494c       0x24 zephyr/kernel/libkernel.a(kheap.c.obj)
 .text.init_mem_slab_obj_core_list
                0x0000000000024970       0x24 zephyr/kernel/libkernel.a(mem_slab.c.obj)
 .text.z_impl_k_msgq_put
                0x0000000000024994       0xac zephyr/kernel/libkernel.a(msg_q.c.obj)
                0x0000000000024994                z_impl_k_msgq_put
 .text.z_impl_k_msgq_get
                0x0000000000024a40       0xb0 zephyr/kernel/libkernel.a(msg_q.c.obj)
                0x0000000000024a40                z_impl_k_msgq_get
 .text.z_impl_k_mutex_lock
                0x0000000000024af0       0xf0 zephyr/kernel/libkernel.a(mutex.c.obj)
                0x0000000000024af0                z_impl_k_mutex_lock
 .text.z_impl_k_mutex_unlock
                0x0000000000024be0       0x78 zephyr/kernel/libkernel.a(mutex.c.obj)
                0x0000000000024be0                z_impl_k_mutex_unlock
 .text.z_impl_k_queue_get
                0x0000000000024c58       0x64 zephyr/kernel/libkernel.a(queue.c.obj)
                0x0000000000024c58                z_impl_k_queue_get
 .text.z_impl_k_sem_give
                0x0000000000024cbc       0x48 zephyr/kernel/libkernel.a(sem.c.obj)
                0x0000000000024cbc                z_impl_k_sem_give
 .text.z_impl_k_sem_take
                0x0000000000024d04       0x4c zephyr/kernel/libkernel.a(sem.c.obj)
                0x0000000000024d04                z_impl_k_sem_take
 .text.k_sys_work_q_init
                0x0000000000024d50       0x34 zephyr/kernel/libkernel.a(system_work_q.c.obj)
 .text.work_queue_main
                0x0000000000024d84      0x138 zephyr/kernel/libkernel.a(work.c.obj)
 .text.submit_to_queue_locked
                0x0000000000024ebc       0xb4 zephyr/kernel/libkernel.a(work.c.obj)
 .text.k_work_submit
                0x0000000000024f70        0xc zephyr/kernel/libkernel.a(work.c.obj)
                0x0000000000024f70                k_work_submit
 .text.k_work_queue_start
                0x0000000000024f7c       0x7c zephyr/kernel/libkernel.a(work.c.obj)
                0x0000000000024f7c                k_work_queue_start
 .text.z_setup_new_thread
                0x0000000000024ff8       0x60 zephyr/kernel/libkernel.a(thread.c.obj)
                0x0000000000024ff8                z_setup_new_thread
 .text.z_impl_k_thread_create
                0x0000000000025058       0x58 zephyr/kernel/libkernel.a(thread.c.obj)
                0x0000000000025058                z_impl_k_thread_create
 .text.update_cache
                0x00000000000250b0       0x3c zephyr/kernel/libkernel.a(sched.c.obj)
 .text.unready_thread
                0x00000000000250ec       0x30 zephyr/kernel/libkernel.a(sched.c.obj)
 .text.ready_thread
                0x000000000002511c       0x68 zephyr/kernel/libkernel.a(sched.c.obj)
 .text.z_thread_halt
                0x0000000000025184       0xf0 zephyr/kernel/libkernel.a(sched.c.obj)
 .text.move_thread_to_end_of_prio_q
                0x0000000000025274       0x74 zephyr/kernel/libkernel.a(sched.c.obj)
                0x0000000000025274                move_thread_to_end_of_prio_q
 .text.z_pend_curr
                0x00000000000252e8       0x58 zephyr/kernel/libkernel.a(sched.c.obj)
                0x00000000000252e8                z_pend_curr
 .text.z_thread_prio_set
                0x0000000000025340       0x88 zephyr/kernel/libkernel.a(sched.c.obj)
                0x0000000000025340                z_thread_prio_set
 .text.z_reschedule
                0x00000000000253c8       0x24 zephyr/kernel/libkernel.a(sched.c.obj)
                0x00000000000253c8                z_reschedule
 .text.z_sched_start
                0x00000000000253ec       0x3c zephyr/kernel/libkernel.a(sched.c.obj)
                0x00000000000253ec                z_sched_start
 .text.z_reschedule_irqlock
                0x0000000000025428       0x28 zephyr/kernel/libkernel.a(sched.c.obj)
                0x0000000000025428                z_reschedule_irqlock
 .text.k_sched_lock
                0x0000000000025450       0x28 zephyr/kernel/libkernel.a(sched.c.obj)
                0x0000000000025450                k_sched_lock
 .text.k_sched_unlock
                0x0000000000025478       0x40 zephyr/kernel/libkernel.a(sched.c.obj)
                0x0000000000025478                k_sched_unlock
 .text.z_sched_init
                0x00000000000254b8       0x10 zephyr/kernel/libkernel.a(sched.c.obj)
                0x00000000000254b8                z_sched_init
 .text.z_impl_k_yield
                0x00000000000254c8       0x7c zephyr/kernel/libkernel.a(sched.c.obj)
                0x00000000000254c8                z_impl_k_yield
 .text.z_tick_sleep
                0x0000000000025544       0x88 zephyr/kernel/libkernel.a(sched.c.obj)
 .text.z_impl_k_sleep
                0x00000000000255cc       0x3c zephyr/kernel/libkernel.a(sched.c.obj)
                0x00000000000255cc                z_impl_k_sleep
 .text.z_impl_k_sched_current_thread_query
                0x0000000000025608        0xc zephyr/kernel/libkernel.a(sched.c.obj)
                0x0000000000025608                z_impl_k_sched_current_thread_query
 .text.z_sched_wait
                0x0000000000025614       0x24 zephyr/kernel/libkernel.a(sched.c.obj)
                0x0000000000025614                z_sched_wait
 .text.slice_timeout
                0x0000000000025638       0x20 zephyr/kernel/libkernel.a(timeslicing.c.obj)
 .text.thread_is_sliceable
                0x0000000000025658       0x3c zephyr/kernel/libkernel.a(timeslicing.c.obj)
                0x0000000000025658                thread_is_sliceable
 .text.z_reset_time_slice
                0x0000000000025694       0x50 zephyr/kernel/libkernel.a(timeslicing.c.obj)
                0x0000000000025694                z_reset_time_slice
 .text.z_time_slice
                0x00000000000256e4       0x60 zephyr/kernel/libkernel.a(timeslicing.c.obj)
                0x00000000000256e4                z_time_slice
 .text.z_data_copy
                0x0000000000025744       0x34 zephyr/kernel/libkernel.a(xip.c.obj)
                0x0000000000025744                z_data_copy
 .text.elapsed  0x0000000000025778       0x14 zephyr/kernel/libkernel.a(timeout.c.obj)
 .text.remove_timeout
                0x000000000002578c       0x38 zephyr/kernel/libkernel.a(timeout.c.obj)
 .text.next_timeout
                0x00000000000257c4       0x40 zephyr/kernel/libkernel.a(timeout.c.obj)
 .text.z_add_timeout
                0x0000000000025804       0xf4 zephyr/kernel/libkernel.a(timeout.c.obj)
                0x0000000000025804                z_add_timeout
 .text.sys_clock_announce
                0x00000000000258f8       0xd0 zephyr/kernel/libkernel.a(timeout.c.obj)
                0x00000000000258f8                sys_clock_announce
 .text.sys_clock_tick_get
                0x00000000000259c8       0x30 zephyr/kernel/libkernel.a(timeout.c.obj)
                0x00000000000259c8                sys_clock_tick_get
 .text.z_impl_k_poll
                0x00000000000259f8       0xb0 zephyr/kernel/libkernel.a(poll.c.obj)
                0x00000000000259f8                z_impl_k_poll
 .text.z_impl_k_poll_signal_raise
                0x0000000000025aa8       0x50 zephyr/kernel/libkernel.a(poll.c.obj)
                0x0000000000025aa8                z_impl_k_poll_signal_raise
 .text.k_aligned_alloc
                0x0000000000025af8       0x10 zephyr/kernel/libkernel.a(mempool.c.obj)
                0x0000000000025af8                k_aligned_alloc
 .text.k_thread_system_pool_assign
                0x0000000000025b08        0xc zephyr/kernel/libkernel.a(mempool.c.obj)
                0x0000000000025b08                k_thread_system_pool_assign
 .text.z_thread_aligned_alloc
                0x0000000000025b14       0x30 zephyr/kernel/libkernel.a(mempool.c.obj)
                0x0000000000025b14                z_thread_aligned_alloc
 .text.fprintf  0x0000000000025b44       0x24 C:/ncs/toolchains/ce3b5ff664/opt/zephyr-sdk/arm-zephyr-eabi/arm-zephyr-eabi/lib/thumb/v8-m.main+fp/hard\libc_nano.a(lib_a-fprintf.o)
                0x0000000000025b44                fiprintf
                0x0000000000025b44                fprintf
 .text.malloc   0x0000000000025b68       0x10 C:/ncs/toolchains/ce3b5ff664/opt/zephyr-sdk/arm-zephyr-eabi/arm-zephyr-eabi/lib/thumb/v8-m.main+fp/hard\libc_nano.a(lib_a-malloc.o)
                0x0000000000025b68                malloc
 .text._free_r  0x0000000000025b78       0x94 C:/ncs/toolchains/ce3b5ff664/opt/zephyr-sdk/arm-zephyr-eabi/arm-zephyr-eabi/lib/thumb/v8-m.main+fp/hard\libc_nano.a(lib_a-nano-freer.o)
                0x0000000000025b78                _free_r
 .text._malloc_r
                0x0000000000025c0c       0xb4 C:/ncs/toolchains/ce3b5ff664/opt/zephyr-sdk/arm-zephyr-eabi/arm-zephyr-eabi/lib/thumb/v8-m.main+fp/hard\libc_nano.a(lib_a-nano-mallocr.o)
                0x0000000000025c0c                _malloc_r
 .text._vfprintf_r
                0x0000000000025cc0      0x258 C:/ncs/toolchains/ce3b5ff664/opt/zephyr-sdk/arm-zephyr-eabi/arm-zephyr-eabi/lib/thumb/v8-m.main+fp/hard\libc_nano.a(lib_a-nano-vfprintf.o)
                0x0000000000025cc0                _vfprintf_r
                0x0000000000025cc0                _vfiprintf_r
 .text._printf_float
                0x0000000000025f18      0x468 C:/ncs/toolchains/ce3b5ff664/opt/zephyr-sdk/arm-zephyr-eabi/arm-zephyr-eabi/lib/thumb/v8-m.main+fp/hard\libc_nano.a(lib_a-nano-vfprintf_float.o)
                0x0000000000025f18                _printf_float
 .text._printf_i
                0x0000000000026380      0x25c C:/ncs/toolchains/ce3b5ff664/opt/zephyr-sdk/arm-zephyr-eabi/arm-zephyr-eabi/lib/thumb/v8-m.main+fp/hard\libc_nano.a(lib_a-nano-vfprintf_i.o)
                0x0000000000026380                _printf_i
 .text.printf   0x00000000000265dc       0x30 C:/ncs/toolchains/ce3b5ff664/opt/zephyr-sdk/arm-zephyr-eabi/arm-zephyr-eabi/lib/thumb/v8-m.main+fp/hard\libc_nano.a(lib_a-printf.o)
                0x00000000000265dc                iprintf
                0x00000000000265dc                printf
 .text._puts_r  0x000000000002660c       0xb4 C:/ncs/toolchains/ce3b5ff664/opt/zephyr-sdk/arm-zephyr-eabi/arm-zephyr-eabi/lib/thumb/v8-m.main+fp/hard\libc_nano.a(lib_a-puts.o)
                0x000000000002660c                _puts_r
 .text.puts     0x00000000000266c0       0x10 C:/ncs/toolchains/ce3b5ff664/opt/zephyr-sdk/arm-zephyr-eabi/arm-zephyr-eabi/lib/thumb/v8-m.main+fp/hard\libc_nano.a(lib_a-puts.o)
                0x00000000000266c0                puts
 .text._sbrk_r  0x00000000000266d0       0x20 C:/ncs/toolchains/ce3b5ff664/opt/zephyr-sdk/arm-zephyr-eabi/arm-zephyr-eabi/lib/thumb/v8-m.main+fp/hard\libc_nano.a(lib_a-sbrkr.o)
                0x00000000000266d0                _sbrk_r
 .text.strncasecmp
                0x00000000000266f0       0x44 C:/ncs/toolchains/ce3b5ff664/opt/zephyr-sdk/arm-zephyr-eabi/arm-zephyr-eabi/lib/thumb/v8-m.main+fp/hard\libc_nano.a(lib_a-strncasecmp.o)
                0x00000000000266f0                strncasecmp
 .text._strtol_l.constprop.0
                0x0000000000026734       0xfc C:/ncs/toolchains/ce3b5ff664/opt/zephyr-sdk/arm-zephyr-eabi/arm-zephyr-eabi/lib/thumb/v8-m.main+fp/hard\libc_nano.a(lib_a-strtol.o)
 .text.strtol   0x0000000000026830       0x14 C:/ncs/toolchains/ce3b5ff664/opt/zephyr-sdk/arm-zephyr-eabi/arm-zephyr-eabi/lib/thumb/v8-m.main+fp/hard\libc_nano.a(lib_a-strtol.o)
                0x0000000000026830                strtol
 .text._strtoll_l.constprop.0
                0x0000000000026844      0x128 C:/ncs/toolchains/ce3b5ff664/opt/zephyr-sdk/arm-zephyr-eabi/arm-zephyr-eabi/lib/thumb/v8-m.main+fp/hard\libc_nano.a(lib_a-strtoll.o)
 .text.strtoll  0x000000000002696c       0x14 C:/ncs/toolchains/ce3b5ff664/opt/zephyr-sdk/arm-zephyr-eabi/arm-zephyr-eabi/lib/thumb/v8-m.main+fp/hard\libc_nano.a(lib_a-strtoll.o)
                0x000000000002696c                strtoll
 .text._strtoul_l.constprop.0
                0x0000000000026980       0xe4 C:/ncs/toolchains/ce3b5ff664/opt/zephyr-sdk/arm-zephyr-eabi/arm-zephyr-eabi/lib/thumb/v8-m.main+fp/hard\libc_nano.a(lib_a-strtoul.o)
 .text.strtoul  0x0000000000026a64       0x14 C:/ncs/toolchains/ce3b5ff664/opt/zephyr-sdk/arm-zephyr-eabi/arm-zephyr-eabi/lib/thumb/v8-m.main+fp/hard\libc_nano.a(lib_a-strtoul.o)
                0x0000000000026a64                strtoul
 .text.vsnprintf
                0x0000000000026a78       0x1c C:/ncs/toolchains/ce3b5ff664/opt/zephyr-sdk/arm-zephyr-eabi/arm-zephyr-eabi/lib/thumb/v8-m.main+fp/hard\libc_nano.a(lib_a-vsnprintf.o)
                0x0000000000026a78                vsniprintf
                0x0000000000026a78                vsnprintf
 .text.__swbuf_r
                0x0000000000026a94       0xa4 C:/ncs/toolchains/ce3b5ff664/opt/zephyr-sdk/arm-zephyr-eabi/arm-zephyr-eabi/lib/thumb/v8-m.main+fp/hard\libc_nano.a(lib_a-wbuf.o)
                0x0000000000026a94                __swbuf_r
 .text._write_r
                0x0000000000026b38       0x24 C:/ncs/toolchains/ce3b5ff664/opt/zephyr-sdk/arm-zephyr-eabi/arm-zephyr-eabi/lib/thumb/v8-m.main+fp/hard\libc_nano.a(lib_a-writer.o)
                0x0000000000026b38                _write_r
 .text.__swsetup_r
                0x0000000000026b5c       0xd8 C:/ncs/toolchains/ce3b5ff664/opt/zephyr-sdk/arm-zephyr-eabi/arm-zephyr-eabi/lib/thumb/v8-m.main+fp/hard\libc_nano.a(lib_a-wsetup.o)
                0x0000000000026b5c                __swsetup_r
 .text._close_r
                0x0000000000026c34       0x20 C:/ncs/toolchains/ce3b5ff664/opt/zephyr-sdk/arm-zephyr-eabi/arm-zephyr-eabi/lib/thumb/v8-m.main+fp/hard\libc_nano.a(lib_a-closer.o)
                0x0000000000026c34                _close_r
 .text._fflush_r
                0x0000000000026c54       0x78 C:/ncs/toolchains/ce3b5ff664/opt/zephyr-sdk/arm-zephyr-eabi/arm-zephyr-eabi/lib/thumb/v8-m.main+fp/hard\libc_nano.a(lib_a-fflush.o)
                0x0000000000026c54                _fflush_r
 .text.std      0x0000000000026ccc       0x48 C:/ncs/toolchains/ce3b5ff664/opt/zephyr-sdk/arm-zephyr-eabi/arm-zephyr-eabi/lib/thumb/v8-m.main+fp/hard\libc_nano.a(lib_a-findfp.o)
 .text._cleanup_r
                0x0000000000026d14        0xc C:/ncs/toolchains/ce3b5ff664/opt/zephyr-sdk/arm-zephyr-eabi/arm-zephyr-eabi/lib/thumb/v8-m.main+fp/hard\libc_nano.a(lib_a-findfp.o)
                0x0000000000026d14                _cleanup_r
 .text.__sfp_lock_acquire
                0x0000000000026d20        0xc C:/ncs/toolchains/ce3b5ff664/opt/zephyr-sdk/arm-zephyr-eabi/arm-zephyr-eabi/lib/thumb/v8-m.main+fp/hard\libc_nano.a(lib_a-findfp.o)
                0x0000000000026d20                __sfp_lock_acquire
 .text.__sfp_lock_release
                0x0000000000026d2c        0xc C:/ncs/toolchains/ce3b5ff664/opt/zephyr-sdk/arm-zephyr-eabi/arm-zephyr-eabi/lib/thumb/v8-m.main+fp/hard\libc_nano.a(lib_a-findfp.o)
                0x0000000000026d2c                __sfp_lock_release
 .text.__sinit_lock_acquire
                0x0000000000026d38        0xc C:/ncs/toolchains/ce3b5ff664/opt/zephyr-sdk/arm-zephyr-eabi/arm-zephyr-eabi/lib/thumb/v8-m.main+fp/hard\libc_nano.a(lib_a-findfp.o)
                0x0000000000026d38                __sinit_lock_acquire
 .text.__sinit_lock_release
                0x0000000000026d44        0xc C:/ncs/toolchains/ce3b5ff664/opt/zephyr-sdk/arm-zephyr-eabi/arm-zephyr-eabi/lib/thumb/v8-m.main+fp/hard\libc_nano.a(lib_a-findfp.o)
                0x0000000000026d44                __sinit_lock_release
 .text.__sinit  0x0000000000026d50       0x70 C:/ncs/toolchains/ce3b5ff664/opt/zephyr-sdk/arm-zephyr-eabi/arm-zephyr-eabi/lib/thumb/v8-m.main+fp/hard\libc_nano.a(lib_a-findfp.o)
                0x0000000000026d50                __sinit
 .text.__sfp    0x0000000000026dc0       0x8c C:/ncs/toolchains/ce3b5ff664/opt/zephyr-sdk/arm-zephyr-eabi/arm-zephyr-eabi/lib/thumb/v8-m.main+fp/hard\libc_nano.a(lib_a-findfp.o)
                0x0000000000026dc0                __sfp
 .text.__sfvwrite_r
                0x0000000000026e4c      0x2a0 C:/ncs/toolchains/ce3b5ff664/opt/zephyr-sdk/arm-zephyr-eabi/arm-zephyr-eabi/lib/thumb/v8-m.main+fp/hard\libc_nano.a(lib_a-fvwrite.o)
                0x0000000000026e4c                __sfvwrite_r
 .text._localeconv_r
                0x00000000000270ec        0x8 C:/ncs/toolchains/ce3b5ff664/opt/zephyr-sdk/arm-zephyr-eabi/arm-zephyr-eabi/lib/thumb/v8-m.main+fp/hard\libc_nano.a(lib_a-localeconv.o)
                0x00000000000270ec                _localeconv_r
 .text._lseek_r
                0x00000000000270f4       0x24 C:/ncs/toolchains/ce3b5ff664/opt/zephyr-sdk/arm-zephyr-eabi/arm-zephyr-eabi/lib/thumb/v8-m.main+fp/hard\libc_nano.a(lib_a-lseekr.o)
                0x00000000000270f4                _lseek_r
 .text.__smakebuf_r
                0x0000000000027118       0x80 C:/ncs/toolchains/ce3b5ff664/opt/zephyr-sdk/arm-zephyr-eabi/arm-zephyr-eabi/lib/thumb/v8-m.main+fp/hard\libc_nano.a(lib_a-makebuf.o)
                0x0000000000027118                __smakebuf_r
 .text.__malloc_lock
                0x0000000000027198        0xc C:/ncs/toolchains/ce3b5ff664/opt/zephyr-sdk/arm-zephyr-eabi/arm-zephyr-eabi/lib/thumb/v8-m.main+fp/hard\libc_nano.a(lib_a-mlock.o)
                0x0000000000027198                __malloc_lock
 .text.__malloc_unlock
                0x00000000000271a4        0xc C:/ncs/toolchains/ce3b5ff664/opt/zephyr-sdk/arm-zephyr-eabi/arm-zephyr-eabi/lib/thumb/v8-m.main+fp/hard\libc_nano.a(lib_a-mlock.o)
                0x00000000000271a4                __malloc_unlock
 .text._Balloc  0x00000000000271b0       0x80 C:/ncs/toolchains/ce3b5ff664/opt/zephyr-sdk/arm-zephyr-eabi/arm-zephyr-eabi/lib/thumb/v8-m.main+fp/hard\libc_nano.a(lib_a-mprec.o)
                0x00000000000271b0                _Balloc
 .text._Bfree   0x0000000000027230       0x44 C:/ncs/toolchains/ce3b5ff664/opt/zephyr-sdk/arm-zephyr-eabi/arm-zephyr-eabi/lib/thumb/v8-m.main+fp/hard\libc_nano.a(lib_a-mprec.o)
                0x0000000000027230                _Bfree
 .text.__multadd
                0x0000000000027274       0x90 C:/ncs/toolchains/ce3b5ff664/opt/zephyr-sdk/arm-zephyr-eabi/arm-zephyr-eabi/lib/thumb/v8-m.main+fp/hard\libc_nano.a(lib_a-mprec.o)
                0x0000000000027274                __multadd
 .text.__i2b    0x0000000000027304       0x2c C:/ncs/toolchains/ce3b5ff664/opt/zephyr-sdk/arm-zephyr-eabi/arm-zephyr-eabi/lib/thumb/v8-m.main+fp/hard\libc_nano.a(lib_a-mprec.o)
                0x0000000000027304                __i2b
 .text.__multiply
                0x0000000000027330      0x154 C:/ncs/toolchains/ce3b5ff664/opt/zephyr-sdk/arm-zephyr-eabi/arm-zephyr-eabi/lib/thumb/v8-m.main+fp/hard\libc_nano.a(lib_a-mprec.o)
                0x0000000000027330                __multiply
 .text.__pow5mult
                0x0000000000027484       0xb4 C:/ncs/toolchains/ce3b5ff664/opt/zephyr-sdk/arm-zephyr-eabi/arm-zephyr-eabi/lib/thumb/v8-m.main+fp/hard\libc_nano.a(lib_a-mprec.o)
                0x0000000000027484                __pow5mult
 .text.__lshift
                0x0000000000027538       0xd8 C:/ncs/toolchains/ce3b5ff664/opt/zephyr-sdk/arm-zephyr-eabi/arm-zephyr-eabi/lib/thumb/v8-m.main+fp/hard\libc_nano.a(lib_a-mprec.o)
                0x0000000000027538                __lshift
 .text.__mdiff  0x0000000000027610      0x130 C:/ncs/toolchains/ce3b5ff664/opt/zephyr-sdk/arm-zephyr-eabi/arm-zephyr-eabi/lib/thumb/v8-m.main+fp/hard\libc_nano.a(lib_a-mprec.o)
                0x0000000000027610                __mdiff
 .text.__d2b    0x0000000000027740       0xb0 C:/ncs/toolchains/ce3b5ff664/opt/zephyr-sdk/arm-zephyr-eabi/arm-zephyr-eabi/lib/thumb/v8-m.main+fp/hard\libc_nano.a(lib_a-mprec.o)